Archive member included to satisfy reference by file (symbol)

d:/program files (x86)/truestudio for stm32 9.0.1/armtools/bin/../lib/gcc/arm-atollic-eabi/6.3.1/../../../../arm-atollic-eabi/lib/armv7-m\libc_nano.a(lib_a-init.o)
                              startup\startup_stm32l151xd.o (__libc_init_array)
d:/program files (x86)/truestudio for stm32 9.0.1/armtools/bin/../lib/gcc/arm-atollic-eabi/6.3.1/../../../../arm-atollic-eabi/lib/armv7-m\libc_nano.a(lib_a-memset.o)
                              Drivers\STM32L1xx_HAL_Driver\Src\stm32l1xx_hal_sd.o (memset)
d:/program files (x86)/truestudio for stm32 9.0.1/armtools/bin/../lib/gcc/arm-atollic-eabi/6.3.1/../../../../arm-atollic-eabi/lib/armv7-m\libc_nano.a(lib_a-snprintf.o)
                              Src\stm32l1xx_hal_liquid_crystal.o (snprintf)
d:/program files (x86)/truestudio for stm32 9.0.1/armtools/bin/../lib/gcc/arm-atollic-eabi/6.3.1/../../../../arm-atollic-eabi/lib/armv7-m\libc_nano.a(lib_a-strlen.o)
                              Src\stm32l1xx_hal_liquid_crystal.o (strlen)
d:/program files (x86)/truestudio for stm32 9.0.1/armtools/bin/../lib/gcc/arm-atollic-eabi/6.3.1/../../../../arm-atollic-eabi/lib/armv7-m\libc_nano.a(lib_a-impure.o)
                              d:/program files (x86)/truestudio for stm32 9.0.1/armtools/bin/../lib/gcc/arm-atollic-eabi/6.3.1/../../../../arm-atollic-eabi/lib/armv7-m\libc_nano.a(lib_a-snprintf.o) (_impure_ptr)
d:/program files (x86)/truestudio for stm32 9.0.1/armtools/bin/../lib/gcc/arm-atollic-eabi/6.3.1/../../../../arm-atollic-eabi/lib/armv7-m\libc_nano.a(lib_a-nano-svfprintf.o)
                              d:/program files (x86)/truestudio for stm32 9.0.1/armtools/bin/../lib/gcc/arm-atollic-eabi/6.3.1/../../../../arm-atollic-eabi/lib/armv7-m\libc_nano.a(lib_a-snprintf.o) (_svfprintf_r)
d:/program files (x86)/truestudio for stm32 9.0.1/armtools/bin/../lib/gcc/arm-atollic-eabi/6.3.1/../../../../arm-atollic-eabi/lib/armv7-m\libc_nano.a(lib_a-nano-vfprintf_i.o)
                              d:/program files (x86)/truestudio for stm32 9.0.1/armtools/bin/../lib/gcc/arm-atollic-eabi/6.3.1/../../../../arm-atollic-eabi/lib/armv7-m\libc_nano.a(lib_a-nano-svfprintf.o) (_printf_i)
d:/program files (x86)/truestudio for stm32 9.0.1/armtools/bin/../lib/gcc/arm-atollic-eabi/6.3.1/../../../../arm-atollic-eabi/lib/armv7-m\libc_nano.a(lib_a-memchr-stub.o)
                              d:/program files (x86)/truestudio for stm32 9.0.1/armtools/bin/../lib/gcc/arm-atollic-eabi/6.3.1/../../../../arm-atollic-eabi/lib/armv7-m\libc_nano.a(lib_a-nano-svfprintf.o) (memchr)
d:/program files (x86)/truestudio for stm32 9.0.1/armtools/bin/../lib/gcc/arm-atollic-eabi/6.3.1/../../../../arm-atollic-eabi/lib/armv7-m\libc_nano.a(lib_a-memcpy-stub.o)
                              d:/program files (x86)/truestudio for stm32 9.0.1/armtools/bin/../lib/gcc/arm-atollic-eabi/6.3.1/../../../../arm-atollic-eabi/lib/armv7-m\libc_nano.a(lib_a-nano-svfprintf.o) (memcpy)
d:/program files (x86)/truestudio for stm32 9.0.1/armtools/bin/../lib/gcc/arm-atollic-eabi/6.3.1/../../../../arm-atollic-eabi/lib/armv7-m\libc_nano.a(lib_a-memmove.o)
                              d:/program files (x86)/truestudio for stm32 9.0.1/armtools/bin/../lib/gcc/arm-atollic-eabi/6.3.1/../../../../arm-atollic-eabi/lib/armv7-m\libc_nano.a(lib_a-nano-svfprintf.o) (memmove)
d:/program files (x86)/truestudio for stm32 9.0.1/armtools/bin/../lib/gcc/arm-atollic-eabi/6.3.1/../../../../arm-atollic-eabi/lib/armv7-m\libc_nano.a(lib_a-nano-freer.o)
                              d:/program files (x86)/truestudio for stm32 9.0.1/armtools/bin/../lib/gcc/arm-atollic-eabi/6.3.1/../../../../arm-atollic-eabi/lib/armv7-m\libc_nano.a(lib_a-nano-svfprintf.o) (_free_r)
d:/program files (x86)/truestudio for stm32 9.0.1/armtools/bin/../lib/gcc/arm-atollic-eabi/6.3.1/../../../../arm-atollic-eabi/lib/armv7-m\libc_nano.a(lib_a-nano-mallocr.o)
                              d:/program files (x86)/truestudio for stm32 9.0.1/armtools/bin/../lib/gcc/arm-atollic-eabi/6.3.1/../../../../arm-atollic-eabi/lib/armv7-m\libc_nano.a(lib_a-nano-svfprintf.o) (_malloc_r)
d:/program files (x86)/truestudio for stm32 9.0.1/armtools/bin/../lib/gcc/arm-atollic-eabi/6.3.1/../../../../arm-atollic-eabi/lib/armv7-m\libc_nano.a(lib_a-nano-reallocr.o)
                              d:/program files (x86)/truestudio for stm32 9.0.1/armtools/bin/../lib/gcc/arm-atollic-eabi/6.3.1/../../../../arm-atollic-eabi/lib/armv7-m\libc_nano.a(lib_a-nano-svfprintf.o) (_realloc_r)
d:/program files (x86)/truestudio for stm32 9.0.1/armtools/bin/../lib/gcc/arm-atollic-eabi/6.3.1/../../../../arm-atollic-eabi/lib/armv7-m\libc_nano.a(lib_a-sbrkr.o)
                              d:/program files (x86)/truestudio for stm32 9.0.1/armtools/bin/../lib/gcc/arm-atollic-eabi/6.3.1/../../../../arm-atollic-eabi/lib/armv7-m\libc_nano.a(lib_a-nano-mallocr.o) (_sbrk_r)
[...]
Memory Configuration

Name             Origin             Length             Attributes
RAM              0x20000000         0x0000c000         xrw
FLASH            0x08000000         0x00060000         xr
*default*        0x00000000         0xffffffff

Linker script and memory map

LOAD d:/program files (x86)/truestudio for stm32 9.0.1/armtools/bin/../lib/gcc/arm-atollic-eabi/6.3.1/armv7-m/crti.o
LOAD d:/program files (x86)/truestudio for stm32 9.0.1/armtools/bin/../lib/gcc/arm-atollic-eabi/6.3.1/armv7-m/crtbegin.o
LOAD Drivers\STM32L1xx_HAL_Driver\Src\stm32l1xx_hal.o
LOAD Drivers\STM32L1xx_HAL_Driver\Src\stm32l1xx_hal_adc.o
LOAD Drivers\STM32L1xx_HAL_Driver\Src\stm32l1xx_hal_adc_ex.o
LOAD Drivers\STM32L1xx_HAL_Driver\Src\stm32l1xx_hal_cortex.o
LOAD Drivers\STM32L1xx_HAL_Driver\Src\stm32l1xx_hal_dma.o
LOAD Drivers\STM32L1xx_HAL_Driver\Src\stm32l1xx_hal_flash.o
LOAD Drivers\STM32L1xx_HAL_Driver\Src\stm32l1xx_hal_flash_ex.o
LOAD Drivers\STM32L1xx_HAL_Driver\Src\stm32l1xx_hal_flash_ramfunc.o
LOAD Drivers\STM32L1xx_HAL_Driver\Src\stm32l1xx_hal_gpio.o
LOAD Drivers\STM32L1xx_HAL_Driver\Src\stm32l1xx_hal_pwr.o
LOAD Drivers\STM32L1xx_HAL_Driver\Src\stm32l1xx_hal_pwr_ex.o
LOAD Drivers\STM32L1xx_HAL_Driver\Src\stm32l1xx_hal_rcc.o
LOAD Drivers\STM32L1xx_HAL_Driver\Src\stm32l1xx_hal_rcc_ex.o
LOAD Drivers\STM32L1xx_HAL_Driver\Src\stm32l1xx_hal_sd.o
LOAD Drivers\STM32L1xx_HAL_Driver\Src\stm32l1xx_hal_tim.o
LOAD Drivers\STM32L1xx_HAL_Driver\Src\stm32l1xx_hal_tim_ex.o
LOAD Drivers\STM32L1xx_HAL_Driver\Src\stm32l1xx_hal_uart.o
LOAD Drivers\STM32L1xx_HAL_Driver\Src\stm32l1xx_ll_sdmmc.o
LOAD Middlewares\Third_Party\FatFs\src\diskio.o
LOAD Middlewares\Third_Party\FatFs\src\drivers\sd_diskio.o
LOAD Middlewares\Third_Party\FatFs\src\ff.o
LOAD Middlewares\Third_Party\FatFs\src\ff_gen_drv.o
LOAD Middlewares\Third_Party\FatFs\src\option\syscall.o
LOAD Src\bsp_driver_sd.o
LOAD Src\dwt_stm32_delay.o
LOAD Src\fatfs.o
LOAD Src\main.o
LOAD Src\stm32l1xx_hal_liquid_crystal.o
LOAD Src\stm32l1xx_hal_msp.o
LOAD Src\stm32l1xx_it.o
LOAD Src\system_stm32l1xx.o
LOAD startup\startup_stm32l151xd.o
                0x00000080                malloc_getpagesize_P = 0x80
START GROUP
LOAD d:/program files (x86)/truestudio for stm32 9.0.1/armtools/bin/../lib/gcc/arm-atollic-eabi/6.3.1/../../../../arm-atollic-eabi/lib/armv7-m\libc_nano.a
LOAD d:/program files (x86)/truestudio for stm32 9.0.1/armtools/bin/../lib/gcc/arm-atollic-eabi/6.3.1/../../../../arm-atollic-eabi/lib/armv7-m\libm.a
END GROUP
START GROUP
LOAD d:/program files (x86)/truestudio for stm32 9.0.1/armtools/bin/../lib/gcc/arm-atollic-eabi/6.3.1/armv7-m\libgcc.a
LOAD d:/program files (x86)/truestudio for stm32 9.0.1/armtools/bin/../lib/gcc/arm-atollic-eabi/6.3.1/../../../../arm-atollic-eabi/lib/armv7-m\libc_nano.a
END GROUP
START GROUP
LOAD d:/program files (x86)/truestudio for stm32 9.0.1/armtools/bin/../lib/gcc/arm-atollic-eabi/6.3.1/armv7-m\libgcc.a
LOAD d:/program files (x86)/truestudio for stm32 9.0.1/armtools/bin/../lib/gcc/arm-atollic-eabi/6.3.1/../../../../arm-atollic-eabi/lib/armv7-m\libc_nano.a
LOAD d:/program files (x86)/truestudio for stm32 9.0.1/armtools/bin/../lib/gcc/arm-atollic-eabi/6.3.1/../../../../arm-atollic-eabi/lib/armv7-m\libnosys.a
END GROUP
START GROUP
LOAD d:/program files (x86)/truestudio for stm32 9.0.1/armtools/bin/../lib/gcc/arm-atollic-eabi/6.3.1/armv7-m\libgcc.a
LOAD d:/program files (x86)/truestudio for stm32 9.0.1/armtools/bin/../lib/gcc/arm-atollic-eabi/6.3.1/../../../../arm-atollic-eabi/lib/armv7-m\libc_nano.a
LOAD d:/program files (x86)/truestudio for stm32 9.0.1/armtools/bin/../lib/gcc/arm-atollic-eabi/6.3.1/../../../../arm-atollic-eabi/lib/armv7-m\libnosys.a
END GROUP
LOAD d:/program files (x86)/truestudio for stm32 9.0.1/armtools/bin/../lib/gcc/arm-atollic-eabi/6.3.1/armv7-m/crtend.o
LOAD d:/program files (x86)/truestudio for stm32 9.0.1/armtools/bin/../lib/gcc/arm-atollic-eabi/6.3.1/armv7-m/crtn.o
                0x2000c000                _estack = 0x2000c000
                0x00002000                _Min_Heap_Size = 0x2000
                0x00004000                _Min_Stack_Size = 0x4000

.isr_vector     0x08000000      0x13c
                0x08000000                . = ALIGN (0x4)
 *(.isr_vector)
 .isr_vector    0x08000000      0x13c startup\startup_stm32l151xd.o
                0x08000000                g_pfnVectors
                0x0800013c                . = ALIGN (0x4)

.text           0x08000140     0x5624
                0x08000140                . = ALIGN (0x4)
 *(.text)
 .text          0x08000140       0x40 d:/program files (x86)/truestudio for stm32 9.0.1/armtools/bin/../lib/gcc/arm-atollic-eabi/6.3.1/armv7-m/crtbegin.o
 .text          0x08000180      0x370 d:/program files (x86)/truestudio for stm32 9.0.1/armtools/bin/../lib/gcc/arm-atollic-eabi/6.3.1/armv7-m\libgcc.a(_arm_addsubdf3.o)
                0x08000180                __aeabi_drsub
                0x08000188                __aeabi_dsub
                0x08000188                __subdf3
                0x0800018c                __aeabi_dadd
                0x0800018c                __adddf3
                0x08000404                __floatunsidf
                0x08000404                __aeabi_ui2d
                0x08000424                __floatsidf
                0x08000424                __aeabi_i2d
                0x08000448                __aeabi_f2d
                0x08000448                __extendsfdf2
                0x08000484                __floatundidf
                0x08000484                __aeabi_ul2d
                0x08000494                __floatdidf
                0x08000494                __aeabi_l2d
 .text          0x080004f0      0x424 d:/program files (x86)/truestudio for stm32 9.0.1/armtools/bin/../lib/gcc/arm-atollic-eabi/6.3.1/armv7-m\libgcc.a(_arm_muldivdf3.o)
                0x080004f0                __aeabi_dmul
                0x080004f0                __muldf3
                0x08000744                __divdf3
                0x08000744                __aeabi_ddiv
 .text          0x08000914       0xa0 d:/program files (x86)/truestudio for stm32 9.0.1/armtools/bin/../lib/gcc/arm-atollic-eabi/6.3.1/armv7-m\libgcc.a(_arm_truncdfsf2.o)
                0x08000914                __truncdfsf2
                0x08000914                __aeabi_d2f
 *(.text*)
 .text.HAL_InitTick
                0x080009b4       0x28 Drivers\STM32L1xx_HAL_Driver\Src\stm32l1xx_hal.o
                0x080009b4                HAL_InitTick
 .text.HAL_Init
                0x080009dc       0x16 Drivers\STM32L1xx_HAL_Driver\Src\stm32l1xx_hal.o
                0x080009dc                HAL_Init
 *fill*         0x080009f2        0x2 
 .text.HAL_IncTick
                0x080009f4       0x10 Drivers\STM32L1xx_HAL_Driver\Src\stm32l1xx_hal.o
                0x080009f4                HAL_IncTick
 .text.HAL_GetTick
                0x08000a04        0xc Drivers\STM32L1xx_HAL_Driver\Src\stm32l1xx_hal.o
                0x08000a04                HAL_GetTick
 .text.HAL_Delay
                0x08000a10       0x1a Drivers\STM32L1xx_HAL_Driver\Src\stm32l1xx_hal.o
                0x08000a10                HAL_Delay
 *fill*         0x08000a2a        0x2 
 .text.HAL_ADC_Init
                0x08000a2c      0x17c Drivers\STM32L1xx_HAL_Driver\Src\stm32l1xx_hal_adc.o
                0x08000a2c                HAL_ADC_Init
 .text.HAL_ADC_GetValue
                0x08000ba8        0x6 Drivers\STM32L1xx_HAL_Driver\Src\stm32l1xx_hal_adc.o
                0x08000ba8                HAL_ADC_GetValue
 *fill*         0x08000bae        0x2 
 .text.HAL_ADC_ConfigChannel
                0x08000bb0      0x16c Drivers\STM32L1xx_HAL_Driver\Src\stm32l1xx_hal_adc.o
                0x08000bb0                HAL_ADC_ConfigChannel
 .text.ADC_Enable
                0x08000d1c       0x74 Drivers\STM32L1xx_HAL_Driver\Src\stm32l1xx_hal_adc.o
                0x08000d1c                ADC_Enable
 .text.HAL_ADC_Start
                0x08000d90       0x6e Drivers\STM32L1xx_HAL_Driver\Src\stm32l1xx_hal_adc.o
                0x08000d90                HAL_ADC_Start
 *fill*         0x08000dfe        0x2 
 .text.HAL_NVIC_SetPriorityGrouping
                0x08000e00       0x24 Drivers\STM32L1xx_HAL_Driver\Src\stm32l1xx_hal_cortex.o
                0x08000e00                HAL_NVIC_SetPriorityGrouping
 .text.HAL_NVIC_SetPriority
                0x08000e24       0x68 Drivers\STM32L1xx_HAL_Driver\Src\stm32l1xx_hal_cortex.o
                0x08000e24                HAL_NVIC_SetPriority
 .text.HAL_NVIC_EnableIRQ
                0x08000e8c       0x18 Drivers\STM32L1xx_HAL_Driver\Src\stm32l1xx_hal_cortex.o
                0x08000e8c                HAL_NVIC_EnableIRQ
 .text.HAL_SYSTICK_Config
                0x08000ea4       0x2c Drivers\STM32L1xx_HAL_Driver\Src\stm32l1xx_hal_cortex.o
                0x08000ea4                HAL_SYSTICK_Config
 .text.HAL_SYSTICK_CLKSourceConfig
                0x08000ed0       0x18 Drivers\STM32L1xx_HAL_Driver\Src\stm32l1xx_hal_cortex.o
                0x08000ed0                HAL_SYSTICK_CLKSourceConfig
 .text.HAL_SYSTICK_Callback
                0x08000ee8        0x2 Drivers\STM32L1xx_HAL_Driver\Src\stm32l1xx_hal_cortex.o
                0x08000ee8                HAL_SYSTICK_Callback
 .text.HAL_SYSTICK_IRQHandler
                0x08000eea        0x8 Drivers\STM32L1xx_HAL_Driver\Src\stm32l1xx_hal_cortex.o
                0x08000eea                HAL_SYSTICK_IRQHandler
 *fill*         0x08000ef2        0x2 
 .text.HAL_GPIO_Init
                0x08000ef4      0x1a4 Drivers\STM32L1xx_HAL_Driver\Src\stm32l1xx_hal_gpio.o
                0x08000ef4                HAL_GPIO_Init
 .text.HAL_GPIO_WritePin
                0x08001098        0xa Drivers\STM32L1xx_HAL_Driver\Src\stm32l1xx_hal_gpio.o
                0x08001098                HAL_GPIO_WritePin
 *fill*         0x080010a2        0x2 
 .text.HAL_GPIO_EXTI_IRQHandler
                0x080010a4       0x18 Drivers\STM32L1xx_HAL_Driver\Src\stm32l1xx_hal_gpio.o
                0x080010a4                HAL_GPIO_EXTI_IRQHandler
 .text.RCC_SetFlashLatencyFromMSIRange
                0x080010bc       0x80 Drivers\STM32L1xx_HAL_Driver\Src\stm32l1xx_hal_rcc.o
 .text.HAL_RCC_OscConfig
                0x0800113c      0x6a8 Drivers\STM32L1xx_HAL_Driver\Src\stm32l1xx_hal_rcc.o
                0x0800113c                HAL_RCC_OscConfig
 .text.HAL_RCC_GetSysClockFreq
                0x080017e4       0x8c Drivers\STM32L1xx_HAL_Driver\Src\stm32l1xx_hal_rcc.o
                0x080017e4                HAL_RCC_GetSysClockFreq
 .text.HAL_RCC_ClockConfig
                0x08001870      0x1bc Drivers\STM32L1xx_HAL_Driver\Src\stm32l1xx_hal_rcc.o
                0x08001870                HAL_RCC_ClockConfig
 .text.HAL_RCC_GetHCLKFreq
                0x08001a2c        0xc Drivers\STM32L1xx_HAL_Driver\Src\stm32l1xx_hal_rcc.o
                0x08001a2c                HAL_RCC_GetHCLKFreq
 .text.HAL_RCC_GetPCLK1Freq
                0x08001a38       0x30 Drivers\STM32L1xx_HAL_Driver\Src\stm32l1xx_hal_rcc.o
                0x08001a38                HAL_RCC_GetPCLK1Freq
 .text.HAL_RCC_GetPCLK2Freq
                0x08001a68       0x30 Drivers\STM32L1xx_HAL_Driver\Src\stm32l1xx_hal_rcc.o
                0x08001a68                HAL_RCC_GetPCLK2Freq
 .text.SD_CmdResp2Error
                0x08001a98       0x2c Drivers\STM32L1xx_HAL_Driver\Src\stm32l1xx_hal_sd.o
 .text.SD_IsCardProgramming
                0x08001ac4      0x144 Drivers\STM32L1xx_HAL_Driver\Src\stm32l1xx_hal_sd.o
 .text.SD_CmdResp1Error
                0x08001c08       0xec Drivers\STM32L1xx_HAL_Driver\Src\stm32l1xx_hal_sd.o
 .text.HAL_SD_Get_CardInfo
                0x08001cf4      0x27e Drivers\STM32L1xx_HAL_Driver\Src\stm32l1xx_hal_sd.o
                0x08001cf4                HAL_SD_Get_CardInfo
 *fill*         0x08001f72        0x2 
 .text.HAL_SD_Init
                0x08001f74      0x39c Drivers\STM32L1xx_HAL_Driver\Src\stm32l1xx_hal_sd.o
                0x08001f74                HAL_SD_Init
 .text.HAL_SD_StopTransfer
                0x08002310       0x2e Drivers\STM32L1xx_HAL_Driver\Src\stm32l1xx_hal_sd.o
                0x08002310                HAL_SD_StopTransfer
 .text.HAL_SD_ReadBlocks
                0x0800233e      0x188 Drivers\STM32L1xx_HAL_Driver\Src\stm32l1xx_hal_sd.o
                0x0800233e                HAL_SD_ReadBlocks
 .text.HAL_SD_WriteBlocks
                0x080024c6      0x1e2 Drivers\STM32L1xx_HAL_Driver\Src\stm32l1xx_hal_sd.o
                0x080024c6                HAL_SD_WriteBlocks
 .text.HAL_SD_GetStatus
                0x080026a8       0x46 Drivers\STM32L1xx_HAL_Driver\Src\stm32l1xx_hal_sd.o
                0x080026a8                HAL_SD_GetStatus
 *fill*         0x080026ee        0x2 
 .text.TIM_Base_SetConfig
                0x080026f0       0x84 Drivers\STM32L1xx_HAL_Driver\Src\stm32l1xx_hal_tim.o
 .text.HAL_TIM_Base_Init
                0x08002774       0x34 Drivers\STM32L1xx_HAL_Driver\Src\stm32l1xx_hal_tim.o
                0x08002774                HAL_TIM_Base_Init
 .text.HAL_TIM_Base_Start_IT
                0x080027a8       0x16 Drivers\STM32L1xx_HAL_Driver\Src\stm32l1xx_hal_tim.o
                0x080027a8                HAL_TIM_Base_Start_IT
 .text.HAL_TIM_OC_DelayElapsedCallback
                0x080027be        0x2 Drivers\STM32L1xx_HAL_Driver\Src\stm32l1xx_hal_tim.o
                0x080027be                HAL_TIM_OC_DelayElapsedCallback
 .text.HAL_TIM_IC_CaptureCallback
                0x080027c0        0x2 Drivers\STM32L1xx_HAL_Driver\Src\stm32l1xx_hal_tim.o
                0x080027c0                HAL_TIM_IC_CaptureCallback
 .text.HAL_TIM_PWM_PulseFinishedCallback
                0x080027c2        0x2 Drivers\STM32L1xx_HAL_Driver\Src\stm32l1xx_hal_tim.o
                0x080027c2                HAL_TIM_PWM_PulseFinishedCallback
 .text.HAL_TIM_TriggerCallback
                0x080027c4        0x2 Drivers\STM32L1xx_HAL_Driver\Src\stm32l1xx_hal_tim.o
                0x080027c4                HAL_TIM_TriggerCallback
 .text.HAL_TIM_IRQHandler
                0x080027c6      0x10c Drivers\STM32L1xx_HAL_Driver\Src\stm32l1xx_hal_tim.o
                0x080027c6                HAL_TIM_IRQHandler
 .text.HAL_TIMEx_MasterConfigSynchronization
                0x080028d2       0x44 Drivers\STM32L1xx_HAL_Driver\Src\stm32l1xx_hal_tim_ex.o
                0x080028d2                HAL_TIMEx_MasterConfigSynchronization
 *fill*         0x08002916        0x2 
 .text.UART_SetConfig
                0x08002918      0x244 Drivers\STM32L1xx_HAL_Driver\Src\stm32l1xx_hal_uart.o
 .text.HAL_UART_Init
                0x08002b5c       0x58 Drivers\STM32L1xx_HAL_Driver\Src\stm32l1xx_hal_uart.o
                0x08002b5c                HAL_UART_Init
 .text.SDIO_Init
                0x08002bb4       0x38 Drivers\STM32L1xx_HAL_Driver\Src\stm32l1xx_ll_sdmmc.o
                0x08002bb4                SDIO_Init
 .text.SDIO_ReadFIFO
                0x08002bec        0x6 Drivers\STM32L1xx_HAL_Driver\Src\stm32l1xx_ll_sdmmc.o
                0x08002bec                SDIO_ReadFIFO
 .text.SDIO_WriteFIFO
                0x08002bf2        0xa Drivers\STM32L1xx_HAL_Driver\Src\stm32l1xx_ll_sdmmc.o
                0x08002bf2                SDIO_WriteFIFO
 .text.SDIO_PowerState_ON
                0x08002bfc        0x8 Drivers\STM32L1xx_HAL_Driver\Src\stm32l1xx_ll_sdmmc.o
                0x08002bfc                SDIO_PowerState_ON
 .text.SDIO_GetPowerState
                0x08002c04        0x8 Drivers\STM32L1xx_HAL_Driver\Src\stm32l1xx_ll_sdmmc.o
                0x08002c04                SDIO_GetPowerState
 .text.SDIO_SendCommand
                0x08002c0c       0x26 Drivers\STM32L1xx_HAL_Driver\Src\stm32l1xx_ll_sdmmc.o
                0x08002c0c                SDIO_SendCommand
 .text.SDIO_GetCommandResponse
                0x08002c32        0x6 Drivers\STM32L1xx_HAL_Driver\Src\stm32l1xx_ll_sdmmc.o
                0x08002c32                SDIO_GetCommandResponse
 .text.SDIO_GetResponse
                0x08002c38       0x18 Drivers\STM32L1xx_HAL_Driver\Src\stm32l1xx_ll_sdmmc.o
                0x08002c38                SDIO_GetResponse
 .text.SDIO_DataConfig
                0x08002c50       0x26 Drivers\STM32L1xx_HAL_Driver\Src\stm32l1xx_ll_sdmmc.o
                0x08002c50                SDIO_DataConfig
 *fill*         0x08002c76        0x2 
 .text.disk_status
                0x08002c78       0x14 Middlewares\Third_Party\FatFs\src\diskio.o
                0x08002c78                disk_status
 .text.disk_initialize
                0x08002c8c       0x20 Middlewares\Third_Party\FatFs\src\diskio.o
                0x08002c8c                disk_initialize
 .text.disk_read
                0x08002cac       0x1c Middlewares\Third_Party\FatFs\src\diskio.o
                0x08002cac                disk_read
 .text.disk_write
                0x08002cc8       0x1c Middlewares\Third_Party\FatFs\src\diskio.o
                0x08002cc8                disk_write
 .text.disk_ioctl
                0x08002ce4       0x18 Middlewares\Third_Party\FatFs\src\diskio.o
                0x08002ce4                disk_ioctl
 .text.SD_initialize
                0x08002cfc       0x20 Middlewares\Third_Party\FatFs\src\drivers\sd_diskio.o
                0x08002cfc                SD_initialize
 .text.SD_status
                0x08002d1c       0x20 Middlewares\Third_Party\FatFs\src\drivers\sd_diskio.o
                0x08002d1c                SD_status
 .text.SD_read  0x08002d3c       0x20 Middlewares\Third_Party\FatFs\src\drivers\sd_diskio.o
                0x08002d3c                SD_read
 .text.SD_write
                0x08002d5c       0x20 Middlewares\Third_Party\FatFs\src\drivers\sd_diskio.o
                0x08002d5c                SD_write
 .text.SD_ioctl
                0x08002d7c       0x50 Middlewares\Third_Party\FatFs\src\drivers\sd_diskio.o
                0x08002d7c                SD_ioctl
 .text.mem_cpy  0x08002dcc       0x14 Middlewares\Third_Party\FatFs\src\ff.o
 .text.mem_set  0x08002de0        0xe Middlewares\Third_Party\FatFs\src\ff.o
 *fill*         0x08002dee        0x2 
 .text.chk_lock
                0x08002df0       0x64 Middlewares\Third_Party\FatFs\src\ff.o
 .text.inc_lock
                0x08002e54       0x88 Middlewares\Third_Party\FatFs\src\ff.o
 .text.dec_lock
                0x08002edc       0x38 Middlewares\Third_Party\FatFs\src\ff.o
 .text.clmt_clust
                0x08002f14       0x28 Middlewares\Third_Party\FatFs\src\ff.o
 .text.get_ldnumber
                0x08002f3c       0x30 Middlewares\Third_Party\FatFs\src\ff.o
 .text.validate
                0x08002f6c       0x2e Middlewares\Third_Party\FatFs\src\ff.o
 .text.ld_clust.isra.0
                0x08002f9a       0x1c Middlewares\Third_Party\FatFs\src\ff.o
 .text.sync_window.part.2
                0x08002fb6       0x52 Middlewares\Third_Party\FatFs\src\ff.o
 .text.sync_window
                0x08003008        0xe Middlewares\Third_Party\FatFs\src\ff.o
 .text.sync_fs  0x08003016       0xba Middlewares\Third_Party\FatFs\src\ff.o
 .text.move_window
                0x080030d0       0x3a Middlewares\Third_Party\FatFs\src\ff.o
 *fill*         0x0800310a        0x2 
 .text.check_fs
                0x0800310c       0x58 Middlewares\Third_Party\FatFs\src\ff.o
 .text.find_volume
                0x08003164      0x278 Middlewares\Third_Party\FatFs\src\ff.o
 .text.clust2sect
                0x080033dc       0x1c Middlewares\Third_Party\FatFs\src\ff.o
                0x080033dc                clust2sect
 .text.get_fat  0x080033f8       0xc2 Middlewares\Third_Party\FatFs\src\ff.o
                0x080033f8                get_fat
 .text.dir_sdi  0x080034ba       0x9e Middlewares\Third_Party\FatFs\src\ff.o
 .text.put_fat  0x08003558       0xf4 Middlewares\Third_Party\FatFs\src\ff.o
                0x08003558                put_fat
 .text.create_chain
                0x0800364c       0xb2 Middlewares\Third_Party\FatFs\src\ff.o
 .text.dir_next
                0x080036fe      0x11e Middlewares\Third_Party\FatFs\src\ff.o
 .text.follow_path
                0x0800381c      0x1a8 Middlewares\Third_Party\FatFs\src\ff.o
 .text.dir_register
                0x080039c4       0x76 Middlewares\Third_Party\FatFs\src\ff.o
 .text.remove_chain
                0x08003a3a       0x64 Middlewares\Third_Party\FatFs\src\ff.o
 *fill*         0x08003a9e        0x2 
 .text.f_mount  0x08003aa0       0x6c Middlewares\Third_Party\FatFs\src\ff.o
                0x08003aa0                f_mount
 .text.f_open   0x08003b0c      0x1b0 Middlewares\Third_Party\FatFs\src\ff.o
                0x08003b0c                f_open
 .text.f_write  0x08003cbc      0x1e0 Middlewares\Third_Party\FatFs\src\ff.o
                0x08003cbc                f_write
 .text.f_sync   0x08003e9c       0xc0 Middlewares\Third_Party\FatFs\src\ff.o
                0x08003e9c                f_sync
 .text.f_close  0x08003f5c       0x22 Middlewares\Third_Party\FatFs\src\ff.o
                0x08003f5c                f_close
 *fill*         0x08003f7e        0x2 
 .text.FATFS_LinkDriverEx
                0x08003f80       0x44 Middlewares\Third_Party\FatFs\src\ff_gen_drv.o
                0x08003f80                FATFS_LinkDriverEx
 .text.FATFS_LinkDriver
                0x08003fc4        0x6 Middlewares\Third_Party\FatFs\src\ff_gen_drv.o
                0x08003fc4                FATFS_LinkDriver
 *fill*         0x08003fca        0x2 
 .text.BSP_SD_Init
                0x08003fcc       0x28 Src\bsp_driver_sd.o
                0x08003fcc                BSP_SD_Init
 .text.BSP_SD_ReadBlocks
                0x08003ff4       0x24 Src\bsp_driver_sd.o
                0x08003ff4                BSP_SD_ReadBlocks
 .text.BSP_SD_WriteBlocks
                0x08004018       0x24 Src\bsp_driver_sd.o
                0x08004018                BSP_SD_WriteBlocks
 .text.BSP_SD_GetStatus
                0x0800403c        0xc Src\bsp_driver_sd.o
                0x0800403c                BSP_SD_GetStatus
 .text.BSP_SD_GetCardInfo
                0x08004048        0xc Src\bsp_driver_sd.o
                0x08004048                BSP_SD_GetCardInfo
 .text.DWT_Delay_Init
                0x08004054       0x40 Src\dwt_stm32_delay.o
                0x08004054                DWT_Delay_Init
 .text.MX_FATFS_Init
                0x08004094       0x1c Src\fatfs.o
                0x08004094                MX_FATFS_Init
 .text.get_fattime
                0x080040b0        0x4 Src\fatfs.o
                0x080040b0                get_fattime
 .text.SystemClock_Config
                0x080040b4       0x90 Src\main.o
                0x080040b4                SystemClock_Config
 .text.startup.main
                0x08004144      0x324 Src\main.o
                0x08004144                main
 .text.HAL_GPIO_EXTI_Callback
                0x08004468      0x350 Src\main.o
                0x08004468                HAL_GPIO_EXTI_Callback
 .text.HAL_TIM_PeriodElapsedCallback
                0x080047b8       0xb4 Src\main.o
                0x080047b8                HAL_TIM_PeriodElapsedCallback
 .text.DWT_Delay_us
                0x0800486c       0x30 Src\stm32l1xx_hal_liquid_crystal.o
 .text._lcd_init_pins
                0x0800489c       0xe4 Src\stm32l1xx_hal_liquid_crystal.o
                0x0800489c                _lcd_init_pins
 .text._lcd_enable_pulse
                0x08004980       0x30 Src\stm32l1xx_hal_liquid_crystal.o
                0x08004980                _lcd_enable_pulse
 .text._lcd_send_command_4_bit
                0x080049b0       0x44 Src\stm32l1xx_hal_liquid_crystal.o
                0x080049b0                _lcd_send_command_4_bit
 .text._lcd_send_command
                0x080049f4       0x24 Src\stm32l1xx_hal_liquid_crystal.o
                0x080049f4                _lcd_send_command
 .text.LCD_Clear
                0x08004a18       0x12 Src\stm32l1xx_hal_liquid_crystal.o
                0x08004a18                LCD_Clear
 *fill*         0x08004a2a        0x2 
 .text.LCD_DisplayOn
                0x08004a2c       0x18 Src\stm32l1xx_hal_liquid_crystal.o
                0x08004a2c                LCD_DisplayOn
 .text._lcd_cursor_set
                0x08004a44       0x44 Src\stm32l1xx_hal_liquid_crystal.o
                0x08004a44                _lcd_cursor_set
 .text.LCD_Init
                0x08004a88       0x8c Src\stm32l1xx_hal_liquid_crystal.o
                0x08004a88                LCD_Init
 .text._lcd_send_data
                0x08004b14       0x24 Src\stm32l1xx_hal_liquid_crystal.o
                0x08004b14                _lcd_send_data
 .text.LCD_PrintString
                0x08004b38       0x4c Src\stm32l1xx_hal_liquid_crystal.o
                0x08004b38                LCD_PrintString
 .text.LCD_PrintNumber
                0x08004b84       0x28 Src\stm32l1xx_hal_liquid_crystal.o
                0x08004b84                LCD_PrintNumber
 .text.HAL_MspInit
                0x08004bac       0xa0 Src\stm32l1xx_hal_msp.o
                0x08004bac                HAL_MspInit
 .text.HAL_ADC_MspInit
                0x08004c4c       0x44 Src\stm32l1xx_hal_msp.o
                0x08004c4c                HAL_ADC_MspInit
 .text.HAL_SD_MspInit
                0x08004c90       0x68 Src\stm32l1xx_hal_msp.o
                0x08004c90                HAL_SD_MspInit
 .text.HAL_TIM_Base_MspInit
                0x08004cf8       0x3c Src\stm32l1xx_hal_msp.o
                0x08004cf8                HAL_TIM_Base_MspInit
 .text.HAL_UART_MspInit
                0x08004d34       0x4c Src\stm32l1xx_hal_msp.o
                0x08004d34                HAL_UART_MspInit
 .text.NMI_Handler
                0x08004d80        0x2 Src\stm32l1xx_it.o
                0x08004d80                NMI_Handler
 .text.HardFault_Handler
                0x08004d82        0x2 Src\stm32l1xx_it.o
                0x08004d82                HardFault_Handler
 .text.MemManage_Handler
                0x08004d84        0x2 Src\stm32l1xx_it.o
                0x08004d84                MemManage_Handler
 .text.BusFault_Handler
                0x08004d86        0x2 Src\stm32l1xx_it.o
                0x08004d86                BusFault_Handler
 .text.UsageFault_Handler
                0x08004d88        0x2 Src\stm32l1xx_it.o
                0x08004d88                UsageFault_Handler
 .text.SVC_Handler
                0x08004d8a        0x2 Src\stm32l1xx_it.o
                0x08004d8a                SVC_Handler
 .text.DebugMon_Handler
                0x08004d8c        0x2 Src\stm32l1xx_it.o
                0x08004d8c                DebugMon_Handler
 .text.PendSV_Handler
                0x08004d8e        0x2 Src\stm32l1xx_it.o
                0x08004d8e                PendSV_Handler
 .text.SysTick_Handler
                0x08004d90        0xe Src\stm32l1xx_it.o
                0x08004d90                SysTick_Handler
 .text.EXTI9_5_IRQHandler
                0x08004d9e       0x28 Src\stm32l1xx_it.o
                0x08004d9e                EXTI9_5_IRQHandler
 .text.EXTI15_10_IRQHandler
                0x08004dc6        0x8 Src\stm32l1xx_it.o
                0x08004dc6                EXTI15_10_IRQHandler
 *fill*         0x08004dce        0x2 
 .text.TIM7_IRQHandler
                0x08004dd0        0xc Src\stm32l1xx_it.o
                0x08004dd0                TIM7_IRQHandler
 .text.SystemInit
                0x08004ddc       0x48 Src\system_stm32l1xx.o
                0x08004ddc                SystemInit
 .text.Reset_Handler
                0x08004e24       0x48 startup\startup_stm32l151xd.o
                0x08004e24                Reset_Handler
 .text.Default_Handler
                0x08004e6c        0x2 startup\startup_stm32l151xd.o
                0x08004e6c                RTC_Alarm_IRQHandler
                0x08004e6c                EXTI2_IRQHandler
                0x08004e6c                COMP_ACQ_IRQHandler
                0x08004e6c                TIM10_IRQHandler
                0x08004e6c                USB_HP_IRQHandler
                0x08004e6c                TIM6_IRQHandler
                0x08004e6c                PVD_IRQHandler
                0x08004e6c                SDIO_IRQHandler
                0x08004e6c                EXTI3_IRQHandler
                0x08004e6c                EXTI0_IRQHandler
                0x08004e6c                I2C2_EV_IRQHandler
                0x08004e6c                SPI1_IRQHandler
                0x08004e6c                USB_FS_WKUP_IRQHandler
                0x08004e6c                DMA2_Channel2_IRQHandler
                0x08004e6c                DMA1_Channel4_IRQHandler
                0x08004e6c                ADC1_IRQHandler
                0x08004e6c                USART3_IRQHandler
                0x08004e6c                DMA1_Channel7_IRQHandler
                0x08004e6c                UART5_IRQHandler
                0x08004e6c                TIM4_IRQHandler
                0x08004e6c                DMA2_Channel1_IRQHandler
                0x08004e6c                I2C1_EV_IRQHandler
                0x08004e6c                DMA1_Channel6_IRQHandler
                0x08004e6c                UART4_IRQHandler
                0x08004e6c                DMA2_Channel4_IRQHandler
                0x08004e6c                TIM3_IRQHandler
                0x08004e6c                RCC_IRQHandler
                0x08004e6c                DMA1_Channel1_IRQHandler
                0x08004e6c                Default_Handler
                0x08004e6c                TIM5_IRQHandler
                0x08004e6c                TIM9_IRQHandler
                0x08004e6c                TAMPER_STAMP_IRQHandler
                0x08004e6c                RTC_WKUP_IRQHandler
                0x08004e6c                SPI2_IRQHandler
                0x08004e6c                DMA2_Channel5_IRQHandler
                0x08004e6c                DMA1_Channel5_IRQHandler
                0x08004e6c                USB_LP_IRQHandler
                0x08004e6c                EXTI4_IRQHandler
                0x08004e6c                DMA1_Channel3_IRQHandler
                0x08004e6c                COMP_IRQHandler
                0x08004e6c                WWDG_IRQHandler
                0x08004e6c                TIM2_IRQHandler
                0x08004e6c                DAC_IRQHandler
                0x08004e6c                EXTI1_IRQHandler
                0x08004e6c                TIM11_IRQHandler
                0x08004e6c                USART2_IRQHandler
                0x08004e6c                I2C2_ER_IRQHandler
                0x08004e6c                DMA1_Channel2_IRQHandler
                0x08004e6c                FLASH_IRQHandler
                0x08004e6c                USART1_IRQHandler
                0x08004e6c                SPI3_IRQHandler
                0x08004e6c                I2C1_ER_IRQHandler
                0x08004e6c                DMA2_Channel3_IRQHandler
 *fill*         0x08004e6e        0x2 
 .text.__libc_init_array
                0x08004e70       0x48 d:/program files (x86)/truestudio for stm32 9.0.1/armtools/bin/../lib/gcc/arm-atollic-eabi/6.3.1/../../../../arm-atollic-eabi/lib/armv7-m\libc_nano.a(lib_a-init.o)
                0x08004e70                __libc_init_array
 .text.snprintf
                0x08004eb8       0x68 d:/program files (x86)/truestudio for stm32 9.0.1/armtools/bin/../lib/gcc/arm-atollic-eabi/6.3.1/../../../../arm-atollic-eabi/lib/armv7-m\libc_nano.a(lib_a-snprintf.o)
                0x08004eb8                sniprintf
                0x08004eb8                snprintf
 .text.__ssputs_r
                0x08004f20       0xb6 d:/program files (x86)/truestudio for stm32 9.0.1/armtools/bin/../lib/gcc/arm-atollic-eabi/6.3.1/../../../../arm-atollic-eabi/lib/armv7-m\libc_nano.a(lib_a-nano-svfprintf.o)
                0x08004f20                __ssputs_r
 *fill*         0x08004fd6        0x2 
 .text._svfprintf_r
                0x08004fd8      0x1e8 d:/program files (x86)/truestudio for stm32 9.0.1/armtools/bin/../lib/gcc/arm-atollic-eabi/6.3.1/../../../../arm-atollic-eabi/lib/armv7-m\libc_nano.a(lib_a-nano-svfprintf.o)
                0x08004fd8                _svfiprintf_r
                0x08004fd8                _svfprintf_r
 .text._printf_common
                0x080051c0       0xee d:/program files (x86)/truestudio for stm32 9.0.1/armtools/bin/../lib/gcc/arm-atollic-eabi/6.3.1/../../../../arm-atollic-eabi/lib/armv7-m\libc_nano.a(lib_a-nano-vfprintf_i.o)
                0x080051c0                _printf_common
 *fill*         0x080052ae        0x2 
 .text._printf_i
                0x080052b0      0x240 d:/program files (x86)/truestudio for stm32 9.0.1/armtools/bin/../lib/gcc/arm-atollic-eabi/6.3.1/../../../../arm-atollic-eabi/lib/armv7-m\libc_nano.a(lib_a-nano-vfprintf_i.o)
                0x080052b0                _printf_i
 .text.memchr   0x080054f0       0x1c d:/program files (x86)/truestudio for stm32 9.0.1/armtools/bin/../lib/gcc/arm-atollic-eabi/6.3.1/../../../../arm-atollic-eabi/lib/armv7-m\libc_nano.a(lib_a-memchr-stub.o)
                0x080054f0                memchr
 .text.memcpy   0x0800550c       0x16 d:/program files (x86)/truestudio for stm32 9.0.1/armtools/bin/../lib/gcc/arm-atollic-eabi/6.3.1/../../../../arm-atollic-eabi/lib/armv7-m\libc_nano.a(lib_a-memcpy-stub.o)
                0x0800550c                memcpy
 .text.memmove  0x08005522       0x34 d:/program files (x86)/truestudio for stm32 9.0.1/armtools/bin/../lib/gcc/arm-atollic-eabi/6.3.1/../../../../arm-atollic-eabi/lib/armv7-m\libc_nano.a(lib_a-memmove.o)
                0x08005522                memmove
 *fill*         0x08005556        0x2 
 .text._free_r  0x08005558       0x98 d:/program files (x86)/truestudio for stm32 9.0.1/armtools/bin/../lib/gcc/arm-atollic-eabi/6.3.1/../../../../arm-atollic-eabi/lib/armv7-m\libc_nano.a(lib_a-nano-freer.o)
                0x08005558                _free_r
 .text._malloc_r
                0x080055f0       0xbc d:/program files (x86)/truestudio for stm32 9.0.1/armtools/bin/../lib/gcc/arm-atollic-eabi/6.3.1/../../../../arm-atollic-eabi/lib/armv7-m\libc_nano.a(lib_a-nano-mallocr.o)
                0x080055f0                _malloc_r
 .text._realloc_r
                0x080056ac       0x4c d:/program files (x86)/truestudio for stm32 9.0.1/armtools/bin/../lib/gcc/arm-atollic-eabi/6.3.1/../../../../arm-atollic-eabi/lib/armv7-m\libc_nano.a(lib_a-nano-reallocr.o)
                0x080056ac                _realloc_r
 .text._sbrk_r  0x080056f8       0x20 d:/program files (x86)/truestudio for stm32 9.0.1/armtools/bin/../lib/gcc/arm-atollic-eabi/6.3.1/../../../../arm-atollic-eabi/lib/armv7-m\libc_nano.a(lib_a-sbrkr.o)
                0x080056f8                _sbrk_r
 .text.__malloc_lock
                0x08005718        0x2 d:/program files (x86)/truestudio for stm32 9.0.1/armtools/bin/../lib/gcc/arm-atollic-eabi/6.3.1/../../../../arm-atollic-eabi/lib/armv7-m\libc_nano.a(lib_a-mlock.o)
                0x08005718                __malloc_lock
 .text.__malloc_unlock
                0x0800571a        0x2 d:/program files (x86)/truestudio for stm32 9.0.1/armtools/bin/../lib/gcc/arm-atollic-eabi/6.3.1/../../../../arm-atollic-eabi/lib/armv7-m\libc_nano.a(lib_a-mlock.o)
                0x0800571a                __malloc_unlock
 .text._malloc_usable_size_r
                0x0800571c       0x12 d:/program files (x86)/truestudio for stm32 9.0.1/armtools/bin/../lib/gcc/arm-atollic-eabi/6.3.1/../../../../arm-atollic-eabi/lib/armv7-m\libc_nano.a(lib_a-nano-msizer.o)
                0x0800571c                _malloc_usable_size_r
 *fill*         0x0800572e        0x2 
 .text._sbrk    0x08005730       0x1c d:/program files (x86)/truestudio for stm32 9.0.1/armtools/bin/../lib/gcc/arm-atollic-eabi/6.3.1/../../../../arm-atollic-eabi/lib/armv7-m\libnosys.a(sbrk.o)
                0x08005730                _sbrk
 *(.glue_7)
 .glue_7        0x0800574c        0x0 linker stubs
 *(.glue_7t)
 .glue_7t       0x0800574c        0x0 linker stubs
 *(.eh_frame)
 .eh_frame      0x0800574c        0x0 d:/program files (x86)/truestudio for stm32 9.0.1/armtools/bin/../lib/gcc/arm-atollic-eabi/6.3.1/armv7-m/crtbegin.o
 *(.init)
 .init          0x0800574c        0x4 d:/program files (x86)/truestudio for stm32 9.0.1/armtools/bin/../lib/gcc/arm-atollic-eabi/6.3.1/armv7-m/crti.o
                0x0800574c                _init
 .init          0x08005750        0x8 d:/program files (x86)/truestudio for stm32 9.0.1/armtools/bin/../lib/gcc/arm-atollic-eabi/6.3.1/armv7-m/crtn.o
 *(.fini)
 .fini          0x08005758        0x4 d:/program files (x86)/truestudio for stm32 9.0.1/armtools/bin/../lib/gcc/arm-atollic-eabi/6.3.1/armv7-m/crti.o
                0x08005758                _fini
 .fini          0x0800575c        0x8 d:/program files (x86)/truestudio for stm32 9.0.1/armtools/bin/../lib/gcc/arm-atollic-eabi/6.3.1/armv7-m/crtn.o
                0x08005764                . = ALIGN (0x4)
                0x08005764                _etext = .

.vfp11_veneer   0x08005764        0x0
 .vfp11_veneer  0x08005764        0x0 linker stubs

.v4_bx          0x08005764        0x0
 .v4_bx         0x08005764        0x0 linker stubs

.iplt           0x08005764        0x0
 .iplt          0x08005764        0x0 d:/program files (x86)/truestudio for stm32 9.0.1/armtools/bin/../lib/gcc/arm-atollic-eabi/6.3.1/armv7-m/crtbegin.o

.rodata         0x08005764      0x20c
                0x08005764                . = ALIGN (0x4)
 *(.rodata)
 .rodata        0x08005764        0xa Src\main.o
 *(.rodata*)
 *fill*         0x0800576e        0x2 
 .rodata.SD_Driver
                0x08005770       0x14 Middlewares\Third_Party\FatFs\src\drivers\sd_diskio.o
                0x08005770                SD_Driver
 .rodata.ExCvt  0x08005784       0x80 Middlewares\Third_Party\FatFs\src\ff.o
 .rodata.follow_path.str1.1
                0x08005804        0xf Middlewares\Third_Party\FatFs\src\ff.o
 .rodata.HAL_GPIO_EXTI_Callback.str1.1
                0x08005813       0xab Src\main.o
 .rodata.main.str1.1
                0x080058be       0x5b Src\main.o
 .rodata.LCD_PrintNumber.str1.1
                0x08005919        0x3 Src\stm32l1xx_hal_liquid_crystal.o
 .rodata.AHBPrescTable
                0x0800591c       0x10 Src\system_stm32l1xx.o
                0x0800591c                AHBPrescTable
 .rodata.APBPrescTable
                0x0800592c        0x8 Src\system_stm32l1xx.o
                0x0800592c                APBPrescTable
 .rodata.PLLMulTable
                0x08005934        0x9 Src\system_stm32l1xx.o
                0x08005934                PLLMulTable
 .rodata._svfprintf_r.str1.1
                0x0800593d       0x11 d:/program files (x86)/truestudio for stm32 9.0.1/armtools/bin/../lib/gcc/arm-atollic-eabi/6.3.1/../../../../arm-atollic-eabi/lib/armv7-m\libc_nano.a(lib_a-nano-svfprintf.o)
 .rodata._printf_i.str1.1
                0x0800594e       0x22 d:/program files (x86)/truestudio for stm32 9.0.1/armtools/bin/../lib/gcc/arm-atollic-eabi/6.3.1/../../../../arm-atollic-eabi/lib/armv7-m\libc_nano.a(lib_a-nano-vfprintf_i.o)
                0x08005970                . = ALIGN (0x4)

.rel.dyn        0x08005970        0x0
 .rel.iplt      0x08005970        0x0 d:/program files (x86)/truestudio for stm32 9.0.1/armtools/bin/../lib/gcc/arm-atollic-eabi/6.3.1/armv7-m/crtbegin.o

.ARM.extab
 *(.ARM.extab* .gnu.linkonce.armextab.*)

.ARM            0x08005970        0x0
                0x08005970                __exidx_start = .
 *(.ARM.exidx*)
                0x08005970                __exidx_end = .

.preinit_array  0x08005970        0x0
                0x08005970                PROVIDE (__preinit_array_start, .)
 *(.preinit_array*)
                0x08005970                PROVIDE (__preinit_array_end, .)

.init_array     0x08005970        0x4
                0x08005970                PROVIDE (__init_array_start, .)
 *(SORT(.init_array.*))
 *(.init_array*)
 .init_array    0x08005970        0x4 d:/program files (x86)/truestudio for stm32 9.0.1/armtools/bin/../lib/gcc/arm-atollic-eabi/6.3.1/armv7-m/crtbegin.o
                0x08005974                PROVIDE (__init_array_end, .)

.fini_array     0x08005974        0x4
                [!provide]                PROVIDE (__fini_array_start, .)
 *(SORT(.fini_array.*))
 *(.fini_array*)
 .fini_array    0x08005974        0x4 d:/program files (x86)/truestudio for stm32 9.0.1/armtools/bin/../lib/gcc/arm-atollic-eabi/6.3.1/armv7-m/crtbegin.o
                [!provide]                PROVIDE (__fini_array_end, .)
                0x08005978                _sidata = LOADADDR (.data)

.data           0x20000000       0x74 load address 0x08005978
                0x20000000                . = ALIGN (0x4)
                0x20000000                _sdata = .
 *(.data)
 *(.data*)
 .data.Stat     0x20000000        0x1 Middlewares\Third_Party\FatFs\src\drivers\sd_diskio.o
 .data.czaspomiaru
                0x20000001        0x1 Src\main.o
                0x20000001                czaspomiaru
 .data.menu     0x20000002        0x1 Src\main.o
                0x20000002                menu
 .data.progwyzwalania
                0x20000003        0x1 Src\main.o
                0x20000003                progwyzwalania
 .data.test     0x20000004        0x4 Src\main.o
                0x20000004                test
 .data.zapis    0x20000008        0x1 Src\main.o
                0x20000008                zapis
 *fill*         0x20000009        0x3 
 .data.SystemCoreClock
                0x2000000c        0x4 Src\system_stm32l1xx.o
                0x2000000c                SystemCoreClock
 .data._impure_ptr
                0x20000010        0x4 d:/program files (x86)/truestudio for stm32 9.0.1/armtools/bin/../lib/gcc/arm-atollic-eabi/6.3.1/../../../../arm-atollic-eabi/lib/armv7-m\libc_nano.a(lib_a-impure.o)
                0x20000010                _impure_ptr
 .data.impure_data
                0x20000014       0x60 d:/program files (x86)/truestudio for stm32 9.0.1/armtools/bin/../lib/gcc/arm-atollic-eabi/6.3.1/../../../../arm-atollic-eabi/lib/armv7-m\libc_nano.a(lib_a-impure.o)
                0x20000074                . = ALIGN (0x4)
                0x20000074                _edata = .

.igot.plt       0x20000074        0x0 load address 0x080059ec
 .igot.plt      0x20000074        0x0 d:/program files (x86)/truestudio for stm32 9.0.1/armtools/bin/../lib/gcc/arm-atollic-eabi/6.3.1/armv7-m/crtbegin.o
                0x20000074                . = ALIGN (0x4)

.bss            0x20000078      0x6c8 load address 0x080059ec
                0x20000078                _sbss = .
                0x20000078                __bss_start__ = _sbss
 *(.bss)
 .bss           0x20000078       0x1c d:/program files (x86)/truestudio for stm32 9.0.1/armtools/bin/../lib/gcc/arm-atollic-eabi/6.3.1/armv7-m/crtbegin.o
 *(.bss*)
 .bss.FatFs     0x20000094        0x4 Middlewares\Third_Party\FatFs\src\ff.o
 .bss.Files     0x20000098       0x18 Middlewares\Third_Party\FatFs\src\ff.o
 .bss.Fsid      0x200000b0        0x2 Middlewares\Third_Party\FatFs\src\ff.o
 *fill*         0x200000b2        0x2 
 .bss.disk      0x200000b4        0xc Middlewares\Third_Party\FatFs\src\ff_gen_drv.o
                0x200000b4                disk
 .bss.guzik     0x200000c0        0x1 Src\main.o
                0x200000c0                guzik
 .bss.i         0x200000c1        0x1 Src\main.o
                0x200000c1                i
 *fill*         0x200000c2        0x2 
 .bss.myBytes   0x200000c4        0x4 Src\main.o
                0x200000c4                myBytes
 .bss.pomiarstart
                0x200000c8        0x4 Src\main.o
                0x200000c8                pomiarstart
 .bss.zapiszdo1
                0x200000cc        0x1 Src\main.o
                0x200000cc                zapiszdo1
 .bss._lcd_options
                0x200000cd        0x7 Src\stm32l1xx_hal_liquid_crystal.o
 .bss.__malloc_free_list
                0x200000d4        0x4 d:/program files (x86)/truestudio for stm32 9.0.1/armtools/bin/../lib/gcc/arm-atollic-eabi/6.3.1/../../../../arm-atollic-eabi/lib/armv7-m\libc_nano.a(lib_a-nano-mallocr.o)
                0x200000d4                __malloc_free_list
 .bss.__malloc_sbrk_start
                0x200000d8        0x4 d:/program files (x86)/truestudio for stm32 9.0.1/armtools/bin/../lib/gcc/arm-atollic-eabi/6.3.1/../../../../arm-atollic-eabi/lib/armv7-m\libc_nano.a(lib_a-nano-mallocr.o)
                0x200000d8                __malloc_sbrk_start
 .bss.heap_end.4116
                0x200000dc        0x4 d:/program files (x86)/truestudio for stm32 9.0.1/armtools/bin/../lib/gcc/arm-atollic-eabi/6.3.1/../../../../arm-atollic-eabi/lib/armv7-m\libnosys.a(sbrk.o)
 *(COMMON)
 COMMON         0x200000e0        0x4 Drivers\STM32L1xx_HAL_Driver\Src\stm32l1xx_hal.o
                0x200000e0                uwTick
 COMMON         0x200000e4        0x5 Src\fatfs.o
                0x200000e4                retSD
                0x200000e5                SD_Path
 *fill*         0x200000e9        0x7 
 COMMON         0x200000f0      0x64c Src\main.o
                0x200000f0                wynikpomiaru
                0x20000120                myFile
                0x2000034c                PomiarADC
                0x20000350                nrprobki
                0x20000354                myFATFS
                0x20000588                SDCardInfo
                0x200005e0                huart1
                0x20000620                wynikpomiaru1
                0x20000650                hsd
                0x200006b0                hadc
                0x20000704                htim7
 COMMON         0x2000073c        0x4 d:/program files (x86)/truestudio for stm32 9.0.1/armtools/bin/../lib/gcc/arm-atollic-eabi/6.3.1/../../../../arm-atollic-eabi/lib/armv7-m\libc_nano.a(lib_a-reent.o)
                0x2000073c                errno
                0x20000740                . = ALIGN (0x4)
                0x20000740                _ebss = .
                0x20000740                __bss_end__ = _ebss

._user_heap_stack
                0x20000740     0x6000 load address 0x080059ec
                0x20000740                . = ALIGN (0x4)
                0x20000740                PROVIDE (end, .)
                [!provide]                PROVIDE (_end, .)
                0x20002740                . = (. + _Min_Heap_Size)
 *fill*         0x20000740     0x2000 
                0x20006740                . = (. + _Min_Stack_Size)
 *fill*         0x20002740     0x4000 
                0x20006740                . = ALIGN (0x4)

/DISCARD/
 libc.a(*)
 libm.a(*)
 libgcc.a(*)

.ARM.attributes
                0x00000000       0x29
 *(.ARM.attributes)
 .ARM.attributes
                0x00000000       0x1d d:/program files (x86)/truestudio for stm32 9.0.1/armtools/bin/../lib/gcc/arm-atollic-eabi/6.3.1/armv7-m/crti.o
 .ARM.attributes
                0x0000001d       0x2d d:/program files (x86)/truestudio for stm32 9.0.1/armtools/bin/../lib/gcc/arm-atollic-eabi/6.3.1/armv7-m/crtbegin.o
 .ARM.attributes
                0x0000004a       0x33 Drivers\STM32L1xx_HAL_Driver\Src\stm32l1xx_hal.o
 .ARM.attributes
                0x0000007d       0x33 Drivers\STM32L1xx_HAL_Driver\Src\stm32l1xx_hal_adc.o
 .ARM.attributes
                0x000000b0       0x33 Drivers\STM32L1xx_HAL_Driver\Src\stm32l1xx_hal_cortex.o
 .ARM.attributes
                0x000000e3       0x33 Drivers\STM32L1xx_HAL_Driver\Src\stm32l1xx_hal_gpio.o
 .ARM.attributes
                0x00000116       0x33 Drivers\STM32L1xx_HAL_Driver\Src\stm32l1xx_hal_rcc.o
 .ARM.attributes
                0x00000149       0x33 Drivers\STM32L1xx_HAL_Driver\Src\stm32l1xx_hal_sd.o
 .ARM.attributes
                0x0000017c       0x33 Drivers\STM32L1xx_HAL_Driver\Src\stm32l1xx_hal_tim.o
 .ARM.attributes
                0x000001af       0x33 Drivers\STM32L1xx_HAL_Driver\Src\stm32l1xx_hal_tim_ex.o
 .ARM.attributes
                0x000001e2       0x33 Drivers\STM32L1xx_HAL_Driver\Src\stm32l1xx_hal_uart.o
 .ARM.attributes
                0x00000215       0x33 Drivers\STM32L1xx_HAL_Driver\Src\stm32l1xx_ll_sdmmc.o
 .ARM.attributes
                0x00000248       0x33 Middlewares\Third_Party\FatFs\src\diskio.o
 .ARM.attributes
                0x0000027b       0x33 Middlewares\Third_Party\FatFs\src\drivers\sd_diskio.o
 .ARM.attributes
                0x000002ae       0x33 Middlewares\Third_Party\FatFs\src\ff.o
 .ARM.attributes
                0x000002e1       0x33 Middlewares\Third_Party\FatFs\src\ff_gen_drv.o
 .ARM.attributes
                0x00000314       0x33 Src\bsp_driver_sd.o
 .ARM.attributes
                0x00000347       0x33 Src\dwt_stm32_delay.o
 .ARM.attributes
                0x0000037a       0x33 Src\fatfs.o
 .ARM.attributes
                0x000003ad       0x33 Src\main.o
 .ARM.attributes
                0x000003e0       0x33 Src\stm32l1xx_hal_liquid_crystal.o
 .ARM.attributes
                0x00000413       0x33 Src\stm32l1xx_hal_msp.o
 .ARM.attributes
                0x00000446       0x33 Src\stm32l1xx_it.o
 .ARM.attributes
                0x00000479       0x33 Src\system_stm32l1xx.o
 .ARM.attributes
                0x000004ac       0x21 startup\startup_stm32l151xd.o
 .ARM.attributes
                0x000004cd       0x2d d:/program files (x86)/truestudio for stm32 9.0.1/armtools/bin/../lib/gcc/arm-atollic-eabi/6.3.1/../../../../arm-atollic-eabi/lib/armv7-m\libc_nano.a(lib_a-init.o)
 .ARM.attributes
                0x000004fa       0x2d d:/program files (x86)/truestudio for stm32 9.0.1/armtools/bin/../lib/gcc/arm-atollic-eabi/6.3.1/../../../../arm-atollic-eabi/lib/armv7-m\libc_nano.a(lib_a-snprintf.o)
 .ARM.attributes
                0x00000527       0x2d d:/program files (x86)/truestudio for stm32 9.0.1/armtools/bin/../lib/gcc/arm-atollic-eabi/6.3.1/../../../../arm-atollic-eabi/lib/armv7-m\libc_nano.a(lib_a-impure.o)
 .ARM.attributes
                0x00000554       0x2d d:/program files (x86)/truestudio for stm32 9.0.1/armtools/bin/../lib/gcc/arm-atollic-eabi/6.3.1/../../../../arm-atollic-eabi/lib/armv7-m\libc_nano.a(lib_a-nano-svfprintf.o)
 .ARM.attributes
                0x00000581       0x2d d:/program files (x86)/truestudio for stm32 9.0.1/armtools/bin/../lib/gcc/arm-atollic-eabi/6.3.1/../../../../arm-atollic-eabi/lib/armv7-m\libc_nano.a(lib_a-nano-vfprintf_i.o)
 .ARM.attributes
                0x000005ae       0x2d d:/program files (x86)/truestudio for stm32 9.0.1/armtools/bin/../lib/gcc/arm-atollic-eabi/6.3.1/../../../../arm-atollic-eabi/lib/armv7-m\libc_nano.a(lib_a-memchr-stub.o)
 .ARM.attributes
                0x000005db       0x2d d:/program files (x86)/truestudio for stm32 9.0.1/armtools/bin/../lib/gcc/arm-atollic-eabi/6.3.1/../../../../arm-atollic-eabi/lib/armv7-m\libc_nano.a(lib_a-memcpy-stub.o)
 .ARM.attributes
                0x00000608       0x2d d:/program files (x86)/truestudio for stm32 9.0.1/armtools/bin/../lib/gcc/arm-atollic-eabi/6.3.1/../../../../arm-atollic-eabi/lib/armv7-m\libc_nano.a(lib_a-memmove.o)
 .ARM.attributes
                0x00000635       0x2d d:/program files (x86)/truestudio for stm32 9.0.1/armtools/bin/../lib/gcc/arm-atollic-eabi/6.3.1/../../../../arm-atollic-eabi/lib/armv7-m\libc_nano.a(lib_a-nano-freer.o)
 .ARM.attributes
                0x00000662       0x2d d:/program files (x86)/truestudio for stm32 9.0.1/armtools/bin/../lib/gcc/arm-atollic-eabi/6.3.1/../../../../arm-atollic-eabi/lib/armv7-m\libc_nano.a(lib_a-nano-mallocr.o)
 .ARM.attributes
                0x0000068f       0x2d d:/program files (x86)/truestudio for stm32 9.0.1/armtools/bin/../lib/gcc/arm-atollic-eabi/6.3.1/../../../../arm-atollic-eabi/lib/armv7-m\libc_nano.a(lib_a-nano-reallocr.o)
 .ARM.attributes
                0x000006bc       0x2d d:/program files (x86)/truestudio for stm32 9.0.1/armtools/bin/../lib/gcc/arm-atollic-eabi/6.3.1/../../../../arm-atollic-eabi/lib/armv7-m\libc_nano.a(lib_a-sbrkr.o)
 .ARM.attributes
                0x000006e9       0x2d d:/program files (x86)/truestudio for stm32 9.0.1/armtools/bin/../lib/gcc/arm-atollic-eabi/6.3.1/../../../../arm-atollic-eabi/lib/armv7-m\libc_nano.a(lib_a-mlock.o)
 .ARM.attributes
                0x00000716       0x2d d:/program files (x86)/truestudio for stm32 9.0.1/armtools/bin/../lib/gcc/arm-atollic-eabi/6.3.1/../../../../arm-atollic-eabi/lib/armv7-m\libc_nano.a(lib_a-nano-msizer.o)
 .ARM.attributes
                0x00000743       0x2d d:/program files (x86)/truestudio for stm32 9.0.1/armtools/bin/../lib/gcc/arm-atollic-eabi/6.3.1/../../../../arm-atollic-eabi/lib/armv7-m\libc_nano.a(lib_a-reent.o)
 .ARM.attributes
                0x00000770       0x1d d:/program files (x86)/truestudio for stm32 9.0.1/armtools/bin/../lib/gcc/arm-atollic-eabi/6.3.1/armv7-m\libgcc.a(_arm_addsubdf3.o)
 .ARM.attributes
                0x0000078d       0x1d d:/program files (x86)/truestudio for stm32 9.0.1/armtools/bin/../lib/gcc/arm-atollic-eabi/6.3.1/armv7-m\libgcc.a(_arm_muldivdf3.o)
 .ARM.attributes
                0x000007aa       0x1d d:/program files (x86)/truestudio for stm32 9.0.1/armtools/bin/../lib/gcc/arm-atollic-eabi/6.3.1/armv7-m\libgcc.a(_arm_truncdfsf2.o)
 .ARM.attributes
                0x000007c7       0x2d d:/program files (x86)/truestudio for stm32 9.0.1/armtools/bin/../lib/gcc/arm-atollic-eabi/6.3.1/../../../../arm-atollic-eabi/lib/armv7-m\libnosys.a(sbrk.o)
 .ARM.attributes
                0x000007f4       0x1d d:/program files (x86)/truestudio for stm32 9.0.1/armtools/bin/../lib/gcc/arm-atollic-eabi/6.3.1/armv7-m/crtn.o
OUTPUT(starycube.elf elf32-littlearm)

.debug_info     0x00000000    0x22712
 .debug_info    0x00000000      0xec3 Drivers\STM32L1xx_HAL_Driver\Src\stm32l1xx_hal.o
 .debug_info    0x00000ec3     0x18b0 Drivers\STM32L1xx_HAL_Driver\Src\stm32l1xx_hal_adc.o
 .debug_info    0x00002773     0x16d1 Drivers\STM32L1xx_HAL_Driver\Src\stm32l1xx_hal_cortex.o
 .debug_info    0x00003e44      0xe9c Drivers\STM32L1xx_HAL_Driver\Src\stm32l1xx_hal_gpio.o
 .debug_info    0x00004ce0     0x1e51 Drivers\STM32L1xx_HAL_Driver\Src\stm32l1xx_hal_rcc.o
 .debug_info    0x00006b31     0x30f9 Drivers\STM32L1xx_HAL_Driver\Src\stm32l1xx_hal_sd.o
 .debug_info    0x00009c2a     0x3a68 Drivers\STM32L1xx_HAL_Driver\Src\stm32l1xx_hal_tim.o
 .debug_info    0x0000d692      0xe8a Drivers\STM32L1xx_HAL_Driver\Src\stm32l1xx_hal_tim_ex.o
 .debug_info    0x0000e51c     0x19e3 Drivers\STM32L1xx_HAL_Driver\Src\stm32l1xx_hal_uart.o
 .debug_info    0x0000feff      0xe88 Drivers\STM32L1xx_HAL_Driver\Src\stm32l1xx_ll_sdmmc.o
 .debug_info    0x00010d87      0xcd9 Middlewares\Third_Party\FatFs\src\diskio.o
 .debug_info    0x00011a60     0x1031 Middlewares\Third_Party\FatFs\src\drivers\sd_diskio.o
 .debug_info    0x00012a91     0x42b8 Middlewares\Third_Party\FatFs\src\ff.o
 .debug_info    0x00016d49      0xd0f Middlewares\Third_Party\FatFs\src\ff_gen_drv.o
 .debug_info    0x00017a58     0x1701 Src\bsp_driver_sd.o
 .debug_info    0x00019159      0xb09 Src\dwt_stm32_delay.o
 .debug_info    0x00019c62      0xb22 Src\fatfs.o
 .debug_info    0x0001a784     0x2ea9 Src\main.o
 .debug_info    0x0001d62d     0x187b Src\stm32l1xx_hal_liquid_crystal.o
 .debug_info    0x0001eea8     0x1c32 Src\stm32l1xx_hal_msp.o
 .debug_info    0x00020ada      0xf5b Src\stm32l1xx_it.o
 .debug_info    0x00021a35      0xc69 Src\system_stm32l1xx.o
 .debug_info    0x0002269e       0x74 startup\startup_stm32l151xd.o

.debug_abbrev   0x00000000     0x3de0
 .debug_abbrev  0x00000000      0x2a4 Drivers\STM32L1xx_HAL_Driver\Src\stm32l1xx_hal.o
 .debug_abbrev  0x000002a4      0x35c Drivers\STM32L1xx_HAL_Driver\Src\stm32l1xx_hal_adc.o
 .debug_abbrev  0x00000600      0x386 Drivers\STM32L1xx_HAL_Driver\Src\stm32l1xx_hal_cortex.o
 .debug_abbrev  0x00000986      0x268 Drivers\STM32L1xx_HAL_Driver\Src\stm32l1xx_hal_gpio.o
 .debug_abbrev  0x00000bee      0x37e Drivers\STM32L1xx_HAL_Driver\Src\stm32l1xx_hal_rcc.o
 .debug_abbrev  0x00000f6c      0x3cb Drivers\STM32L1xx_HAL_Driver\Src\stm32l1xx_hal_sd.o
 .debug_abbrev  0x00001337      0x394 Drivers\STM32L1xx_HAL_Driver\Src\stm32l1xx_hal_tim.o
 .debug_abbrev  0x000016cb      0x1bf Drivers\STM32L1xx_HAL_Driver\Src\stm32l1xx_hal_tim_ex.o
 .debug_abbrev  0x0000188a      0x36c Drivers\STM32L1xx_HAL_Driver\Src\stm32l1xx_hal_uart.o
 .debug_abbrev  0x00001bf6      0x274 Drivers\STM32L1xx_HAL_Driver\Src\stm32l1xx_ll_sdmmc.o
 .debug_abbrev  0x00001e6a      0x23d Middlewares\Third_Party\FatFs\src\diskio.o
 .debug_abbrev  0x000020a7      0x29a Middlewares\Third_Party\FatFs\src\drivers\sd_diskio.o
 .debug_abbrev  0x00002341      0x410 Middlewares\Third_Party\FatFs\src\ff.o
 .debug_abbrev  0x00002751      0x2a5 Middlewares\Third_Party\FatFs\src\ff_gen_drv.o
 .debug_abbrev  0x000029f6      0x323 Src\bsp_driver_sd.o
 .debug_abbrev  0x00002d19      0x187 Src\dwt_stm32_delay.o
 .debug_abbrev  0x00002ea0      0x1e1 Src\fatfs.o
 .debug_abbrev  0x00003081      0x3d6 Src\main.o
 .debug_abbrev  0x00003457      0x311 Src\stm32l1xx_hal_liquid_crystal.o
 .debug_abbrev  0x00003768      0x264 Src\stm32l1xx_hal_msp.o
 .debug_abbrev  0x000039cc      0x238 Src\stm32l1xx_it.o
 .debug_abbrev  0x00003c04      0x1ca Src\system_stm32l1xx.o
 .debug_abbrev  0x00003dce       0x12 startup\startup_stm32l151xd.o

.debug_loc      0x00000000     0xd485
 .debug_loc     0x00000000       0x6a Drivers\STM32L1xx_HAL_Driver\Src\stm32l1xx_hal.o
 .debug_loc     0x0000006a      0x83c Drivers\STM32L1xx_HAL_Driver\Src\stm32l1xx_hal_adc.o
 .debug_loc     0x000008a6      0x48c Drivers\STM32L1xx_HAL_Driver\Src\stm32l1xx_hal_cortex.o
 .debug_loc     0x00000d32      0x319 Drivers\STM32L1xx_HAL_Driver\Src\stm32l1xx_hal_gpio.o
 .debug_loc     0x0000104b      0xaf6 Drivers\STM32L1xx_HAL_Driver\Src\stm32l1xx_hal_rcc.o
 .debug_loc     0x00001b41     0x1e94 Drivers\STM32L1xx_HAL_Driver\Src\stm32l1xx_hal_sd.o
 .debug_loc     0x000039d5     0x2fae Drivers\STM32L1xx_HAL_Driver\Src\stm32l1xx_hal_tim.o
 .debug_loc     0x00006983       0x63 Drivers\STM32L1xx_HAL_Driver\Src\stm32l1xx_hal_tim_ex.o
 .debug_loc     0x000069e6      0xdb4 Drivers\STM32L1xx_HAL_Driver\Src\stm32l1xx_hal_uart.o
 .debug_loc     0x0000779a      0x2b0 Drivers\STM32L1xx_HAL_Driver\Src\stm32l1xx_ll_sdmmc.o
 .debug_loc     0x00007a4a      0x1c6 Middlewares\Third_Party\FatFs\src\diskio.o
 .debug_loc     0x00007c10      0x328 Middlewares\Third_Party\FatFs\src\drivers\sd_diskio.o
 .debug_loc     0x00007f38     0x44d3 Middlewares\Third_Party\FatFs\src\ff.o
 .debug_loc     0x0000c40b      0x216 Middlewares\Third_Party\FatFs\src\ff_gen_drv.o
 .debug_loc     0x0000c621      0x38d Src\bsp_driver_sd.o
 .debug_loc     0x0000c9ae      0x147 Src\main.o
 .debug_loc     0x0000caf5      0x727 Src\stm32l1xx_hal_liquid_crystal.o
 .debug_loc     0x0000d21c      0x134 Src\stm32l1xx_hal_msp.o
 .debug_loc     0x0000d350      0x135 Src\system_stm32l1xx.o

.debug_aranges  0x00000000      0xd20
 .debug_aranges
                0x00000000       0xa8 Drivers\STM32L1xx_HAL_Driver\Src\stm32l1xx_hal.o
 .debug_aranges
                0x000000a8       0xc8 Drivers\STM32L1xx_HAL_Driver\Src\stm32l1xx_hal_adc.o
 .debug_aranges
                0x00000170       0xa8 Drivers\STM32L1xx_HAL_Driver\Src\stm32l1xx_hal_cortex.o
 .debug_aranges
                0x00000218       0x58 Drivers\STM32L1xx_HAL_Driver\Src\stm32l1xx_hal_gpio.o
 .debug_aranges
                0x00000270       0x90 Drivers\STM32L1xx_HAL_Driver\Src\stm32l1xx_hal_rcc.o
 .debug_aranges
                0x00000300       0xe8 Drivers\STM32L1xx_HAL_Driver\Src\stm32l1xx_hal_sd.o
 .debug_aranges
                0x000003e8      0x218 Drivers\STM32L1xx_HAL_Driver\Src\stm32l1xx_hal_tim.o
 .debug_aranges
                0x00000600       0x28 Drivers\STM32L1xx_HAL_Driver\Src\stm32l1xx_hal_tim_ex.o
 .debug_aranges
                0x00000628      0x108 Drivers\STM32L1xx_HAL_Driver\Src\stm32l1xx_hal_uart.o
 .debug_aranges
                0x00000730       0x78 Drivers\STM32L1xx_HAL_Driver\Src\stm32l1xx_ll_sdmmc.o
 .debug_aranges
                0x000007a8       0x48 Middlewares\Third_Party\FatFs\src\diskio.o
 .debug_aranges
                0x000007f0       0x40 Middlewares\Third_Party\FatFs\src\drivers\sd_diskio.o
 .debug_aranges
                0x00000830      0x1b0 Middlewares\Third_Party\FatFs\src\ff.o
 .debug_aranges
                0x000009e0       0x40 Middlewares\Third_Party\FatFs\src\ff_gen_drv.o
 .debug_aranges
                0x00000a20       0x90 Src\bsp_driver_sd.o
 .debug_aranges
                0x00000ab0       0x20 Src\dwt_stm32_delay.o
 .debug_aranges
                0x00000ad0       0x28 Src\fatfs.o
 .debug_aranges
                0x00000af8       0x40 Src\main.o
 .debug_aranges
                0x00000b38       0xd8 Src\stm32l1xx_hal_liquid_crystal.o
 .debug_aranges
                0x00000c10       0x60 Src\stm32l1xx_hal_msp.o
 .debug_aranges
                0x00000c70       0x60 Src\stm32l1xx_it.o
 .debug_aranges
                0x00000cd0       0x28 Src\system_stm32l1xx.o
 .debug_aranges
                0x00000cf8       0x28 startup\startup_stm32l151xd.o

.debug_ranges   0x00000000     0x13b0
 .debug_ranges  0x00000000       0x98 Drivers\STM32L1xx_HAL_Driver\Src\stm32l1xx_hal.o
 .debug_ranges  0x00000098       0xd0 Drivers\STM32L1xx_HAL_Driver\Src\stm32l1xx_hal_adc.o
 .debug_ranges  0x00000168      0x140 Drivers\STM32L1xx_HAL_Driver\Src\stm32l1xx_hal_cortex.o
 .debug_ranges  0x000002a8       0x68 Drivers\STM32L1xx_HAL_Driver\Src\stm32l1xx_hal_gpio.o
 .debug_ranges  0x00000310      0x2a8 Drivers\STM32L1xx_HAL_Driver\Src\stm32l1xx_hal_rcc.o
 .debug_ranges  0x000005b8      0x1d0 Drivers\STM32L1xx_HAL_Driver\Src\stm32l1xx_hal_sd.o
 .debug_ranges  0x00000788      0x310 Drivers\STM32L1xx_HAL_Driver\Src\stm32l1xx_hal_tim.o
 .debug_ranges  0x00000a98       0x18 Drivers\STM32L1xx_HAL_Driver\Src\stm32l1xx_hal_tim_ex.o
 .debug_ranges  0x00000ab0      0x140 Drivers\STM32L1xx_HAL_Driver\Src\stm32l1xx_hal_uart.o
 .debug_ranges  0x00000bf0       0x68 Drivers\STM32L1xx_HAL_Driver\Src\stm32l1xx_ll_sdmmc.o
 .debug_ranges  0x00000c58       0x38 Middlewares\Third_Party\FatFs\src\diskio.o
 .debug_ranges  0x00000c90       0x30 Middlewares\Third_Party\FatFs\src\drivers\sd_diskio.o
 .debug_ranges  0x00000cc0      0x2c8 Middlewares\Third_Party\FatFs\src\ff.o
 .debug_ranges  0x00000f88       0x30 Middlewares\Third_Party\FatFs\src\ff_gen_drv.o
 .debug_ranges  0x00000fb8       0x80 Src\bsp_driver_sd.o
 .debug_ranges  0x00001038       0x10 Src\dwt_stm32_delay.o
 .debug_ranges  0x00001048       0x18 Src\fatfs.o
 .debug_ranges  0x00001060       0xc0 Src\main.o
 .debug_ranges  0x00001120      0x118 Src\stm32l1xx_hal_liquid_crystal.o
 .debug_ranges  0x00001238       0xf0 Src\stm32l1xx_hal_msp.o
 .debug_ranges  0x00001328       0x50 Src\stm32l1xx_it.o
 .debug_ranges  0x00001378       0x18 Src\system_stm32l1xx.o
 .debug_ranges  0x00001390       0x20 startup\startup_stm32l151xd.o

.debug_line     0x00000000     0x85ef
 .debug_line    0x00000000      0x3d5 Drivers\STM32L1xx_HAL_Driver\Src\stm32l1xx_hal.o
 .debug_line    0x000003d5      0x7c3 Drivers\STM32L1xx_HAL_Driver\Src\stm32l1xx_hal_adc.o
 .debug_line    0x00000b98      0x4cc Drivers\STM32L1xx_HAL_Driver\Src\stm32l1xx_hal_cortex.o
 .debug_line    0x00001064      0x460 Drivers\STM32L1xx_HAL_Driver\Src\stm32l1xx_hal_gpio.o
 .debug_line    0x000014c4      0xa18 Drivers\STM32L1xx_HAL_Driver\Src\stm32l1xx_hal_rcc.o
 .debug_line    0x00001edc      0xc00 Drivers\STM32L1xx_HAL_Driver\Src\stm32l1xx_hal_sd.o
 .debug_line    0x00002adc     0x1020 Drivers\STM32L1xx_HAL_Driver\Src\stm32l1xx_hal_tim.o
 .debug_line    0x00003afc      0x32c Drivers\STM32L1xx_HAL_Driver\Src\stm32l1xx_hal_tim_ex.o
 .debug_line    0x00003e28      0xa5b Drivers\STM32L1xx_HAL_Driver\Src\stm32l1xx_hal_uart.o
 .debug_line    0x00004883      0x3a9 Drivers\STM32L1xx_HAL_Driver\Src\stm32l1xx_ll_sdmmc.o
 .debug_line    0x00004c2c      0x2b3 Middlewares\Third_Party\FatFs\src\diskio.o
 .debug_line    0x00004edf      0x34c Middlewares\Third_Party\FatFs\src\drivers\sd_diskio.o
 .debug_line    0x0000522b     0x1146 Middlewares\Third_Party\FatFs\src\ff.o
 .debug_line    0x00006371      0x2ba Middlewares\Third_Party\FatFs\src\ff_gen_drv.o
 .debug_line    0x0000662b      0x3bd Src\bsp_driver_sd.o
 .debug_line    0x000069e8      0x220 Src\dwt_stm32_delay.o
 .debug_line    0x00006c08      0x2ba Src\fatfs.o
 .debug_line    0x00006ec2      0x6ca Src\main.o
 .debug_line    0x0000758c      0x5f4 Src\stm32l1xx_hal_liquid_crystal.o
 .debug_line    0x00007b80      0x429 Src\stm32l1xx_hal_msp.o
 .debug_line    0x00007fa9      0x35f Src\stm32l1xx_it.o
 .debug_line    0x00008308      0x26a Src\system_stm32l1xx.o
 .debug_line    0x00008572       0x7d startup\startup_stm32l151xd.o

.debug_str      0x00000000     0x4f82
 .debug_str     0x00000000      0xb83 Drivers\STM32L1xx_HAL_Driver\Src\stm32l1xx_hal.o
                                0xc44 (size before relaxing)
 .debug_str     0x00000b83      0x6ac Drivers\STM32L1xx_HAL_Driver\Src\stm32l1xx_hal_adc.o
                                0xdf6 (size before relaxing)
 .debug_str     0x0000122f      0x3f0 Drivers\STM32L1xx_HAL_Driver\Src\stm32l1xx_hal_cortex.o
                                0xee6 (size before relaxing)
 .debug_str     0x0000161f      0x1c0 Drivers\STM32L1xx_HAL_Driver\Src\stm32l1xx_hal_gpio.o
                                0x89b (size before relaxing)
 .debug_str     0x000017df      0x381 Drivers\STM32L1xx_HAL_Driver\Src\stm32l1xx_hal_rcc.o
                                0xb03 (size before relaxing)
 .debug_str     0x00001b60      0xf50 Drivers\STM32L1xx_HAL_Driver\Src\stm32l1xx_hal_sd.o
                               0x180a (size before relaxing)
 .debug_str     0x00002ab0      0xe94 Drivers\STM32L1xx_HAL_Driver\Src\stm32l1xx_hal_tim.o
                               0x175e (size before relaxing)
 .debug_str     0x00003944       0xc7 Drivers\STM32L1xx_HAL_Driver\Src\stm32l1xx_hal_tim_ex.o
                                0xaad (size before relaxing)
 .debug_str     0x00003a0b      0x50a Drivers\STM32L1xx_HAL_Driver\Src\stm32l1xx_hal_uart.o
                                0xe09 (size before relaxing)
 .debug_str     0x00003f15       0xcc Drivers\STM32L1xx_HAL_Driver\Src\stm32l1xx_ll_sdmmc.o
                                0x935 (size before relaxing)
 .debug_str     0x00003fe1      0x109 Middlewares\Third_Party\FatFs\src\diskio.o
                                0x723 (size before relaxing)
 .debug_str     0x000040ea       0xcf Middlewares\Third_Party\FatFs\src\drivers\sd_diskio.o
                                0xa5e (size before relaxing)
 .debug_str     0x000041b9      0x54f Middlewares\Third_Party\FatFs\src\ff.o
                                0xc57 (size before relaxing)
 .debug_str     0x00004708       0xa2 Middlewares\Third_Party\FatFs\src\ff_gen_drv.o
                                0x774 (size before relaxing)
 .debug_str     0x000047aa      0x117 Src\bsp_driver_sd.o
                               0x11b7 (size before relaxing)
 .debug_str     0x000048c1       0xe2 Src\dwt_stm32_delay.o
                                0x70f (size before relaxing)
 .debug_str     0x000049a3       0x2b Src\fatfs.o
                                0x6fb (size before relaxing)
 .debug_str     0x000049ce      0x1c7 Src\main.o
                               0x1d34 (size before relaxing)
 .debug_str     0x00004b95      0x28e Src\stm32l1xx_hal_liquid_crystal.o
                                0xb4f (size before relaxing)
 .debug_str     0x00004e23       0x25 Src\stm32l1xx_hal_msp.o
                               0x138f (size before relaxing)
 .debug_str     0x00004e48       0xde Src\stm32l1xx_it.o
                                0xaf0 (size before relaxing)
 .debug_str     0x00004f26       0x5c Src\system_stm32l1xx.o
                                0x729 (size before relaxing)

.comment        0x00000000       0x7c
 .comment       0x00000000       0x7c Drivers\STM32L1xx_HAL_Driver\Src\stm32l1xx_hal.o
                                 0x7d (size before relaxing)
 .comment       0x0000007c       0x7d Drivers\STM32L1xx_HAL_Driver\Src\stm32l1xx_hal_adc.o
 .comment       0x0000007c       0x7d Drivers\STM32L1xx_HAL_Driver\Src\stm32l1xx_hal_cortex.o
 .comment       0x0000007c       0x7d Drivers\STM32L1xx_HAL_Driver\Src\stm32l1xx_hal_gpio.o
 .comment       0x0000007c       0x7d Drivers\STM32L1xx_HAL_Driver\Src\stm32l1xx_hal_rcc.o
 .comment       0x0000007c       0x7d Drivers\STM32L1xx_HAL_Driver\Src\stm32l1xx_hal_sd.o
 .comment       0x0000007c       0x7d Drivers\STM32L1xx_HAL_Driver\Src\stm32l1xx_hal_tim.o
 .comment       0x0000007c       0x7d Drivers\STM32L1xx_HAL_Driver\Src\stm32l1xx_hal_tim_ex.o
 .comment       0x0000007c       0x7d Drivers\STM32L1xx_HAL_Driver\Src\stm32l1xx_hal_uart.o
 .comment       0x0000007c       0x7d Drivers\STM32L1xx_HAL_Driver\Src\stm32l1xx_ll_sdmmc.o
 .comment       0x0000007c       0x7d Middlewares\Third_Party\FatFs\src\diskio.o
 .comment       0x0000007c       0x7d Middlewares\Third_Party\FatFs\src\drivers\sd_diskio.o
 .comment       0x0000007c       0x7d Middlewares\Third_Party\FatFs\src\ff.o
 .comment       0x0000007c       0x7d Middlewares\Third_Party\FatFs\src\ff_gen_drv.o
 .comment       0x0000007c       0x7d Src\bsp_driver_sd.o
 .comment       0x0000007c       0x7d Src\dwt_stm32_delay.o
 .comment       0x0000007c       0x7d Src\fatfs.o
 .comment       0x0000007c       0x7d Src\main.o
 .comment       0x0000007c       0x7d Src\stm32l1xx_hal_liquid_crystal.o
 .comment       0x0000007c       0x7d Src\stm32l1xx_hal_msp.o
 .comment       0x0000007c       0x7d Src\stm32l1xx_it.o
 .comment       0x0000007c       0x7d Src\system_stm32l1xx.o

.debug_frame    0x00000000     0x2b74
 .debug_frame   0x00000000      0x164 Drivers\STM32L1xx_HAL_Driver\Src\stm32l1xx_hal.o
 .debug_frame   0x00000164      0x29c Drivers\STM32L1xx_HAL_Driver\Src\stm32l1xx_hal_adc.o
 .debug_frame   0x00000400      0x158 Drivers\STM32L1xx_HAL_Driver\Src\stm32l1xx_hal_cortex.o
 .debug_frame   0x00000558       0xd4 Drivers\STM32L1xx_HAL_Driver\Src\stm32l1xx_hal_gpio.o
 .debug_frame   0x0000062c      0x160 Drivers\STM32L1xx_HAL_Driver\Src\stm32l1xx_hal_rcc.o
 .debug_frame   0x0000078c      0x3e4 Drivers\STM32L1xx_HAL_Driver\Src\stm32l1xx_hal_sd.o
 .debug_frame   0x00000b70      0x7ec Drivers\STM32L1xx_HAL_Driver\Src\stm32l1xx_hal_tim.o
 .debug_frame   0x0000135c       0x38 Drivers\STM32L1xx_HAL_Driver\Src\stm32l1xx_hal_tim_ex.o
 .debug_frame   0x00001394      0x320 Drivers\STM32L1xx_HAL_Driver\Src\stm32l1xx_hal_uart.o
 .debug_frame   0x000016b4      0x10c Drivers\STM32L1xx_HAL_Driver\Src\stm32l1xx_ll_sdmmc.o
 .debug_frame   0x000017c0       0x94 Middlewares\Third_Party\FatFs\src\diskio.o
 .debug_frame   0x00001854       0x90 Middlewares\Third_Party\FatFs\src\drivers\sd_diskio.o
 .debug_frame   0x000018e4      0x674 Middlewares\Third_Party\FatFs\src\ff.o
 .debug_frame   0x00001f58       0x6c Middlewares\Third_Party\FatFs\src\ff_gen_drv.o
 .debug_frame   0x00001fc4      0x148 Src\bsp_driver_sd.o
 .debug_frame   0x0000210c       0x20 Src\dwt_stm32_delay.o
 .debug_frame   0x0000212c       0x38 Src\fatfs.o
 .debug_frame   0x00002164       0xa4 Src\main.o
 .debug_frame   0x00002208      0x29c Src\stm32l1xx_hal_liquid_crystal.o
 .debug_frame   0x000024a4       0xe8 Src\stm32l1xx_hal_msp.o
 .debug_frame   0x0000258c       0xe8 Src\stm32l1xx_it.o
 .debug_frame   0x00002674       0x38 Src\system_stm32l1xx.o
 .debug_frame   0x000026ac       0x2c d:/program files (x86)/truestudio for stm32 9.0.1/armtools/bin/../lib/gcc/arm-atollic-eabi/6.3.1/../../../../arm-atollic-eabi/lib/armv7-m\libc_nano.a(lib_a-init.o)
 .debug_frame   0x000026d8       0x7c d:/program files (x86)/truestudio for stm32 9.0.1/armtools/bin/../lib/gcc/arm-atollic-eabi/6.3.1/../../../../arm-atollic-eabi/lib/armv7-m\libc_nano.a(lib_a-snprintf.o)
 .debug_frame   0x00002754       0x90 d:/program files (x86)/truestudio for stm32 9.0.1/armtools/bin/../lib/gcc/arm-atollic-eabi/6.3.1/../../../../arm-atollic-eabi/lib/armv7-m\libc_nano.a(lib_a-nano-svfprintf.o)
 .debug_frame   0x000027e4       0x60 d:/program files (x86)/truestudio for stm32 9.0.1/armtools/bin/../lib/gcc/arm-atollic-eabi/6.3.1/../../../../arm-atollic-eabi/lib/armv7-m\libc_nano.a(lib_a-nano-vfprintf_i.o)
 .debug_frame   0x00002844       0x28 d:/program files (x86)/truestudio for stm32 9.0.1/armtools/bin/../lib/gcc/arm-atollic-eabi/6.3.1/../../../../arm-atollic-eabi/lib/armv7-m\libc_nano.a(lib_a-memchr-stub.o)
 .debug_frame   0x0000286c       0x28 d:/program files (x86)/truestudio for stm32 9.0.1/armtools/bin/../lib/gcc/arm-atollic-eabi/6.3.1/../../../../arm-atollic-eabi/lib/armv7-m\libc_nano.a(lib_a-memcpy-stub.o)
 .debug_frame   0x00002894       0x28 d:/program files (x86)/truestudio for stm32 9.0.1/armtools/bin/../lib/gcc/arm-atollic-eabi/6.3.1/../../../../arm-atollic-eabi/lib/armv7-m\libc_nano.a(lib_a-memmove.o)
 .debug_frame   0x000028bc       0x38 d:/program files (x86)/truestudio for stm32 9.0.1/armtools/bin/../lib/gcc/arm-atollic-eabi/6.3.1/../../../../arm-atollic-eabi/lib/armv7-m\libc_nano.a(lib_a-nano-freer.o)
 .debug_frame   0x000028f4       0x2c d:/program files (x86)/truestudio for stm32 9.0.1/armtools/bin/../lib/gcc/arm-atollic-eabi/6.3.1/../../../../arm-atollic-eabi/lib/armv7-m\libc_nano.a(lib_a-nano-mallocr.o)
 .debug_frame   0x00002920       0x3c d:/program files (x86)/truestudio for stm32 9.0.1/armtools/bin/../lib/gcc/arm-atollic-eabi/6.3.1/../../../../arm-atollic-eabi/lib/armv7-m\libc_nano.a(lib_a-nano-reallocr.o)
 .debug_frame   0x0000295c       0x2c d:/program files (x86)/truestudio for stm32 9.0.1/armtools/bin/../lib/gcc/arm-atollic-eabi/6.3.1/../../../../arm-atollic-eabi/lib/armv7-m\libc_nano.a(lib_a-sbrkr.o)
 .debug_frame   0x00002988       0x30 d:/program files (x86)/truestudio for stm32 9.0.1/armtools/bin/../lib/gcc/arm-atollic-eabi/6.3.1/../../../../arm-atollic-eabi/lib/armv7-m\libc_nano.a(lib_a-mlock.o)
 .debug_frame   0x000029b8       0x20 d:/program files (x86)/truestudio for stm32 9.0.1/armtools/bin/../lib/gcc/arm-atollic-eabi/6.3.1/../../../../arm-atollic-eabi/lib/armv7-m\libc_nano.a(lib_a-nano-msizer.o)
 .debug_frame   0x000029d8       0x5c d:/program files (x86)/truestudio for stm32 9.0.1/armtools/bin/../lib/gcc/arm-atollic-eabi/6.3.1/../../../../arm-atollic-eabi/lib/armv7-m\libc_nano.a(lib_a-reent.o)
 .debug_frame   0x00002a34       0xac d:/program files (x86)/truestudio for stm32 9.0.1/armtools/bin/../lib/gcc/arm-atollic-eabi/6.3.1/armv7-m\libgcc.a(_arm_addsubdf3.o)
 .debug_frame   0x00002ae0       0x50 d:/program files (x86)/truestudio for stm32 9.0.1/armtools/bin/../lib/gcc/arm-atollic-eabi/6.3.1/armv7-m\libgcc.a(_arm_muldivdf3.o)
 .debug_frame   0x00002b30       0x24 d:/program files (x86)/truestudio for stm32 9.0.1/armtools/bin/../lib/gcc/arm-atollic-eabi/6.3.1/armv7-m\libgcc.a(_arm_truncdfsf2.o)
 .debug_frame   0x00002b54       0x20 d:/program files (x86)/truestudio for stm32 9.0.1/armtools/bin/../lib/gcc/arm-atollic-eabi/6.3.1/../../../../arm-atollic-eabi/lib/armv7-m\libnosys.a(sbrk.o)
