Archive member included to satisfy reference by file (symbol)

d:/program files (x86)/truestudio for stm32 9.0.1/armtools/bin/../lib/gcc/arm-atollic-eabi/6.3.1/../../../../arm-atollic-eabi/lib/armv7-m\libc_nano.a(lib_a-init.o)
                              startup\startup_stm32l151xd.o (__libc_init_array)
d:/program files (x86)/truestudio for stm32 9.0.1/armtools/bin/../lib/gcc/arm-atollic-eabi/6.3.1/../../../../arm-atollic-eabi/lib/armv7-m\libc_nano.a(lib_a-memset.o)
                              Drivers\STM32L1xx_HAL_Driver\Src\stm32l1xx_hal_sd.o (memset)
d:/program files (x86)/truestudio for stm32 9.0.1/armtools/bin/../lib/gcc/arm-atollic-eabi/6.3.1/../../../../arm-atollic-eabi/lib/armv7-m\libc_nano.a(lib_a-snprintf.o)
                              Src\stm32l1xx_hal_liquid_crystal.o (snprintf)
d:/program files (x86)/truestudio for stm32 9.0.1/armtools/bin/../lib/gcc/arm-atollic-eabi/6.3.1/../../../../arm-atollic-eabi/lib/armv7-m\libc_nano.a(lib_a-sprintf.o)
                              Src\main.o (sprintf)
d:/program files (x86)/truestudio for stm32 9.0.1/armtools/bin/../lib/gcc/arm-atollic-eabi/6.3.1/../../../../arm-atollic-eabi/lib/armv7-m\libc_nano.a(lib_a-strlen.o)
                              Src\stm32l1xx_hal_liquid_crystal.o (strlen)
d:/program files (x86)/truestudio for stm32 9.0.1/armtools/bin/../lib/gcc/arm-atollic-eabi/6.3.1/../../../../arm-atollic-eabi/lib/armv7-m\libc_nano.a(lib_a-impure.o)
                              d:/program files (x86)/truestudio for stm32 9.0.1/armtools/bin/../lib/gcc/arm-atollic-eabi/6.3.1/../../../../arm-atollic-eabi/lib/armv7-m\libc_nano.a(lib_a-snprintf.o) (_impure_ptr)
d:/program files (x86)/truestudio for stm32 9.0.1/armtools/bin/../lib/gcc/arm-atollic-eabi/6.3.1/../../../../arm-atollic-eabi/lib/armv7-m\libc_nano.a(lib_a-nano-svfprintf.o)
                              d:/program files (x86)/truestudio for stm32 9.0.1/armtools/bin/../lib/gcc/arm-atollic-eabi/6.3.1/../../../../arm-atollic-eabi/lib/armv7-m\libc_nano.a(lib_a-snprintf.o) (_svfprintf_r)
d:/program files (x86)/truestudio for stm32 9.0.1/armtools/bin/../lib/gcc/arm-atollic-eabi/6.3.1/../../../../arm-atollic-eabi/lib/armv7-m\libc_nano.a(lib_a-nano-vfprintf_i.o)
                              d:/program files (x86)/truestudio for stm32 9.0.1/armtools/bin/../lib/gcc/arm-atollic-eabi/6.3.1/../../../../arm-atollic-eabi/lib/armv7-m\libc_nano.a(lib_a-nano-svfprintf.o) (_printf_i)
d:/program files (x86)/truestudio for stm32 9.0.1/armtools/bin/../lib/gcc/arm-atollic-eabi/6.3.1/../../../../arm-atollic-eabi/lib/armv7-m\libc_nano.a(lib_a-memchr-stub.o)
                              d:/program files (x86)/truestudio for stm32 9.0.1/armtools/bin/../lib/gcc/arm-atollic-eabi/6.3.1/../../../../arm-atollic-eabi/lib/armv7-m\libc_nano.a(lib_a-nano-svfprintf.o) (memchr)
d:/program files (x86)/truestudio for stm32 9.0.1/armtools/bin/../lib/gcc/arm-atollic-eabi/6.3.1/../../../../arm-atollic-eabi/lib/armv7-m\libc_nano.a(lib_a-memcpy-stub.o)
                              d:/program files (x86)/truestudio for stm32 9.0.1/armtools/bin/../lib/gcc/arm-atollic-eabi/6.3.1/../../../../arm-atollic-eabi/lib/armv7-m\libc_nano.a(lib_a-nano-svfprintf.o) (memcpy)
d:/program files (x86)/truestudio for stm32 9.0.1/armtools/bin/../lib/gcc/arm-atollic-eabi/6.3.1/../../../../arm-atollic-eabi/lib/armv7-m\libc_nano.a(lib_a-memmove.o)
                              d:/program files (x86)/truestudio for stm32 9.0.1/armtools/bin/../lib/gcc/arm-atollic-eabi/6.3.1/../../../../arm-atollic-eabi/lib/armv7-m\libc_nano.a(lib_a-nano-svfprintf.o) (memmove)
d:/program files (x86)/truestudio for stm32 9.0.1/armtools/bin/../lib/gcc/arm-atollic-eabi/6.3.1/../../../../arm-atollic-eabi/lib/armv7-m\libc_nano.a(lib_a-nano-freer.o)
                              d:/program files (x86)/truestudio for stm32 9.0.1/armtools/bin/../lib/gcc/arm-atollic-eabi/6.3.1/../../../../arm-atollic-eabi/lib/armv7-m\libc_nano.a(lib_a-nano-svfprintf.o) (_free_r)
d:/program files (x86)/truestudio for stm32 9.0.1/armtools/bin/../lib/gcc/arm-atollic-eabi/6.3.1/../../../../arm-atollic-eabi/lib/armv7-m\libc_nano.a(lib_a-nano-mallocr.o)
                              d:/program files (x86)/truestudio for stm32 9.0.1/armtools/bin/../lib/gcc/arm-atollic-eabi/6.3.1/../../../../arm-atollic-eabi/lib/armv7-m\libc_nano.a(lib_a-nano-svfprintf.o) (_malloc_r)
d:/program files (x86)/truestudio for stm32 9.0.1/armtools/bin/../lib/gcc/arm-atollic-eabi/6.3.1/../../../../arm-atollic-eabi/lib/armv7-m\libc_nano.a(lib_a-nano-reallocr.o)
                              d:/program files (x86)/truestudio for stm32 9.0.1/armtools/bin/../lib/gcc/arm-atollic-eabi/6.3.1/../../../../arm-atollic-eabi/lib/armv7-m\libc_nano.a(lib_a-nano-svfprintf.o) (_realloc_r)
d:/program files (x86)/truestudio for stm32 9.0.1/armtools/bin/../lib/gcc/arm-atollic-eabi/6.3.1/../../../../arm-atollic-eabi/lib/armv7-m\libc_nano.a(lib_a-sbrkr.o)
[...]
Memory Configuration

Name             Origin             Length             Attributes
RAM              0x20000000         0x0000c000         xrw
FLASH            0x08000000         0x00060000         xr
*default*        0x00000000         0xffffffff

Linker script and memory map

LOAD d:/program files (x86)/truestudio for stm32 9.0.1/armtools/bin/../lib/gcc/arm-atollic-eabi/6.3.1/armv7-m/crti.o
LOAD d:/program files (x86)/truestudio for stm32 9.0.1/armtools/bin/../lib/gcc/arm-atollic-eabi/6.3.1/armv7-m/crtbegin.o
LOAD Drivers\STM32L1xx_HAL_Driver\Src\stm32l1xx_hal.o
LOAD Drivers\STM32L1xx_HAL_Driver\Src\stm32l1xx_hal_adc.o
LOAD Drivers\STM32L1xx_HAL_Driver\Src\stm32l1xx_hal_adc_ex.o
LOAD Drivers\STM32L1xx_HAL_Driver\Src\stm32l1xx_hal_cortex.o
LOAD Drivers\STM32L1xx_HAL_Driver\Src\stm32l1xx_hal_dma.o
LOAD Drivers\STM32L1xx_HAL_Driver\Src\stm32l1xx_hal_flash.o
LOAD Drivers\STM32L1xx_HAL_Driver\Src\stm32l1xx_hal_flash_ex.o
LOAD Drivers\STM32L1xx_HAL_Driver\Src\stm32l1xx_hal_flash_ramfunc.o
LOAD Drivers\STM32L1xx_HAL_Driver\Src\stm32l1xx_hal_gpio.o
LOAD Drivers\STM32L1xx_HAL_Driver\Src\stm32l1xx_hal_pwr.o
LOAD Drivers\STM32L1xx_HAL_Driver\Src\stm32l1xx_hal_pwr_ex.o
LOAD Drivers\STM32L1xx_HAL_Driver\Src\stm32l1xx_hal_rcc.o
LOAD Drivers\STM32L1xx_HAL_Driver\Src\stm32l1xx_hal_rcc_ex.o
LOAD Drivers\STM32L1xx_HAL_Driver\Src\stm32l1xx_hal_sd.o
LOAD Drivers\STM32L1xx_HAL_Driver\Src\stm32l1xx_hal_tim.o
LOAD Drivers\STM32L1xx_HAL_Driver\Src\stm32l1xx_hal_tim_ex.o
LOAD Drivers\STM32L1xx_HAL_Driver\Src\stm32l1xx_hal_uart.o
LOAD Drivers\STM32L1xx_HAL_Driver\Src\stm32l1xx_ll_sdmmc.o
LOAD Middlewares\Third_Party\FatFs\src\diskio.o
LOAD Middlewares\Third_Party\FatFs\src\drivers\sd_diskio.o
LOAD Middlewares\Third_Party\FatFs\src\ff.o
LOAD Middlewares\Third_Party\FatFs\src\ff_gen_drv.o
LOAD Middlewares\Third_Party\FatFs\src\option\syscall.o
LOAD Src\bsp_driver_sd.o
LOAD Src\dwt_stm32_delay.o
LOAD Src\fatfs.o
LOAD Src\main.o
LOAD Src\stm32l1xx_hal_liquid_crystal.o
LOAD Src\stm32l1xx_hal_msp.o
LOAD Src\stm32l1xx_it.o
LOAD Src\system_stm32l1xx.o
LOAD startup\startup_stm32l151xd.o
                0x00000080                malloc_getpagesize_P = 0x80
START GROUP
LOAD d:/program files (x86)/truestudio for stm32 9.0.1/armtools/bin/../lib/gcc/arm-atollic-eabi/6.3.1/../../../../arm-atollic-eabi/lib/armv7-m\libc_nano.a
LOAD d:/program files (x86)/truestudio for stm32 9.0.1/armtools/bin/../lib/gcc/arm-atollic-eabi/6.3.1/../../../../arm-atollic-eabi/lib/armv7-m\libm.a
END GROUP
START GROUP
LOAD d:/program files (x86)/truestudio for stm32 9.0.1/armtools/bin/../lib/gcc/arm-atollic-eabi/6.3.1/armv7-m\libgcc.a
LOAD d:/program files (x86)/truestudio for stm32 9.0.1/armtools/bin/../lib/gcc/arm-atollic-eabi/6.3.1/../../../../arm-atollic-eabi/lib/armv7-m\libc_nano.a
END GROUP
START GROUP
LOAD d:/program files (x86)/truestudio for stm32 9.0.1/armtools/bin/../lib/gcc/arm-atollic-eabi/6.3.1/armv7-m\libgcc.a
LOAD d:/program files (x86)/truestudio for stm32 9.0.1/armtools/bin/../lib/gcc/arm-atollic-eabi/6.3.1/../../../../arm-atollic-eabi/lib/armv7-m\libc_nano.a
LOAD d:/program files (x86)/truestudio for stm32 9.0.1/armtools/bin/../lib/gcc/arm-atollic-eabi/6.3.1/../../../../arm-atollic-eabi/lib/armv7-m\libnosys.a
END GROUP
START GROUP
LOAD d:/program files (x86)/truestudio for stm32 9.0.1/armtools/bin/../lib/gcc/arm-atollic-eabi/6.3.1/armv7-m\libgcc.a
LOAD d:/program files (x86)/truestudio for stm32 9.0.1/armtools/bin/../lib/gcc/arm-atollic-eabi/6.3.1/../../../../arm-atollic-eabi/lib/armv7-m\libc_nano.a
LOAD d:/program files (x86)/truestudio for stm32 9.0.1/armtools/bin/../lib/gcc/arm-atollic-eabi/6.3.1/../../../../arm-atollic-eabi/lib/armv7-m\libnosys.a
END GROUP
LOAD d:/program files (x86)/truestudio for stm32 9.0.1/armtools/bin/../lib/gcc/arm-atollic-eabi/6.3.1/armv7-m/crtend.o
LOAD d:/program files (x86)/truestudio for stm32 9.0.1/armtools/bin/../lib/gcc/arm-atollic-eabi/6.3.1/armv7-m/crtn.o
                0x2000c000                _estack = 0x2000c000
                0x00002000                _Min_Heap_Size = 0x2000
                0x00004000                _Min_Stack_Size = 0x4000

.isr_vector     0x08000000      0x13c
                0x08000000                . = ALIGN (0x4)
 *(.isr_vector)
 .isr_vector    0x08000000      0x13c startup\startup_stm32l151xd.o
                0x08000000                g_pfnVectors
                0x0800013c                . = ALIGN (0x4)

.text           0x0800013c     0x4ff0
                0x0800013c                . = ALIGN (0x4)
 *(.text)
 .text          0x0800013c       0x40 d:/program files (x86)/truestudio for stm32 9.0.1/armtools/bin/../lib/gcc/arm-atollic-eabi/6.3.1/armv7-m/crtbegin.o
 *(.text*)
 .text.HAL_InitTick
                0x0800017c       0x28 Drivers\STM32L1xx_HAL_Driver\Src\stm32l1xx_hal.o
                0x0800017c                HAL_InitTick
 .text.HAL_Init
                0x080001a4       0x16 Drivers\STM32L1xx_HAL_Driver\Src\stm32l1xx_hal.o
                0x080001a4                HAL_Init
 *fill*         0x080001ba        0x2 
 .text.HAL_IncTick
                0x080001bc       0x10 Drivers\STM32L1xx_HAL_Driver\Src\stm32l1xx_hal.o
                0x080001bc                HAL_IncTick
 .text.HAL_GetTick
                0x080001cc        0xc Drivers\STM32L1xx_HAL_Driver\Src\stm32l1xx_hal.o
                0x080001cc                HAL_GetTick
 .text.HAL_Delay
                0x080001d8       0x1a Drivers\STM32L1xx_HAL_Driver\Src\stm32l1xx_hal.o
                0x080001d8                HAL_Delay
 *fill*         0x080001f2        0x2 
 .text.HAL_ADC_Init
                0x080001f4      0x17c Drivers\STM32L1xx_HAL_Driver\Src\stm32l1xx_hal_adc.o
                0x080001f4                HAL_ADC_Init
 .text.HAL_ADC_GetValue
                0x08000370        0x6 Drivers\STM32L1xx_HAL_Driver\Src\stm32l1xx_hal_adc.o
                0x08000370                HAL_ADC_GetValue
 *fill*         0x08000376        0x2 
 .text.HAL_ADC_ConfigChannel
                0x08000378      0x16c Drivers\STM32L1xx_HAL_Driver\Src\stm32l1xx_hal_adc.o
                0x08000378                HAL_ADC_ConfigChannel
 .text.ADC_Enable
                0x080004e4       0x74 Drivers\STM32L1xx_HAL_Driver\Src\stm32l1xx_hal_adc.o
                0x080004e4                ADC_Enable
 .text.HAL_ADC_Start
                0x08000558       0x6e Drivers\STM32L1xx_HAL_Driver\Src\stm32l1xx_hal_adc.o
                0x08000558                HAL_ADC_Start
 *fill*         0x080005c6        0x2 
 .text.HAL_ADCEx_InjectedConfigChannel
                0x080005c8      0x1fc Drivers\STM32L1xx_HAL_Driver\Src\stm32l1xx_hal_adc_ex.o
                0x080005c8                HAL_ADCEx_InjectedConfigChannel
 .text.HAL_NVIC_SetPriorityGrouping
                0x080007c4       0x24 Drivers\STM32L1xx_HAL_Driver\Src\stm32l1xx_hal_cortex.o
                0x080007c4                HAL_NVIC_SetPriorityGrouping
 .text.HAL_NVIC_SetPriority
                0x080007e8       0x68 Drivers\STM32L1xx_HAL_Driver\Src\stm32l1xx_hal_cortex.o
                0x080007e8                HAL_NVIC_SetPriority
 .text.HAL_NVIC_EnableIRQ
                0x08000850       0x18 Drivers\STM32L1xx_HAL_Driver\Src\stm32l1xx_hal_cortex.o
                0x08000850                HAL_NVIC_EnableIRQ
 .text.HAL_SYSTICK_Config
                0x08000868       0x2c Drivers\STM32L1xx_HAL_Driver\Src\stm32l1xx_hal_cortex.o
                0x08000868                HAL_SYSTICK_Config
 .text.HAL_SYSTICK_CLKSourceConfig
                0x08000894       0x18 Drivers\STM32L1xx_HAL_Driver\Src\stm32l1xx_hal_cortex.o
                0x08000894                HAL_SYSTICK_CLKSourceConfig
 .text.HAL_SYSTICK_Callback
                0x080008ac        0x2 Drivers\STM32L1xx_HAL_Driver\Src\stm32l1xx_hal_cortex.o
                0x080008ac                HAL_SYSTICK_Callback
 .text.HAL_SYSTICK_IRQHandler
                0x080008ae        0x8 Drivers\STM32L1xx_HAL_Driver\Src\stm32l1xx_hal_cortex.o
                0x080008ae                HAL_SYSTICK_IRQHandler
 *fill*         0x080008b6        0x2 
 .text.HAL_GPIO_Init
                0x080008b8      0x1a4 Drivers\STM32L1xx_HAL_Driver\Src\stm32l1xx_hal_gpio.o
                0x080008b8                HAL_GPIO_Init
 .text.HAL_GPIO_WritePin
                0x08000a5c        0xa Drivers\STM32L1xx_HAL_Driver\Src\stm32l1xx_hal_gpio.o
                0x08000a5c                HAL_GPIO_WritePin
 *fill*         0x08000a66        0x2 
 .text.HAL_GPIO_EXTI_IRQHandler
                0x08000a68       0x18 Drivers\STM32L1xx_HAL_Driver\Src\stm32l1xx_hal_gpio.o
                0x08000a68                HAL_GPIO_EXTI_IRQHandler
 .text.RCC_SetFlashLatencyFromMSIRange
                0x08000a80       0x80 Drivers\STM32L1xx_HAL_Driver\Src\stm32l1xx_hal_rcc.o
 .text.HAL_RCC_OscConfig
                0x08000b00      0x6a8 Drivers\STM32L1xx_HAL_Driver\Src\stm32l1xx_hal_rcc.o
                0x08000b00                HAL_RCC_OscConfig
 .text.HAL_RCC_GetSysClockFreq
                0x080011a8       0x8c Drivers\STM32L1xx_HAL_Driver\Src\stm32l1xx_hal_rcc.o
                0x080011a8                HAL_RCC_GetSysClockFreq
 .text.HAL_RCC_ClockConfig
                0x08001234      0x1bc Drivers\STM32L1xx_HAL_Driver\Src\stm32l1xx_hal_rcc.o
                0x08001234                HAL_RCC_ClockConfig
 .text.HAL_RCC_GetHCLKFreq
                0x080013f0        0xc Drivers\STM32L1xx_HAL_Driver\Src\stm32l1xx_hal_rcc.o
                0x080013f0                HAL_RCC_GetHCLKFreq
 .text.HAL_RCC_GetPCLK1Freq
                0x080013fc       0x30 Drivers\STM32L1xx_HAL_Driver\Src\stm32l1xx_hal_rcc.o
                0x080013fc                HAL_RCC_GetPCLK1Freq
 .text.HAL_RCC_GetPCLK2Freq
                0x0800142c       0x30 Drivers\STM32L1xx_HAL_Driver\Src\stm32l1xx_hal_rcc.o
                0x0800142c                HAL_RCC_GetPCLK2Freq
 .text.SD_CmdResp2Error
                0x0800145c       0x2c Drivers\STM32L1xx_HAL_Driver\Src\stm32l1xx_hal_sd.o
 .text.SD_IsCardProgramming
                0x08001488      0x144 Drivers\STM32L1xx_HAL_Driver\Src\stm32l1xx_hal_sd.o
 .text.SD_CmdResp1Error
                0x080015cc       0xec Drivers\STM32L1xx_HAL_Driver\Src\stm32l1xx_hal_sd.o
 .text.HAL_SD_Get_CardInfo
                0x080016b8      0x27e Drivers\STM32L1xx_HAL_Driver\Src\stm32l1xx_hal_sd.o
                0x080016b8                HAL_SD_Get_CardInfo
 *fill*         0x08001936        0x2 
 .text.HAL_SD_Init
                0x08001938      0x39c Drivers\STM32L1xx_HAL_Driver\Src\stm32l1xx_hal_sd.o
                0x08001938                HAL_SD_Init
 .text.HAL_SD_StopTransfer
                0x08001cd4       0x2e Drivers\STM32L1xx_HAL_Driver\Src\stm32l1xx_hal_sd.o
                0x08001cd4                HAL_SD_StopTransfer
 .text.HAL_SD_ReadBlocks
                0x08001d02      0x188 Drivers\STM32L1xx_HAL_Driver\Src\stm32l1xx_hal_sd.o
                0x08001d02                HAL_SD_ReadBlocks
 .text.HAL_SD_WriteBlocks
                0x08001e8a      0x1e2 Drivers\STM32L1xx_HAL_Driver\Src\stm32l1xx_hal_sd.o
                0x08001e8a                HAL_SD_WriteBlocks
 .text.HAL_SD_GetStatus
                0x0800206c       0x46 Drivers\STM32L1xx_HAL_Driver\Src\stm32l1xx_hal_sd.o
                0x0800206c                HAL_SD_GetStatus
 *fill*         0x080020b2        0x2 
 .text.TIM_Base_SetConfig
                0x080020b4       0x84 Drivers\STM32L1xx_HAL_Driver\Src\stm32l1xx_hal_tim.o
 .text.HAL_TIM_Base_Init
                0x08002138       0x34 Drivers\STM32L1xx_HAL_Driver\Src\stm32l1xx_hal_tim.o
                0x08002138                HAL_TIM_Base_Init
 .text.HAL_TIM_Base_Start_IT
                0x0800216c       0x16 Drivers\STM32L1xx_HAL_Driver\Src\stm32l1xx_hal_tim.o
                0x0800216c                HAL_TIM_Base_Start_IT
 .text.HAL_TIM_OC_DelayElapsedCallback
                0x08002182        0x2 Drivers\STM32L1xx_HAL_Driver\Src\stm32l1xx_hal_tim.o
                0x08002182                HAL_TIM_OC_DelayElapsedCallback
 .text.HAL_TIM_IC_CaptureCallback
                0x08002184        0x2 Drivers\STM32L1xx_HAL_Driver\Src\stm32l1xx_hal_tim.o
                0x08002184                HAL_TIM_IC_CaptureCallback
 .text.HAL_TIM_PWM_PulseFinishedCallback
                0x08002186        0x2 Drivers\STM32L1xx_HAL_Driver\Src\stm32l1xx_hal_tim.o
                0x08002186                HAL_TIM_PWM_PulseFinishedCallback
 .text.HAL_TIM_TriggerCallback
                0x08002188        0x2 Drivers\STM32L1xx_HAL_Driver\Src\stm32l1xx_hal_tim.o
                0x08002188                HAL_TIM_TriggerCallback
 .text.HAL_TIM_IRQHandler
                0x0800218a      0x10c Drivers\STM32L1xx_HAL_Driver\Src\stm32l1xx_hal_tim.o
                0x0800218a                HAL_TIM_IRQHandler
 .text.HAL_TIMEx_MasterConfigSynchronization
                0x08002296       0x44 Drivers\STM32L1xx_HAL_Driver\Src\stm32l1xx_hal_tim_ex.o
                0x08002296                HAL_TIMEx_MasterConfigSynchronization
 *fill*         0x080022da        0x2 
 .text.UART_SetConfig
                0x080022dc      0x244 Drivers\STM32L1xx_HAL_Driver\Src\stm32l1xx_hal_uart.o
 .text.HAL_UART_Init
                0x08002520       0x58 Drivers\STM32L1xx_HAL_Driver\Src\stm32l1xx_hal_uart.o
                0x08002520                HAL_UART_Init
 .text.SDIO_Init
                0x08002578       0x38 Drivers\STM32L1xx_HAL_Driver\Src\stm32l1xx_ll_sdmmc.o
                0x08002578                SDIO_Init
 .text.SDIO_ReadFIFO
                0x080025b0        0x6 Drivers\STM32L1xx_HAL_Driver\Src\stm32l1xx_ll_sdmmc.o
                0x080025b0                SDIO_ReadFIFO
 .text.SDIO_WriteFIFO
                0x080025b6        0xa Drivers\STM32L1xx_HAL_Driver\Src\stm32l1xx_ll_sdmmc.o
                0x080025b6                SDIO_WriteFIFO
 .text.SDIO_PowerState_ON
                0x080025c0        0x8 Drivers\STM32L1xx_HAL_Driver\Src\stm32l1xx_ll_sdmmc.o
                0x080025c0                SDIO_PowerState_ON
 .text.SDIO_GetPowerState
                0x080025c8        0x8 Drivers\STM32L1xx_HAL_Driver\Src\stm32l1xx_ll_sdmmc.o
                0x080025c8                SDIO_GetPowerState
 .text.SDIO_SendCommand
                0x080025d0       0x26 Drivers\STM32L1xx_HAL_Driver\Src\stm32l1xx_ll_sdmmc.o
                0x080025d0                SDIO_SendCommand
 .text.SDIO_GetCommandResponse
                0x080025f6        0x6 Drivers\STM32L1xx_HAL_Driver\Src\stm32l1xx_ll_sdmmc.o
                0x080025f6                SDIO_GetCommandResponse
 .text.SDIO_GetResponse
                0x080025fc       0x18 Drivers\STM32L1xx_HAL_Driver\Src\stm32l1xx_ll_sdmmc.o
                0x080025fc                SDIO_GetResponse
 .text.SDIO_DataConfig
                0x08002614       0x26 Drivers\STM32L1xx_HAL_Driver\Src\stm32l1xx_ll_sdmmc.o
                0x08002614                SDIO_DataConfig
 *fill*         0x0800263a        0x2 
 .text.disk_status
                0x0800263c       0x14 Middlewares\Third_Party\FatFs\src\diskio.o
                0x0800263c                disk_status
 .text.disk_initialize
                0x08002650       0x20 Middlewares\Third_Party\FatFs\src\diskio.o
                0x08002650                disk_initialize
 .text.disk_read
                0x08002670       0x1c Middlewares\Third_Party\FatFs\src\diskio.o
                0x08002670                disk_read
 .text.disk_write
                0x0800268c       0x1c Middlewares\Third_Party\FatFs\src\diskio.o
                0x0800268c                disk_write
 .text.disk_ioctl
                0x080026a8       0x18 Middlewares\Third_Party\FatFs\src\diskio.o
                0x080026a8                disk_ioctl
 .text.SD_initialize
                0x080026c0       0x20 Middlewares\Third_Party\FatFs\src\drivers\sd_diskio.o
                0x080026c0                SD_initialize
 .text.SD_status
                0x080026e0       0x20 Middlewares\Third_Party\FatFs\src\drivers\sd_diskio.o
                0x080026e0                SD_status
 .text.SD_read  0x08002700       0x20 Middlewares\Third_Party\FatFs\src\drivers\sd_diskio.o
                0x08002700                SD_read
 .text.SD_write
                0x08002720       0x20 Middlewares\Third_Party\FatFs\src\drivers\sd_diskio.o
                0x08002720                SD_write
 .text.SD_ioctl
                0x08002740       0x50 Middlewares\Third_Party\FatFs\src\drivers\sd_diskio.o
                0x08002740                SD_ioctl
 .text.mem_cpy  0x08002790       0x14 Middlewares\Third_Party\FatFs\src\ff.o
 .text.mem_set  0x080027a4        0xe Middlewares\Third_Party\FatFs\src\ff.o
 *fill*         0x080027b2        0x2 
 .text.chk_lock
                0x080027b4       0x64 Middlewares\Third_Party\FatFs\src\ff.o
 .text.inc_lock
                0x08002818       0x88 Middlewares\Third_Party\FatFs\src\ff.o
 .text.dec_lock
                0x080028a0       0x38 Middlewares\Third_Party\FatFs\src\ff.o
 .text.clmt_clust
                0x080028d8       0x28 Middlewares\Third_Party\FatFs\src\ff.o
 .text.get_ldnumber
                0x08002900       0x30 Middlewares\Third_Party\FatFs\src\ff.o
 .text.validate
                0x08002930       0x2e Middlewares\Third_Party\FatFs\src\ff.o
 .text.ld_clust.isra.0
                0x0800295e       0x1c Middlewares\Third_Party\FatFs\src\ff.o
 .text.sync_window.part.2
                0x0800297a       0x52 Middlewares\Third_Party\FatFs\src\ff.o
 .text.sync_window
                0x080029cc        0xe Middlewares\Third_Party\FatFs\src\ff.o
 .text.sync_fs  0x080029da       0xba Middlewares\Third_Party\FatFs\src\ff.o
 .text.move_window
                0x08002a94       0x3a Middlewares\Third_Party\FatFs\src\ff.o
 *fill*         0x08002ace        0x2 
 .text.check_fs
                0x08002ad0       0x58 Middlewares\Third_Party\FatFs\src\ff.o
 .text.find_volume
                0x08002b28      0x278 Middlewares\Third_Party\FatFs\src\ff.o
 .text.clust2sect
                0x08002da0       0x1c Middlewares\Third_Party\FatFs\src\ff.o
                0x08002da0                clust2sect
 .text.get_fat  0x08002dbc       0xc2 Middlewares\Third_Party\FatFs\src\ff.o
                0x08002dbc                get_fat
 .text.dir_sdi  0x08002e7e       0x9e Middlewares\Third_Party\FatFs\src\ff.o
 .text.put_fat  0x08002f1c       0xf4 Middlewares\Third_Party\FatFs\src\ff.o
                0x08002f1c                put_fat
 .text.create_chain
                0x08003010       0xb2 Middlewares\Third_Party\FatFs\src\ff.o
 .text.dir_next
                0x080030c2      0x11e Middlewares\Third_Party\FatFs\src\ff.o
 .text.follow_path
                0x080031e0      0x1a8 Middlewares\Third_Party\FatFs\src\ff.o
 .text.dir_register
                0x08003388       0x76 Middlewares\Third_Party\FatFs\src\ff.o
 .text.remove_chain
                0x080033fe       0x64 Middlewares\Third_Party\FatFs\src\ff.o
 *fill*         0x08003462        0x2 
 .text.f_mount  0x08003464       0x6c Middlewares\Third_Party\FatFs\src\ff.o
                0x08003464                f_mount
 .text.f_open   0x080034d0      0x1b0 Middlewares\Third_Party\FatFs\src\ff.o
                0x080034d0                f_open
 .text.f_write  0x08003680      0x1e0 Middlewares\Third_Party\FatFs\src\ff.o
                0x08003680                f_write
 .text.f_sync   0x08003860       0xc0 Middlewares\Third_Party\FatFs\src\ff.o
                0x08003860                f_sync
 .text.f_close  0x08003920       0x22 Middlewares\Third_Party\FatFs\src\ff.o
                0x08003920                f_close
 *fill*         0x08003942        0x2 
 .text.FATFS_LinkDriverEx
                0x08003944       0x44 Middlewares\Third_Party\FatFs\src\ff_gen_drv.o
                0x08003944                FATFS_LinkDriverEx
 .text.FATFS_LinkDriver
                0x08003988        0x6 Middlewares\Third_Party\FatFs\src\ff_gen_drv.o
                0x08003988                FATFS_LinkDriver
 *fill*         0x0800398e        0x2 
 .text.BSP_SD_Init
                0x08003990       0x28 Src\bsp_driver_sd.o
                0x08003990                BSP_SD_Init
 .text.BSP_SD_ReadBlocks
                0x080039b8       0x24 Src\bsp_driver_sd.o
                0x080039b8                BSP_SD_ReadBlocks
 .text.BSP_SD_WriteBlocks
                0x080039dc       0x24 Src\bsp_driver_sd.o
                0x080039dc                BSP_SD_WriteBlocks
 .text.BSP_SD_GetStatus
                0x08003a00        0xc Src\bsp_driver_sd.o
                0x08003a00                BSP_SD_GetStatus
 .text.BSP_SD_GetCardInfo
                0x08003a0c        0xc Src\bsp_driver_sd.o
                0x08003a0c                BSP_SD_GetCardInfo
 .text.DWT_Delay_Init
                0x08003a18       0x40 Src\dwt_stm32_delay.o
                0x08003a18                DWT_Delay_Init
 .text.MX_FATFS_Init
                0x08003a58       0x1c Src\fatfs.o
                0x08003a58                MX_FATFS_Init
 .text.get_fattime
                0x08003a74        0x4 Src\fatfs.o
                0x08003a74                get_fattime
 .text.SystemClock_Config
                0x08003a78       0x90 Src\main.o
                0x08003a78                SystemClock_Config
 .text.startup.main
                0x08003b08      0x354 Src\main.o
                0x08003b08                main
 .text.HAL_GPIO_EXTI_Callback
                0x08003e5c      0x350 Src\main.o
                0x08003e5c                HAL_GPIO_EXTI_Callback
 .text.HAL_TIM_PeriodElapsedCallback
                0x080041ac       0x40 Src\main.o
                0x080041ac                HAL_TIM_PeriodElapsedCallback
 .text.DWT_Delay_us
                0x080041ec       0x30 Src\stm32l1xx_hal_liquid_crystal.o
 .text._lcd_init_pins
                0x0800421c       0xe4 Src\stm32l1xx_hal_liquid_crystal.o
                0x0800421c                _lcd_init_pins
 .text._lcd_enable_pulse
                0x08004300       0x30 Src\stm32l1xx_hal_liquid_crystal.o
                0x08004300                _lcd_enable_pulse
 .text._lcd_send_command_4_bit
                0x08004330       0x44 Src\stm32l1xx_hal_liquid_crystal.o
                0x08004330                _lcd_send_command_4_bit
 .text._lcd_send_command
                0x08004374       0x24 Src\stm32l1xx_hal_liquid_crystal.o
                0x08004374                _lcd_send_command
 .text.LCD_Clear
                0x08004398       0x12 Src\stm32l1xx_hal_liquid_crystal.o
                0x08004398                LCD_Clear
 *fill*         0x080043aa        0x2 
 .text.LCD_DisplayOn
                0x080043ac       0x18 Src\stm32l1xx_hal_liquid_crystal.o
                0x080043ac                LCD_DisplayOn
 .text._lcd_cursor_set
                0x080043c4       0x44 Src\stm32l1xx_hal_liquid_crystal.o
                0x080043c4                _lcd_cursor_set
 .text.LCD_Init
                0x08004408       0x8c Src\stm32l1xx_hal_liquid_crystal.o
                0x08004408                LCD_Init
 .text._lcd_send_data
                0x08004494       0x24 Src\stm32l1xx_hal_liquid_crystal.o
                0x08004494                _lcd_send_data
 .text.LCD_PrintString
                0x080044b8       0x4c Src\stm32l1xx_hal_liquid_crystal.o
                0x080044b8                LCD_PrintString
 .text.LCD_PrintNumber
                0x08004504       0x28 Src\stm32l1xx_hal_liquid_crystal.o
                0x08004504                LCD_PrintNumber
 .text.HAL_MspInit
                0x0800452c       0xa0 Src\stm32l1xx_hal_msp.o
                0x0800452c                HAL_MspInit
 .text.HAL_ADC_MspInit
                0x080045cc       0x44 Src\stm32l1xx_hal_msp.o
                0x080045cc                HAL_ADC_MspInit
 .text.HAL_SD_MspInit
                0x08004610       0x68 Src\stm32l1xx_hal_msp.o
                0x08004610                HAL_SD_MspInit
 .text.HAL_TIM_Base_MspInit
                0x08004678       0x3c Src\stm32l1xx_hal_msp.o
                0x08004678                HAL_TIM_Base_MspInit
 .text.HAL_UART_MspInit
                0x080046b4       0x4c Src\stm32l1xx_hal_msp.o
                0x080046b4                HAL_UART_MspInit
 .text.NMI_Handler
                0x08004700        0x2 Src\stm32l1xx_it.o
                0x08004700                NMI_Handler
 .text.HardFault_Handler
                0x08004702        0x2 Src\stm32l1xx_it.o
                0x08004702                HardFault_Handler
 .text.MemManage_Handler
                0x08004704        0x2 Src\stm32l1xx_it.o
                0x08004704                MemManage_Handler
 .text.BusFault_Handler
                0x08004706        0x2 Src\stm32l1xx_it.o
                0x08004706                BusFault_Handler
 .text.UsageFault_Handler
                0x08004708        0x2 Src\stm32l1xx_it.o
                0x08004708                UsageFault_Handler
 .text.SVC_Handler
                0x0800470a        0x2 Src\stm32l1xx_it.o
                0x0800470a                SVC_Handler
 .text.DebugMon_Handler
                0x0800470c        0x2 Src\stm32l1xx_it.o
                0x0800470c                DebugMon_Handler
 .text.PendSV_Handler
                0x0800470e        0x2 Src\stm32l1xx_it.o
                0x0800470e                PendSV_Handler
 .text.SysTick_Handler
                0x08004710        0xe Src\stm32l1xx_it.o
                0x08004710                SysTick_Handler
 .text.EXTI9_5_IRQHandler
                0x0800471e       0x28 Src\stm32l1xx_it.o
                0x0800471e                EXTI9_5_IRQHandler
 .text.EXTI15_10_IRQHandler
                0x08004746        0x8 Src\stm32l1xx_it.o
                0x08004746                EXTI15_10_IRQHandler
 *fill*         0x0800474e        0x2 
 .text.TIM7_IRQHandler
                0x08004750        0xc Src\stm32l1xx_it.o
                0x08004750                TIM7_IRQHandler
 .text.SystemInit
                0x0800475c       0x48 Src\system_stm32l1xx.o
                0x0800475c                SystemInit
 .text.Reset_Handler
                0x080047a4       0x48 startup\startup_stm32l151xd.o
                0x080047a4                Reset_Handler
 .text.Default_Handler
                0x080047ec        0x2 startup\startup_stm32l151xd.o
                0x080047ec                RTC_Alarm_IRQHandler
                0x080047ec                EXTI2_IRQHandler
                0x080047ec                COMP_ACQ_IRQHandler
                0x080047ec                TIM10_IRQHandler
                0x080047ec                USB_HP_IRQHandler
                0x080047ec                TIM6_IRQHandler
                0x080047ec                PVD_IRQHandler
                0x080047ec                SDIO_IRQHandler
                0x080047ec                EXTI3_IRQHandler
                0x080047ec                EXTI0_IRQHandler
                0x080047ec                I2C2_EV_IRQHandler
                0x080047ec                SPI1_IRQHandler
                0x080047ec                USB_FS_WKUP_IRQHandler
                0x080047ec                DMA2_Channel2_IRQHandler
                0x080047ec                DMA1_Channel4_IRQHandler
                0x080047ec                ADC1_IRQHandler
                0x080047ec                USART3_IRQHandler
                0x080047ec                DMA1_Channel7_IRQHandler
                0x080047ec                UART5_IRQHandler
                0x080047ec                TIM4_IRQHandler
                0x080047ec                DMA2_Channel1_IRQHandler
                0x080047ec                I2C1_EV_IRQHandler
                0x080047ec                DMA1_Channel6_IRQHandler
                0x080047ec                UART4_IRQHandler
                0x080047ec                DMA2_Channel4_IRQHandler
                0x080047ec                TIM3_IRQHandler
                0x080047ec                RCC_IRQHandler
                0x080047ec                DMA1_Channel1_IRQHandler
                0x080047ec                Default_Handler
                0x080047ec                TIM5_IRQHandler
                0x080047ec                TIM9_IRQHandler
                0x080047ec                TAMPER_STAMP_IRQHandler
                0x080047ec                RTC_WKUP_IRQHandler
                0x080047ec                SPI2_IRQHandler
                0x080047ec                DMA2_Channel5_IRQHandler
                0x080047ec                DMA1_Channel5_IRQHandler
                0x080047ec                USB_LP_IRQHandler
                0x080047ec                EXTI4_IRQHandler
                0x080047ec                DMA1_Channel3_IRQHandler
                0x080047ec                COMP_IRQHandler
                0x080047ec                WWDG_IRQHandler
                0x080047ec                TIM2_IRQHandler
                0x080047ec                DAC_IRQHandler
                0x080047ec                EXTI1_IRQHandler
                0x080047ec                TIM11_IRQHandler
                0x080047ec                USART2_IRQHandler
                0x080047ec                I2C2_ER_IRQHandler
                0x080047ec                DMA1_Channel2_IRQHandler
                0x080047ec                FLASH_IRQHandler
                0x080047ec                USART1_IRQHandler
                0x080047ec                SPI3_IRQHandler
                0x080047ec                I2C1_ER_IRQHandler
                0x080047ec                DMA2_Channel3_IRQHandler
 *fill*         0x080047ee        0x2 
 .text.__libc_init_array
                0x080047f0       0x48 d:/program files (x86)/truestudio for stm32 9.0.1/armtools/bin/../lib/gcc/arm-atollic-eabi/6.3.1/../../../../arm-atollic-eabi/lib/armv7-m\libc_nano.a(lib_a-init.o)
                0x080047f0                __libc_init_array
 .text.snprintf
                0x08004838       0x68 d:/program files (x86)/truestudio for stm32 9.0.1/armtools/bin/../lib/gcc/arm-atollic-eabi/6.3.1/../../../../arm-atollic-eabi/lib/armv7-m\libc_nano.a(lib_a-snprintf.o)
                0x08004838                sniprintf
                0x08004838                snprintf
 .text.sprintf  0x080048a0       0x48 d:/program files (x86)/truestudio for stm32 9.0.1/armtools/bin/../lib/gcc/arm-atollic-eabi/6.3.1/../../../../arm-atollic-eabi/lib/armv7-m\libc_nano.a(lib_a-sprintf.o)
                0x080048a0                siprintf
                0x080048a0                sprintf
 .text.__ssputs_r
                0x080048e8       0xb6 d:/program files (x86)/truestudio for stm32 9.0.1/armtools/bin/../lib/gcc/arm-atollic-eabi/6.3.1/../../../../arm-atollic-eabi/lib/armv7-m\libc_nano.a(lib_a-nano-svfprintf.o)
                0x080048e8                __ssputs_r
 *fill*         0x0800499e        0x2 
 .text._svfprintf_r
                0x080049a0      0x1e8 d:/program files (x86)/truestudio for stm32 9.0.1/armtools/bin/../lib/gcc/arm-atollic-eabi/6.3.1/../../../../arm-atollic-eabi/lib/armv7-m\libc_nano.a(lib_a-nano-svfprintf.o)
                0x080049a0                _svfiprintf_r
                0x080049a0                _svfprintf_r
 .text._printf_common
                0x08004b88       0xee d:/program files (x86)/truestudio for stm32 9.0.1/armtools/bin/../lib/gcc/arm-atollic-eabi/6.3.1/../../../../arm-atollic-eabi/lib/armv7-m\libc_nano.a(lib_a-nano-vfprintf_i.o)
                0x08004b88                _printf_common
 *fill*         0x08004c76        0x2 
 .text._printf_i
                0x08004c78      0x240 d:/program files (x86)/truestudio for stm32 9.0.1/armtools/bin/../lib/gcc/arm-atollic-eabi/6.3.1/../../../../arm-atollic-eabi/lib/armv7-m\libc_nano.a(lib_a-nano-vfprintf_i.o)
                0x08004c78                _printf_i
 .text.memchr   0x08004eb8       0x1c d:/program files (x86)/truestudio for stm32 9.0.1/armtools/bin/../lib/gcc/arm-atollic-eabi/6.3.1/../../../../arm-atollic-eabi/lib/armv7-m\libc_nano.a(lib_a-memchr-stub.o)
                0x08004eb8                memchr
 .text.memcpy   0x08004ed4       0x16 d:/program files (x86)/truestudio for stm32 9.0.1/armtools/bin/../lib/gcc/arm-atollic-eabi/6.3.1/../../../../arm-atollic-eabi/lib/armv7-m\libc_nano.a(lib_a-memcpy-stub.o)
                0x08004ed4                memcpy
 .text.memmove  0x08004eea       0x34 d:/program files (x86)/truestudio for stm32 9.0.1/armtools/bin/../lib/gcc/arm-atollic-eabi/6.3.1/../../../../arm-atollic-eabi/lib/armv7-m\libc_nano.a(lib_a-memmove.o)
                0x08004eea                memmove
 *fill*         0x08004f1e        0x2 
 .text._free_r  0x08004f20       0x98 d:/program files (x86)/truestudio for stm32 9.0.1/armtools/bin/../lib/gcc/arm-atollic-eabi/6.3.1/../../../../arm-atollic-eabi/lib/armv7-m\libc_nano.a(lib_a-nano-freer.o)
                0x08004f20                _free_r
 .text._malloc_r
                0x08004fb8       0xbc d:/program files (x86)/truestudio for stm32 9.0.1/armtools/bin/../lib/gcc/arm-atollic-eabi/6.3.1/../../../../arm-atollic-eabi/lib/armv7-m\libc_nano.a(lib_a-nano-mallocr.o)
                0x08004fb8                _malloc_r
 .text._realloc_r
                0x08005074       0x4c d:/program files (x86)/truestudio for stm32 9.0.1/armtools/bin/../lib/gcc/arm-atollic-eabi/6.3.1/../../../../arm-atollic-eabi/lib/armv7-m\libc_nano.a(lib_a-nano-reallocr.o)
                0x08005074                _realloc_r
 .text._sbrk_r  0x080050c0       0x20 d:/program files (x86)/truestudio for stm32 9.0.1/armtools/bin/../lib/gcc/arm-atollic-eabi/6.3.1/../../../../arm-atollic-eabi/lib/armv7-m\libc_nano.a(lib_a-sbrkr.o)
                0x080050c0                _sbrk_r
 .text.__malloc_lock
                0x080050e0        0x2 d:/program files (x86)/truestudio for stm32 9.0.1/armtools/bin/../lib/gcc/arm-atollic-eabi/6.3.1/../../../../arm-atollic-eabi/lib/armv7-m\libc_nano.a(lib_a-mlock.o)
                0x080050e0                __malloc_lock
 .text.__malloc_unlock
                0x080050e2        0x2 d:/program files (x86)/truestudio for stm32 9.0.1/armtools/bin/../lib/gcc/arm-atollic-eabi/6.3.1/../../../../arm-atollic-eabi/lib/armv7-m\libc_nano.a(lib_a-mlock.o)
                0x080050e2                __malloc_unlock
 .text._malloc_usable_size_r
                0x080050e4       0x12 d:/program files (x86)/truestudio for stm32 9.0.1/armtools/bin/../lib/gcc/arm-atollic-eabi/6.3.1/../../../../arm-atollic-eabi/lib/armv7-m\libc_nano.a(lib_a-nano-msizer.o)
                0x080050e4                _malloc_usable_size_r
 *fill*         0x080050f6        0x2 
 .text._sbrk    0x080050f8       0x1c d:/program files (x86)/truestudio for stm32 9.0.1/armtools/bin/../lib/gcc/arm-atollic-eabi/6.3.1/../../../../arm-atollic-eabi/lib/armv7-m\libnosys.a(sbrk.o)
                0x080050f8                _sbrk
 *(.glue_7)
 .glue_7        0x08005114        0x0 linker stubs
 *(.glue_7t)
 .glue_7t       0x08005114        0x0 linker stubs
 *(.eh_frame)
 .eh_frame      0x08005114        0x0 d:/program files (x86)/truestudio for stm32 9.0.1/armtools/bin/../lib/gcc/arm-atollic-eabi/6.3.1/armv7-m/crtbegin.o
 *(.init)
 .init          0x08005114        0x4 d:/program files (x86)/truestudio for stm32 9.0.1/armtools/bin/../lib/gcc/arm-atollic-eabi/6.3.1/armv7-m/crti.o
                0x08005114                _init
 .init          0x08005118        0x8 d:/program files (x86)/truestudio for stm32 9.0.1/armtools/bin/../lib/gcc/arm-atollic-eabi/6.3.1/armv7-m/crtn.o
 *(.fini)
 .fini          0x08005120        0x4 d:/program files (x86)/truestudio for stm32 9.0.1/armtools/bin/../lib/gcc/arm-atollic-eabi/6.3.1/armv7-m/crti.o
                0x08005120                _fini
 .fini          0x08005124        0x8 d:/program files (x86)/truestudio for stm32 9.0.1/armtools/bin/../lib/gcc/arm-atollic-eabi/6.3.1/armv7-m/crtn.o
                0x0800512c                . = ALIGN (0x4)
                0x0800512c                _etext = .

.vfp11_veneer   0x0800512c        0x0
 .vfp11_veneer  0x0800512c        0x0 linker stubs

.v4_bx          0x0800512c        0x0
 .v4_bx         0x0800512c        0x0 linker stubs

.iplt           0x0800512c        0x0
 .iplt          0x0800512c        0x0 d:/program files (x86)/truestudio for stm32 9.0.1/armtools/bin/../lib/gcc/arm-atollic-eabi/6.3.1/armv7-m/crtbegin.o

.rodata         0x0800512c      0x220
                0x0800512c                . = ALIGN (0x4)
 *(.rodata)
 .rodata        0x0800512c        0xb Src\main.o
 *(.rodata*)
 *fill*         0x08005137        0x1 
 .rodata.SD_Driver
                0x08005138       0x14 Middlewares\Third_Party\FatFs\src\drivers\sd_diskio.o
                0x08005138                SD_Driver
 .rodata.ExCvt  0x0800514c       0x80 Middlewares\Third_Party\FatFs\src\ff.o
 .rodata.follow_path.str1.1
                0x080051cc        0xf Middlewares\Third_Party\FatFs\src\ff.o
 .rodata.HAL_GPIO_EXTI_Callback.str1.1
                0x080051db       0xab Src\main.o
 .rodata.main.str1.1
                0x08005286       0x6e Src\main.o
 .rodata.LCD_PrintNumber.str1.1
                0x080052f4        0x4 Src\stm32l1xx_hal_liquid_crystal.o
 .rodata.AHBPrescTable
                0x080052f8       0x10 Src\system_stm32l1xx.o
                0x080052f8                AHBPrescTable
 .rodata.APBPrescTable
                0x08005308        0x8 Src\system_stm32l1xx.o
                0x08005308                APBPrescTable
 .rodata.PLLMulTable
                0x08005310        0x9 Src\system_stm32l1xx.o
                0x08005310                PLLMulTable
 .rodata._svfprintf_r.str1.1
                0x08005319       0x11 d:/program files (x86)/truestudio for stm32 9.0.1/armtools/bin/../lib/gcc/arm-atollic-eabi/6.3.1/../../../../arm-atollic-eabi/lib/armv7-m\libc_nano.a(lib_a-nano-svfprintf.o)
 .rodata._printf_i.str1.1
                0x0800532a       0x22 d:/program files (x86)/truestudio for stm32 9.0.1/armtools/bin/../lib/gcc/arm-atollic-eabi/6.3.1/../../../../arm-atollic-eabi/lib/armv7-m\libc_nano.a(lib_a-nano-vfprintf_i.o)
                0x0800534c                . = ALIGN (0x4)

.rel.dyn        0x0800534c        0x0
 .rel.iplt      0x0800534c        0x0 d:/program files (x86)/truestudio for stm32 9.0.1/armtools/bin/../lib/gcc/arm-atollic-eabi/6.3.1/armv7-m/crtbegin.o

.ARM.extab
 *(.ARM.extab* .gnu.linkonce.armextab.*)

.ARM            0x0800534c        0x0
                0x0800534c                __exidx_start = .
 *(.ARM.exidx*)
                0x0800534c                __exidx_end = .

.preinit_array  0x0800534c        0x0
                0x0800534c                PROVIDE (__preinit_array_start, .)
 *(.preinit_array*)
                0x0800534c                PROVIDE (__preinit_array_end, .)

.init_array     0x0800534c        0x4
                0x0800534c                PROVIDE (__init_array_start, .)
 *(SORT(.init_array.*))
 *(.init_array*)
 .init_array    0x0800534c        0x4 d:/program files (x86)/truestudio for stm32 9.0.1/armtools/bin/../lib/gcc/arm-atollic-eabi/6.3.1/armv7-m/crtbegin.o
                0x08005350                PROVIDE (__init_array_end, .)

.fini_array     0x08005350        0x4
                [!provide]                PROVIDE (__fini_array_start, .)
 *(SORT(.fini_array.*))
 *(.fini_array*)
 .fini_array    0x08005350        0x4 d:/program files (x86)/truestudio for stm32 9.0.1/armtools/bin/../lib/gcc/arm-atollic-eabi/6.3.1/armv7-m/crtbegin.o
                [!provide]                PROVIDE (__fini_array_end, .)
                0x08005354                _sidata = LOADADDR (.data)

.data           0x20000000       0x74 load address 0x08005354
                0x20000000                . = ALIGN (0x4)
                0x20000000                _sdata = .
 *(.data)
 *(.data*)
 .data.Stat     0x20000000        0x1 Middlewares\Third_Party\FatFs\src\drivers\sd_diskio.o
 .data.czaspomiaru
                0x20000001        0x1 Src\main.o
                0x20000001                czaspomiaru
 .data.menu     0x20000002        0x1 Src\main.o
                0x20000002                menu
 *fill*         0x20000003        0x1 
 .data.nrprobki
                0x20000004        0x4 Src\main.o
                0x20000004                nrprobki
 .data.progwyzwalania
                0x20000008        0x1 Src\main.o
                0x20000008                progwyzwalania
 .data.zapis    0x20000009        0x1 Src\main.o
                0x20000009                zapis
 *fill*         0x2000000a        0x2 
 .data.SystemCoreClock
                0x2000000c        0x4 Src\system_stm32l1xx.o
                0x2000000c                SystemCoreClock
 .data._impure_ptr
                0x20000010        0x4 d:/program files (x86)/truestudio for stm32 9.0.1/armtools/bin/../lib/gcc/arm-atollic-eabi/6.3.1/../../../../arm-atollic-eabi/lib/armv7-m\libc_nano.a(lib_a-impure.o)
                0x20000010                _impure_ptr
 .data.impure_data
                0x20000014       0x60 d:/program files (x86)/truestudio for stm32 9.0.1/armtools/bin/../lib/gcc/arm-atollic-eabi/6.3.1/../../../../arm-atollic-eabi/lib/armv7-m\libc_nano.a(lib_a-impure.o)
                0x20000074                . = ALIGN (0x4)
                0x20000074                _edata = .

.igot.plt       0x20000074        0x0 load address 0x080053c8
 .igot.plt      0x20000074        0x0 d:/program files (x86)/truestudio for stm32 9.0.1/armtools/bin/../lib/gcc/arm-atollic-eabi/6.3.1/armv7-m/crtbegin.o
                0x20000074                . = ALIGN (0x4)

.bss            0x20000078      0x864 load address 0x080053c8
                0x20000078                _sbss = .
                0x20000078                __bss_start__ = _sbss
 *(.bss)
 .bss           0x20000078       0x1c d:/program files (x86)/truestudio for stm32 9.0.1/armtools/bin/../lib/gcc/arm-atollic-eabi/6.3.1/armv7-m/crtbegin.o
 *(.bss*)
 .bss.FatFs     0x20000094        0x4 Middlewares\Third_Party\FatFs\src\ff.o
 .bss.Files     0x20000098       0x18 Middlewares\Third_Party\FatFs\src\ff.o
 .bss.Fsid      0x200000b0        0x2 Middlewares\Third_Party\FatFs\src\ff.o
 *fill*         0x200000b2        0x2 
 .bss.disk      0x200000b4        0xc Middlewares\Third_Party\FatFs\src\ff_gen_drv.o
                0x200000b4                disk
 .bss.guzik     0x200000c0        0x1 Src\main.o
                0x200000c0                guzik
 *fill*         0x200000c1        0x3 
 .bss.myBytes   0x200000c4        0x4 Src\main.o
                0x200000c4                myBytes
 .bss.pomiarstart
                0x200000c8        0x1 Src\main.o
                0x200000c8                pomiarstart
 .bss._lcd_options
                0x200000c9        0x7 Src\stm32l1xx_hal_liquid_crystal.o
 .bss.__malloc_free_list
                0x200000d0        0x4 d:/program files (x86)/truestudio for stm32 9.0.1/armtools/bin/../lib/gcc/arm-atollic-eabi/6.3.1/../../../../arm-atollic-eabi/lib/armv7-m\libc_nano.a(lib_a-nano-mallocr.o)
                0x200000d0                __malloc_free_list
 .bss.__malloc_sbrk_start
                0x200000d4        0x4 d:/program files (x86)/truestudio for stm32 9.0.1/armtools/bin/../lib/gcc/arm-atollic-eabi/6.3.1/../../../../arm-atollic-eabi/lib/armv7-m\libc_nano.a(lib_a-nano-mallocr.o)
                0x200000d4                __malloc_sbrk_start
 .bss.heap_end.4116
                0x200000d8        0x4 d:/program files (x86)/truestudio for stm32 9.0.1/armtools/bin/../lib/gcc/arm-atollic-eabi/6.3.1/../../../../arm-atollic-eabi/lib/armv7-m\libnosys.a(sbrk.o)
 *(COMMON)
 COMMON         0x200000dc        0x4 Drivers\STM32L1xx_HAL_Driver\Src\stm32l1xx_hal.o
                0x200000dc                uwTick
 COMMON         0x200000e0        0x5 Src\fatfs.o
                0x200000e0                retSD
                0x200000e1                SD_Path
 *fill*         0x200000e5        0x3 
 COMMON         0x200000e8      0x7ed Src\main.o
                0x200000e8                wynik
                0x200000f0                myFile
                0x2000031c                PomiarADC
                0x20000320                myFATFS
                0x20000550                SDCardInfo
                0x200005a8                huart1
                0x200005e8                buffer
                0x200007e8                hsd
                0x20000848                hadc
                0x2000089c                htim7
                0x200008d4                zapisano
 *fill*         0x200008d5        0x3 
 COMMON         0x200008d8        0x4 d:/program files (x86)/truestudio for stm32 9.0.1/armtools/bin/../lib/gcc/arm-atollic-eabi/6.3.1/../../../../arm-atollic-eabi/lib/armv7-m\libc_nano.a(lib_a-reent.o)
                0x200008d8                errno
                0x200008dc                . = ALIGN (0x4)
                0x200008dc                _ebss = .
                0x200008dc                __bss_end__ = _ebss

._user_heap_stack
                0x200008dc     0x6000 load address 0x080053c8
                0x200008dc                . = ALIGN (0x4)
                0x200008dc                PROVIDE (end, .)
                [!provide]                PROVIDE (_end, .)
                0x200028dc                . = (. + _Min_Heap_Size)
 *fill*         0x200008dc     0x2000 
                0x200068dc                . = (. + _Min_Stack_Size)
 *fill*         0x200028dc     0x4000 
                0x200068dc                . = ALIGN (0x4)

/DISCARD/
 libc.a(*)
 libm.a(*)
 libgcc.a(*)

.ARM.attributes
                0x00000000       0x29
 *(.ARM.attributes)
 .ARM.attributes
                0x00000000       0x1d d:/program files (x86)/truestudio for stm32 9.0.1/armtools/bin/../lib/gcc/arm-atollic-eabi/6.3.1/armv7-m/crti.o
 .ARM.attributes
                0x0000001d       0x2d d:/program files (x86)/truestudio for stm32 9.0.1/armtools/bin/../lib/gcc/arm-atollic-eabi/6.3.1/armv7-m/crtbegin.o
 .ARM.attributes
                0x0000004a       0x33 Drivers\STM32L1xx_HAL_Driver\Src\stm32l1xx_hal.o
 .ARM.attributes
                0x0000007d       0x33 Drivers\STM32L1xx_HAL_Driver\Src\stm32l1xx_hal_adc.o
 .ARM.attributes
                0x000000b0       0x33 Drivers\STM32L1xx_HAL_Driver\Src\stm32l1xx_hal_adc_ex.o
 .ARM.attributes
                0x000000e3       0x33 Drivers\STM32L1xx_HAL_Driver\Src\stm32l1xx_hal_cortex.o
 .ARM.attributes
                0x00000116       0x33 Drivers\STM32L1xx_HAL_Driver\Src\stm32l1xx_hal_gpio.o
 .ARM.attributes
                0x00000149       0x33 Drivers\STM32L1xx_HAL_Driver\Src\stm32l1xx_hal_rcc.o
 .ARM.attributes
                0x0000017c       0x33 Drivers\STM32L1xx_HAL_Driver\Src\stm32l1xx_hal_sd.o
 .ARM.attributes
                0x000001af       0x33 Drivers\STM32L1xx_HAL_Driver\Src\stm32l1xx_hal_tim.o
 .ARM.attributes
                0x000001e2       0x33 Drivers\STM32L1xx_HAL_Driver\Src\stm32l1xx_hal_tim_ex.o
 .ARM.attributes
                0x00000215       0x33 Drivers\STM32L1xx_HAL_Driver\Src\stm32l1xx_hal_uart.o
 .ARM.attributes
                0x00000248       0x33 Drivers\STM32L1xx_HAL_Driver\Src\stm32l1xx_ll_sdmmc.o
 .ARM.attributes
                0x0000027b       0x33 Middlewares\Third_Party\FatFs\src\diskio.o
 .ARM.attributes
                0x000002ae       0x33 Middlewares\Third_Party\FatFs\src\drivers\sd_diskio.o
 .ARM.attributes
                0x000002e1       0x33 Middlewares\Third_Party\FatFs\src\ff.o
 .ARM.attributes
                0x00000314       0x33 Middlewares\Third_Party\FatFs\src\ff_gen_drv.o
 .ARM.attributes
                0x00000347       0x33 Src\bsp_driver_sd.o
 .ARM.attributes
                0x0000037a       0x33 Src\dwt_stm32_delay.o
 .ARM.attributes
                0x000003ad       0x33 Src\fatfs.o
 .ARM.attributes
                0x000003e0       0x33 Src\main.o
 .ARM.attributes
                0x00000413       0x33 Src\stm32l1xx_hal_liquid_crystal.o
 .ARM.attributes
                0x00000446       0x33 Src\stm32l1xx_hal_msp.o
 .ARM.attributes
                0x00000479       0x33 Src\stm32l1xx_it.o
 .ARM.attributes
                0x000004ac       0x33 Src\system_stm32l1xx.o
 .ARM.attributes
                0x000004df       0x21 startup\startup_stm32l151xd.o
 .ARM.attributes
                0x00000500       0x2d d:/program files (x86)/truestudio for stm32 9.0.1/armtools/bin/../lib/gcc/arm-atollic-eabi/6.3.1/../../../../arm-atollic-eabi/lib/armv7-m\libc_nano.a(lib_a-init.o)
 .ARM.attributes
                0x0000052d       0x2d d:/program files (x86)/truestudio for stm32 9.0.1/armtools/bin/../lib/gcc/arm-atollic-eabi/6.3.1/../../../../arm-atollic-eabi/lib/armv7-m\libc_nano.a(lib_a-snprintf.o)
 .ARM.attributes
                0x0000055a       0x2d d:/program files (x86)/truestudio for stm32 9.0.1/armtools/bin/../lib/gcc/arm-atollic-eabi/6.3.1/../../../../arm-atollic-eabi/lib/armv7-m\libc_nano.a(lib_a-sprintf.o)
 .ARM.attributes
                0x00000587       0x2d d:/program files (x86)/truestudio for stm32 9.0.1/armtools/bin/../lib/gcc/arm-atollic-eabi/6.3.1/../../../../arm-atollic-eabi/lib/armv7-m\libc_nano.a(lib_a-impure.o)
 .ARM.attributes
                0x000005b4       0x2d d:/program files (x86)/truestudio for stm32 9.0.1/armtools/bin/../lib/gcc/arm-atollic-eabi/6.3.1/../../../../arm-atollic-eabi/lib/armv7-m\libc_nano.a(lib_a-nano-svfprintf.o)
 .ARM.attributes
                0x000005e1       0x2d d:/program files (x86)/truestudio for stm32 9.0.1/armtools/bin/../lib/gcc/arm-atollic-eabi/6.3.1/../../../../arm-atollic-eabi/lib/armv7-m\libc_nano.a(lib_a-nano-vfprintf_i.o)
 .ARM.attributes
                0x0000060e       0x2d d:/program files (x86)/truestudio for stm32 9.0.1/armtools/bin/../lib/gcc/arm-atollic-eabi/6.3.1/../../../../arm-atollic-eabi/lib/armv7-m\libc_nano.a(lib_a-memchr-stub.o)
 .ARM.attributes
                0x0000063b       0x2d d:/program files (x86)/truestudio for stm32 9.0.1/armtools/bin/../lib/gcc/arm-atollic-eabi/6.3.1/../../../../arm-atollic-eabi/lib/armv7-m\libc_nano.a(lib_a-memcpy-stub.o)
 .ARM.attributes
                0x00000668       0x2d d:/program files (x86)/truestudio for stm32 9.0.1/armtools/bin/../lib/gcc/arm-atollic-eabi/6.3.1/../../../../arm-atollic-eabi/lib/armv7-m\libc_nano.a(lib_a-memmove.o)
 .ARM.attributes
                0x00000695       0x2d d:/program files (x86)/truestudio for stm32 9.0.1/armtools/bin/../lib/gcc/arm-atollic-eabi/6.3.1/../../../../arm-atollic-eabi/lib/armv7-m\libc_nano.a(lib_a-nano-freer.o)
 .ARM.attributes
                0x000006c2       0x2d d:/program files (x86)/truestudio for stm32 9.0.1/armtools/bin/../lib/gcc/arm-atollic-eabi/6.3.1/../../../../arm-atollic-eabi/lib/armv7-m\libc_nano.a(lib_a-nano-mallocr.o)
 .ARM.attributes
                0x000006ef       0x2d d:/program files (x86)/truestudio for stm32 9.0.1/armtools/bin/../lib/gcc/arm-atollic-eabi/6.3.1/../../../../arm-atollic-eabi/lib/armv7-m\libc_nano.a(lib_a-nano-reallocr.o)
 .ARM.attributes
                0x0000071c       0x2d d:/program files (x86)/truestudio for stm32 9.0.1/armtools/bin/../lib/gcc/arm-atollic-eabi/6.3.1/../../../../arm-atollic-eabi/lib/armv7-m\libc_nano.a(lib_a-sbrkr.o)
 .ARM.attributes
                0x00000749       0x2d d:/program files (x86)/truestudio for stm32 9.0.1/armtools/bin/../lib/gcc/arm-atollic-eabi/6.3.1/../../../../arm-atollic-eabi/lib/armv7-m\libc_nano.a(lib_a-mlock.o)
 .ARM.attributes
                0x00000776       0x2d d:/program files (x86)/truestudio for stm32 9.0.1/armtools/bin/../lib/gcc/arm-atollic-eabi/6.3.1/../../../../arm-atollic-eabi/lib/armv7-m\libc_nano.a(lib_a-nano-msizer.o)
 .ARM.attributes
                0x000007a3       0x2d d:/program files (x86)/truestudio for stm32 9.0.1/armtools/bin/../lib/gcc/arm-atollic-eabi/6.3.1/../../../../arm-atollic-eabi/lib/armv7-m\libc_nano.a(lib_a-reent.o)
 .ARM.attributes
                0x000007d0       0x2d d:/program files (x86)/truestudio for stm32 9.0.1/armtools/bin/../lib/gcc/arm-atollic-eabi/6.3.1/../../../../arm-atollic-eabi/lib/armv7-m\libnosys.a(sbrk.o)
 .ARM.attributes
                0x000007fd       0x1d d:/program files (x86)/truestudio for stm32 9.0.1/armtools/bin/../lib/gcc/arm-atollic-eabi/6.3.1/armv7-m/crtn.o
OUTPUT(starycube.elf elf32-littlearm)

.debug_info     0x00000000    0x239de
 .debug_info    0x00000000      0xec3 Drivers\STM32L1xx_HAL_Driver\Src\stm32l1xx_hal.o
 .debug_info    0x00000ec3     0x18b0 Drivers\STM32L1xx_HAL_Driver\Src\stm32l1xx_hal_adc.o
 .debug_info    0x00002773     0x11cc Drivers\STM32L1xx_HAL_Driver\Src\stm32l1xx_hal_adc_ex.o
 .debug_info    0x0000393f     0x16d1 Drivers\STM32L1xx_HAL_Driver\Src\stm32l1xx_hal_cortex.o
 .debug_info    0x00005010      0xe9c Drivers\STM32L1xx_HAL_Driver\Src\stm32l1xx_hal_gpio.o
 .debug_info    0x00005eac     0x1e51 Drivers\STM32L1xx_HAL_Driver\Src\stm32l1xx_hal_rcc.o
 .debug_info    0x00007cfd     0x30f9 Drivers\STM32L1xx_HAL_Driver\Src\stm32l1xx_hal_sd.o
 .debug_info    0x0000adf6     0x3a68 Drivers\STM32L1xx_HAL_Driver\Src\stm32l1xx_hal_tim.o
 .debug_info    0x0000e85e      0xe8a Drivers\STM32L1xx_HAL_Driver\Src\stm32l1xx_hal_tim_ex.o
 .debug_info    0x0000f6e8     0x19e3 Drivers\STM32L1xx_HAL_Driver\Src\stm32l1xx_hal_uart.o
 .debug_info    0x000110cb      0xe88 Drivers\STM32L1xx_HAL_Driver\Src\stm32l1xx_ll_sdmmc.o
 .debug_info    0x00011f53      0xcd9 Middlewares\Third_Party\FatFs\src\diskio.o
 .debug_info    0x00012c2c     0x1031 Middlewares\Third_Party\FatFs\src\drivers\sd_diskio.o
 .debug_info    0x00013c5d     0x42b8 Middlewares\Third_Party\FatFs\src\ff.o
 .debug_info    0x00017f15      0xd0f Middlewares\Third_Party\FatFs\src\ff_gen_drv.o
 .debug_info    0x00018c24     0x1701 Src\bsp_driver_sd.o
 .debug_info    0x0001a325      0xb09 Src\dwt_stm32_delay.o
 .debug_info    0x0001ae2e      0xb22 Src\fatfs.o
 .debug_info    0x0001b950     0x2fa9 Src\main.o
 .debug_info    0x0001e8f9     0x187b Src\stm32l1xx_hal_liquid_crystal.o
 .debug_info    0x00020174     0x1c32 Src\stm32l1xx_hal_msp.o
 .debug_info    0x00021da6      0xf5b Src\stm32l1xx_it.o
 .debug_info    0x00022d01      0xc69 Src\system_stm32l1xx.o
 .debug_info    0x0002396a       0x74 startup\startup_stm32l151xd.o

.debug_abbrev   0x00000000     0x4072
 .debug_abbrev  0x00000000      0x2a4 Drivers\STM32L1xx_HAL_Driver\Src\stm32l1xx_hal.o
 .debug_abbrev  0x000002a4      0x35c Drivers\STM32L1xx_HAL_Driver\Src\stm32l1xx_hal_adc.o
 .debug_abbrev  0x00000600      0x2c4 Drivers\STM32L1xx_HAL_Driver\Src\stm32l1xx_hal_adc_ex.o
 .debug_abbrev  0x000008c4      0x386 Drivers\STM32L1xx_HAL_Driver\Src\stm32l1xx_hal_cortex.o
 .debug_abbrev  0x00000c4a      0x268 Drivers\STM32L1xx_HAL_Driver\Src\stm32l1xx_hal_gpio.o
 .debug_abbrev  0x00000eb2      0x37e Drivers\STM32L1xx_HAL_Driver\Src\stm32l1xx_hal_rcc.o
 .debug_abbrev  0x00001230      0x3cb Drivers\STM32L1xx_HAL_Driver\Src\stm32l1xx_hal_sd.o
 .debug_abbrev  0x000015fb      0x394 Drivers\STM32L1xx_HAL_Driver\Src\stm32l1xx_hal_tim.o
 .debug_abbrev  0x0000198f      0x1bf Drivers\STM32L1xx_HAL_Driver\Src\stm32l1xx_hal_tim_ex.o
 .debug_abbrev  0x00001b4e      0x36c Drivers\STM32L1xx_HAL_Driver\Src\stm32l1xx_hal_uart.o
 .debug_abbrev  0x00001eba      0x274 Drivers\STM32L1xx_HAL_Driver\Src\stm32l1xx_ll_sdmmc.o
 .debug_abbrev  0x0000212e      0x23d Middlewares\Third_Party\FatFs\src\diskio.o
 .debug_abbrev  0x0000236b      0x29a Middlewares\Third_Party\FatFs\src\drivers\sd_diskio.o
 .debug_abbrev  0x00002605      0x410 Middlewares\Third_Party\FatFs\src\ff.o
 .debug_abbrev  0x00002a15      0x2a5 Middlewares\Third_Party\FatFs\src\ff_gen_drv.o
 .debug_abbrev  0x00002cba      0x323 Src\bsp_driver_sd.o
 .debug_abbrev  0x00002fdd      0x187 Src\dwt_stm32_delay.o
 .debug_abbrev  0x00003164      0x1e1 Src\fatfs.o
 .debug_abbrev  0x00003345      0x3a4 Src\main.o
 .debug_abbrev  0x000036e9      0x311 Src\stm32l1xx_hal_liquid_crystal.o
 .debug_abbrev  0x000039fa      0x264 Src\stm32l1xx_hal_msp.o
 .debug_abbrev  0x00003c5e      0x238 Src\stm32l1xx_it.o
 .debug_abbrev  0x00003e96      0x1ca Src\system_stm32l1xx.o
 .debug_abbrev  0x00004060       0x12 startup\startup_stm32l151xd.o

.debug_loc      0x00000000     0xd90d
 .debug_loc     0x00000000       0x6a Drivers\STM32L1xx_HAL_Driver\Src\stm32l1xx_hal.o
 .debug_loc     0x0000006a      0x83c Drivers\STM32L1xx_HAL_Driver\Src\stm32l1xx_hal_adc.o
 .debug_loc     0x000008a6      0x488 Drivers\STM32L1xx_HAL_Driver\Src\stm32l1xx_hal_adc_ex.o
 .debug_loc     0x00000d2e      0x48c Drivers\STM32L1xx_HAL_Driver\Src\stm32l1xx_hal_cortex.o
 .debug_loc     0x000011ba      0x319 Drivers\STM32L1xx_HAL_Driver\Src\stm32l1xx_hal_gpio.o
 .debug_loc     0x000014d3      0xaf6 Drivers\STM32L1xx_HAL_Driver\Src\stm32l1xx_hal_rcc.o
 .debug_loc     0x00001fc9     0x1e94 Drivers\STM32L1xx_HAL_Driver\Src\stm32l1xx_hal_sd.o
 .debug_loc     0x00003e5d     0x2fae Drivers\STM32L1xx_HAL_Driver\Src\stm32l1xx_hal_tim.o
 .debug_loc     0x00006e0b       0x63 Drivers\STM32L1xx_HAL_Driver\Src\stm32l1xx_hal_tim_ex.o
 .debug_loc     0x00006e6e      0xdb4 Drivers\STM32L1xx_HAL_Driver\Src\stm32l1xx_hal_uart.o
 .debug_loc     0x00007c22      0x2b0 Drivers\STM32L1xx_HAL_Driver\Src\stm32l1xx_ll_sdmmc.o
 .debug_loc     0x00007ed2      0x1c6 Middlewares\Third_Party\FatFs\src\diskio.o
 .debug_loc     0x00008098      0x328 Middlewares\Third_Party\FatFs\src\drivers\sd_diskio.o
 .debug_loc     0x000083c0     0x44d3 Middlewares\Third_Party\FatFs\src\ff.o
 .debug_loc     0x0000c893      0x216 Middlewares\Third_Party\FatFs\src\ff_gen_drv.o
 .debug_loc     0x0000caa9      0x38d Src\bsp_driver_sd.o
 .debug_loc     0x0000ce36      0x147 Src\main.o
 .debug_loc     0x0000cf7d      0x727 Src\stm32l1xx_hal_liquid_crystal.o
 .debug_loc     0x0000d6a4      0x134 Src\stm32l1xx_hal_msp.o
 .debug_loc     0x0000d7d8      0x135 Src\system_stm32l1xx.o

.debug_aranges  0x00000000      0xd78
 .debug_aranges
                0x00000000       0xa8 Drivers\STM32L1xx_HAL_Driver\Src\stm32l1xx_hal.o
 .debug_aranges
                0x000000a8       0xc8 Drivers\STM32L1xx_HAL_Driver\Src\stm32l1xx_hal_adc.o
 .debug_aranges
                0x00000170       0x58 Drivers\STM32L1xx_HAL_Driver\Src\stm32l1xx_hal_adc_ex.o
 .debug_aranges
                0x000001c8       0xa8 Drivers\STM32L1xx_HAL_Driver\Src\stm32l1xx_hal_cortex.o
 .debug_aranges
                0x00000270       0x58 Drivers\STM32L1xx_HAL_Driver\Src\stm32l1xx_hal_gpio.o
 .debug_aranges
                0x000002c8       0x90 Drivers\STM32L1xx_HAL_Driver\Src\stm32l1xx_hal_rcc.o
 .debug_aranges
                0x00000358       0xe8 Drivers\STM32L1xx_HAL_Driver\Src\stm32l1xx_hal_sd.o
 .debug_aranges
                0x00000440      0x218 Drivers\STM32L1xx_HAL_Driver\Src\stm32l1xx_hal_tim.o
 .debug_aranges
                0x00000658       0x28 Drivers\STM32L1xx_HAL_Driver\Src\stm32l1xx_hal_tim_ex.o
 .debug_aranges
                0x00000680      0x108 Drivers\STM32L1xx_HAL_Driver\Src\stm32l1xx_hal_uart.o
 .debug_aranges
                0x00000788       0x78 Drivers\STM32L1xx_HAL_Driver\Src\stm32l1xx_ll_sdmmc.o
 .debug_aranges
                0x00000800       0x48 Middlewares\Third_Party\FatFs\src\diskio.o
 .debug_aranges
                0x00000848       0x40 Middlewares\Third_Party\FatFs\src\drivers\sd_diskio.o
 .debug_aranges
                0x00000888      0x1b0 Middlewares\Third_Party\FatFs\src\ff.o
 .debug_aranges
                0x00000a38       0x40 Middlewares\Third_Party\FatFs\src\ff_gen_drv.o
 .debug_aranges
                0x00000a78       0x90 Src\bsp_driver_sd.o
 .debug_aranges
                0x00000b08       0x20 Src\dwt_stm32_delay.o
 .debug_aranges
                0x00000b28       0x28 Src\fatfs.o
 .debug_aranges
                0x00000b50       0x40 Src\main.o
 .debug_aranges
                0x00000b90       0xd8 Src\stm32l1xx_hal_liquid_crystal.o
 .debug_aranges
                0x00000c68       0x60 Src\stm32l1xx_hal_msp.o
 .debug_aranges
                0x00000cc8       0x60 Src\stm32l1xx_it.o
 .debug_aranges
                0x00000d28       0x28 Src\system_stm32l1xx.o
 .debug_aranges
                0x00000d50       0x28 startup\startup_stm32l151xd.o

.debug_ranges   0x00000000     0x13e0
 .debug_ranges  0x00000000       0x98 Drivers\STM32L1xx_HAL_Driver\Src\stm32l1xx_hal.o
 .debug_ranges  0x00000098       0xd0 Drivers\STM32L1xx_HAL_Driver\Src\stm32l1xx_hal_adc.o
 .debug_ranges  0x00000168       0x48 Drivers\STM32L1xx_HAL_Driver\Src\stm32l1xx_hal_adc_ex.o
 .debug_ranges  0x000001b0      0x140 Drivers\STM32L1xx_HAL_Driver\Src\stm32l1xx_hal_cortex.o
 .debug_ranges  0x000002f0       0x68 Drivers\STM32L1xx_HAL_Driver\Src\stm32l1xx_hal_gpio.o
 .debug_ranges  0x00000358      0x2a8 Drivers\STM32L1xx_HAL_Driver\Src\stm32l1xx_hal_rcc.o
 .debug_ranges  0x00000600      0x1d0 Drivers\STM32L1xx_HAL_Driver\Src\stm32l1xx_hal_sd.o
 .debug_ranges  0x000007d0      0x310 Drivers\STM32L1xx_HAL_Driver\Src\stm32l1xx_hal_tim.o
 .debug_ranges  0x00000ae0       0x18 Drivers\STM32L1xx_HAL_Driver\Src\stm32l1xx_hal_tim_ex.o
 .debug_ranges  0x00000af8      0x140 Drivers\STM32L1xx_HAL_Driver\Src\stm32l1xx_hal_uart.o
 .debug_ranges  0x00000c38       0x68 Drivers\STM32L1xx_HAL_Driver\Src\stm32l1xx_ll_sdmmc.o
 .debug_ranges  0x00000ca0       0x38 Middlewares\Third_Party\FatFs\src\diskio.o
 .debug_ranges  0x00000cd8       0x30 Middlewares\Third_Party\FatFs\src\drivers\sd_diskio.o
 .debug_ranges  0x00000d08      0x2c8 Middlewares\Third_Party\FatFs\src\ff.o
 .debug_ranges  0x00000fd0       0x30 Middlewares\Third_Party\FatFs\src\ff_gen_drv.o
 .debug_ranges  0x00001000       0x80 Src\bsp_driver_sd.o
 .debug_ranges  0x00001080       0x10 Src\dwt_stm32_delay.o
 .debug_ranges  0x00001090       0x18 Src\fatfs.o
 .debug_ranges  0x000010a8       0xa8 Src\main.o
 .debug_ranges  0x00001150      0x118 Src\stm32l1xx_hal_liquid_crystal.o
 .debug_ranges  0x00001268       0xf0 Src\stm32l1xx_hal_msp.o
 .debug_ranges  0x00001358       0x50 Src\stm32l1xx_it.o
 .debug_ranges  0x000013a8       0x18 Src\system_stm32l1xx.o
 .debug_ranges  0x000013c0       0x20 startup\startup_stm32l151xd.o

.debug_line     0x00000000     0x8b8c
 .debug_line    0x00000000      0x3d5 Drivers\STM32L1xx_HAL_Driver\Src\stm32l1xx_hal.o
 .debug_line    0x000003d5      0x7c3 Drivers\STM32L1xx_HAL_Driver\Src\stm32l1xx_hal_adc.o
 .debug_line    0x00000b98      0x571 Drivers\STM32L1xx_HAL_Driver\Src\stm32l1xx_hal_adc_ex.o
 .debug_line    0x00001109      0x4cc Drivers\STM32L1xx_HAL_Driver\Src\stm32l1xx_hal_cortex.o
 .debug_line    0x000015d5      0x460 Drivers\STM32L1xx_HAL_Driver\Src\stm32l1xx_hal_gpio.o
 .debug_line    0x00001a35      0xa18 Drivers\STM32L1xx_HAL_Driver\Src\stm32l1xx_hal_rcc.o
 .debug_line    0x0000244d      0xc00 Drivers\STM32L1xx_HAL_Driver\Src\stm32l1xx_hal_sd.o
 .debug_line    0x0000304d     0x1020 Drivers\STM32L1xx_HAL_Driver\Src\stm32l1xx_hal_tim.o
 .debug_line    0x0000406d      0x32c Drivers\STM32L1xx_HAL_Driver\Src\stm32l1xx_hal_tim_ex.o
 .debug_line    0x00004399      0xa5b Drivers\STM32L1xx_HAL_Driver\Src\stm32l1xx_hal_uart.o
 .debug_line    0x00004df4      0x3a9 Drivers\STM32L1xx_HAL_Driver\Src\stm32l1xx_ll_sdmmc.o
 .debug_line    0x0000519d      0x2b3 Middlewares\Third_Party\FatFs\src\diskio.o
 .debug_line    0x00005450      0x34c Middlewares\Third_Party\FatFs\src\drivers\sd_diskio.o
 .debug_line    0x0000579c     0x1146 Middlewares\Third_Party\FatFs\src\ff.o
 .debug_line    0x000068e2      0x2ba Middlewares\Third_Party\FatFs\src\ff_gen_drv.o
 .debug_line    0x00006b9c      0x3bd Src\bsp_driver_sd.o
 .debug_line    0x00006f59      0x220 Src\dwt_stm32_delay.o
 .debug_line    0x00007179      0x2ba Src\fatfs.o
 .debug_line    0x00007433      0x6f6 Src\main.o
 .debug_line    0x00007b29      0x5f4 Src\stm32l1xx_hal_liquid_crystal.o
 .debug_line    0x0000811d      0x429 Src\stm32l1xx_hal_msp.o
 .debug_line    0x00008546      0x35f Src\stm32l1xx_it.o
 .debug_line    0x000088a5      0x26a Src\system_stm32l1xx.o
 .debug_line    0x00008b0f       0x7d startup\startup_stm32l151xd.o

.debug_str      0x00000000     0x5179
 .debug_str     0x00000000      0xb83 Drivers\STM32L1xx_HAL_Driver\Src\stm32l1xx_hal.o
                                0xc44 (size before relaxing)
 .debug_str     0x00000b83      0x679 Drivers\STM32L1xx_HAL_Driver\Src\stm32l1xx_hal_adc.o
                                0xdf6 (size before relaxing)
 .debug_str     0x000011fc      0x227 Drivers\STM32L1xx_HAL_Driver\Src\stm32l1xx_hal_adc_ex.o
                                0xcb0 (size before relaxing)
 .debug_str     0x00001423      0x3f0 Drivers\STM32L1xx_HAL_Driver\Src\stm32l1xx_hal_cortex.o
                                0xee6 (size before relaxing)
 .debug_str     0x00001813      0x1c0 Drivers\STM32L1xx_HAL_Driver\Src\stm32l1xx_hal_gpio.o
                                0x89b (size before relaxing)
 .debug_str     0x000019d3      0x381 Drivers\STM32L1xx_HAL_Driver\Src\stm32l1xx_hal_rcc.o
                                0xb03 (size before relaxing)
 .debug_str     0x00001d54      0xf50 Drivers\STM32L1xx_HAL_Driver\Src\stm32l1xx_hal_sd.o
                               0x180a (size before relaxing)
 .debug_str     0x00002ca4      0xe94 Drivers\STM32L1xx_HAL_Driver\Src\stm32l1xx_hal_tim.o
                               0x175e (size before relaxing)
 .debug_str     0x00003b38       0xc7 Drivers\STM32L1xx_HAL_Driver\Src\stm32l1xx_hal_tim_ex.o
                                0xaad (size before relaxing)
 .debug_str     0x00003bff      0x50a Drivers\STM32L1xx_HAL_Driver\Src\stm32l1xx_hal_uart.o
                                0xe09 (size before relaxing)
 .debug_str     0x00004109       0xcc Drivers\STM32L1xx_HAL_Driver\Src\stm32l1xx_ll_sdmmc.o
                                0x935 (size before relaxing)
 .debug_str     0x000041d5      0x109 Middlewares\Third_Party\FatFs\src\diskio.o
                                0x723 (size before relaxing)
 .debug_str     0x000042de       0xcf Middlewares\Third_Party\FatFs\src\drivers\sd_diskio.o
                                0xa5e (size before relaxing)
 .debug_str     0x000043ad      0x54f Middlewares\Third_Party\FatFs\src\ff.o
                                0xc57 (size before relaxing)
 .debug_str     0x000048fc       0xa2 Middlewares\Third_Party\FatFs\src\ff_gen_drv.o
                                0x774 (size before relaxing)
 .debug_str     0x0000499e      0x117 Src\bsp_driver_sd.o
                               0x11b7 (size before relaxing)
 .debug_str     0x00004ab5       0xe2 Src\dwt_stm32_delay.o
                                0x70f (size before relaxing)
 .debug_str     0x00004b97       0x2b Src\fatfs.o
                                0x6fb (size before relaxing)
 .debug_str     0x00004bc2      0x1ca Src\main.o
                               0x1e3f (size before relaxing)
 .debug_str     0x00004d8c      0x28e Src\stm32l1xx_hal_liquid_crystal.o
                                0xb4f (size before relaxing)
 .debug_str     0x0000501a       0x25 Src\stm32l1xx_hal_msp.o
                               0x138f (size before relaxing)
 .debug_str     0x0000503f       0xde Src\stm32l1xx_it.o
                                0xaf0 (size before relaxing)
 .debug_str     0x0000511d       0x5c Src\system_stm32l1xx.o
                                0x729 (size before relaxing)

.comment        0x00000000       0x7c
 .comment       0x00000000       0x7c Drivers\STM32L1xx_HAL_Driver\Src\stm32l1xx_hal.o
                                 0x7d (size before relaxing)
 .comment       0x0000007c       0x7d Drivers\STM32L1xx_HAL_Driver\Src\stm32l1xx_hal_adc.o
 .comment       0x0000007c       0x7d Drivers\STM32L1xx_HAL_Driver\Src\stm32l1xx_hal_adc_ex.o
 .comment       0x0000007c       0x7d Drivers\STM32L1xx_HAL_Driver\Src\stm32l1xx_hal_cortex.o
 .comment       0x0000007c       0x7d Drivers\STM32L1xx_HAL_Driver\Src\stm32l1xx_hal_gpio.o
 .comment       0x0000007c       0x7d Drivers\STM32L1xx_HAL_Driver\Src\stm32l1xx_hal_rcc.o
 .comment       0x0000007c       0x7d Drivers\STM32L1xx_HAL_Driver\Src\stm32l1xx_hal_sd.o
 .comment       0x0000007c       0x7d Drivers\STM32L1xx_HAL_Driver\Src\stm32l1xx_hal_tim.o
 .comment       0x0000007c       0x7d Drivers\STM32L1xx_HAL_Driver\Src\stm32l1xx_hal_tim_ex.o
 .comment       0x0000007c       0x7d Drivers\STM32L1xx_HAL_Driver\Src\stm32l1xx_hal_uart.o
 .comment       0x0000007c       0x7d Drivers\STM32L1xx_HAL_Driver\Src\stm32l1xx_ll_sdmmc.o
 .comment       0x0000007c       0x7d Middlewares\Third_Party\FatFs\src\diskio.o
 .comment       0x0000007c       0x7d Middlewares\Third_Party\FatFs\src\drivers\sd_diskio.o
 .comment       0x0000007c       0x7d Middlewares\Third_Party\FatFs\src\ff.o
 .comment       0x0000007c       0x7d Middlewares\Third_Party\FatFs\src\ff_gen_drv.o
 .comment       0x0000007c       0x7d Src\bsp_driver_sd.o
 .comment       0x0000007c       0x7d Src\dwt_stm32_delay.o
 .comment       0x0000007c       0x7d Src\fatfs.o
 .comment       0x0000007c       0x7d Src\main.o
 .comment       0x0000007c       0x7d Src\stm32l1xx_hal_liquid_crystal.o
 .comment       0x0000007c       0x7d Src\stm32l1xx_hal_msp.o
 .comment       0x0000007c       0x7d Src\stm32l1xx_it.o
 .comment       0x0000007c       0x7d Src\system_stm32l1xx.o

.debug_frame    0x00000000     0x2b98
 .debug_frame   0x00000000      0x164 Drivers\STM32L1xx_HAL_Driver\Src\stm32l1xx_hal.o
 .debug_frame   0x00000164      0x29c Drivers\STM32L1xx_HAL_Driver\Src\stm32l1xx_hal_adc.o
 .debug_frame   0x00000400       0xd8 Drivers\STM32L1xx_HAL_Driver\Src\stm32l1xx_hal_adc_ex.o
 .debug_frame   0x000004d8      0x158 Drivers\STM32L1xx_HAL_Driver\Src\stm32l1xx_hal_cortex.o
 .debug_frame   0x00000630       0xd4 Drivers\STM32L1xx_HAL_Driver\Src\stm32l1xx_hal_gpio.o
 .debug_frame   0x00000704      0x160 Drivers\STM32L1xx_HAL_Driver\Src\stm32l1xx_hal_rcc.o
 .debug_frame   0x00000864      0x3e4 Drivers\STM32L1xx_HAL_Driver\Src\stm32l1xx_hal_sd.o
 .debug_frame   0x00000c48      0x7ec Drivers\STM32L1xx_HAL_Driver\Src\stm32l1xx_hal_tim.o
 .debug_frame   0x00001434       0x38 Drivers\STM32L1xx_HAL_Driver\Src\stm32l1xx_hal_tim_ex.o
 .debug_frame   0x0000146c      0x320 Drivers\STM32L1xx_HAL_Driver\Src\stm32l1xx_hal_uart.o
 .debug_frame   0x0000178c      0x10c Drivers\STM32L1xx_HAL_Driver\Src\stm32l1xx_ll_sdmmc.o
 .debug_frame   0x00001898       0x94 Middlewares\Third_Party\FatFs\src\diskio.o
 .debug_frame   0x0000192c       0x90 Middlewares\Third_Party\FatFs\src\drivers\sd_diskio.o
 .debug_frame   0x000019bc      0x674 Middlewares\Third_Party\FatFs\src\ff.o
 .debug_frame   0x00002030       0x6c Middlewares\Third_Party\FatFs\src\ff_gen_drv.o
 .debug_frame   0x0000209c      0x148 Src\bsp_driver_sd.o
 .debug_frame   0x000021e4       0x20 Src\dwt_stm32_delay.o
 .debug_frame   0x00002204       0x38 Src\fatfs.o
 .debug_frame   0x0000223c       0xa0 Src\main.o
 .debug_frame   0x000022dc      0x29c Src\stm32l1xx_hal_liquid_crystal.o
 .debug_frame   0x00002578       0xe8 Src\stm32l1xx_hal_msp.o
 .debug_frame   0x00002660       0xe8 Src\stm32l1xx_it.o
 .debug_frame   0x00002748       0x38 Src\system_stm32l1xx.o
 .debug_frame   0x00002780       0x2c d:/program files (x86)/truestudio for stm32 9.0.1/armtools/bin/../lib/gcc/arm-atollic-eabi/6.3.1/../../../../arm-atollic-eabi/lib/armv7-m\libc_nano.a(lib_a-init.o)
 .debug_frame   0x000027ac       0x7c d:/program files (x86)/truestudio for stm32 9.0.1/armtools/bin/../lib/gcc/arm-atollic-eabi/6.3.1/../../../../arm-atollic-eabi/lib/armv7-m\libc_nano.a(lib_a-snprintf.o)
 .debug_frame   0x00002828       0x70 d:/program files (x86)/truestudio for stm32 9.0.1/armtools/bin/../lib/gcc/arm-atollic-eabi/6.3.1/../../../../arm-atollic-eabi/lib/armv7-m\libc_nano.a(lib_a-sprintf.o)
 .debug_frame   0x00002898       0x90 d:/program files (x86)/truestudio for stm32 9.0.1/armtools/bin/../lib/gcc/arm-atollic-eabi/6.3.1/../../../../arm-atollic-eabi/lib/armv7-m\libc_nano.a(lib_a-nano-svfprintf.o)
 .debug_frame   0x00002928       0x60 d:/program files (x86)/truestudio for stm32 9.0.1/armtools/bin/../lib/gcc/arm-atollic-eabi/6.3.1/../../../../arm-atollic-eabi/lib/armv7-m\libc_nano.a(lib_a-nano-vfprintf_i.o)
 .debug_frame   0x00002988       0x28 d:/program files (x86)/truestudio for stm32 9.0.1/armtools/bin/../lib/gcc/arm-atollic-eabi/6.3.1/../../../../arm-atollic-eabi/lib/armv7-m\libc_nano.a(lib_a-memchr-stub.o)
 .debug_frame   0x000029b0       0x28 d:/program files (x86)/truestudio for stm32 9.0.1/armtools/bin/../lib/gcc/arm-atollic-eabi/6.3.1/../../../../arm-atollic-eabi/lib/armv7-m\libc_nano.a(lib_a-memcpy-stub.o)
 .debug_frame   0x000029d8       0x28 d:/program files (x86)/truestudio for stm32 9.0.1/armtools/bin/../lib/gcc/arm-atollic-eabi/6.3.1/../../../../arm-atollic-eabi/lib/armv7-m\libc_nano.a(lib_a-memmove.o)
 .debug_frame   0x00002a00       0x38 d:/program files (x86)/truestudio for stm32 9.0.1/armtools/bin/../lib/gcc/arm-atollic-eabi/6.3.1/../../../../arm-atollic-eabi/lib/armv7-m\libc_nano.a(lib_a-nano-freer.o)
 .debug_frame   0x00002a38       0x2c d:/program files (x86)/truestudio for stm32 9.0.1/armtools/bin/../lib/gcc/arm-atollic-eabi/6.3.1/../../../../arm-atollic-eabi/lib/armv7-m\libc_nano.a(lib_a-nano-mallocr.o)
 .debug_frame   0x00002a64       0x3c d:/program files (x86)/truestudio for stm32 9.0.1/armtools/bin/../lib/gcc/arm-atollic-eabi/6.3.1/../../../../arm-atollic-eabi/lib/armv7-m\libc_nano.a(lib_a-nano-reallocr.o)
 .debug_frame   0x00002aa0       0x2c d:/program files (x86)/truestudio for stm32 9.0.1/armtools/bin/../lib/gcc/arm-atollic-eabi/6.3.1/../../../../arm-atollic-eabi/lib/armv7-m\libc_nano.a(lib_a-sbrkr.o)
 .debug_frame   0x00002acc       0x30 d:/program files (x86)/truestudio for stm32 9.0.1/armtools/bin/../lib/gcc/arm-atollic-eabi/6.3.1/../../../../arm-atollic-eabi/lib/armv7-m\libc_nano.a(lib_a-mlock.o)
 .debug_frame   0x00002afc       0x20 d:/program files (x86)/truestudio for stm32 9.0.1/armtools/bin/../lib/gcc/arm-atollic-eabi/6.3.1/../../../../arm-atollic-eabi/lib/armv7-m\libc_nano.a(lib_a-nano-msizer.o)
 .debug_frame   0x00002b1c       0x5c d:/program files (x86)/truestudio for stm32 9.0.1/armtools/bin/../lib/gcc/arm-atollic-eabi/6.3.1/../../../../arm-atollic-eabi/lib/armv7-m\libc_nano.a(lib_a-reent.o)
 .debug_frame   0x00002b78       0x20 d:/program files (x86)/truestudio for stm32 9.0.1/armtools/bin/../lib/gcc/arm-atollic-eabi/6.3.1/../../../../arm-atollic-eabi/lib/armv7-m\libnosys.a(sbrk.o)
