stm32l1xx_hal_sd.c:2919:28:SD_CmdResp2Error	0	static
stm32l1xx_hal_sd.c:3298:28:SD_IsCardProgramming	40	static
stm32l1xx_hal_sd.c:2739:28:SD_CmdResp1Error	16	static
stm32l1xx_hal_sd.c:3176:28:SD_FindSCR	80	static
stm32l1xx_hal_sd.c:417:13:HAL_SD_MspInit	0	static
stm32l1xx_hal_sd.c:432:13:HAL_SD_MspDeInit	0	static
stm32l1xx_hal_sd.c:399:19:HAL_SD_DeInit	8	static
stm32l1xx_hal_sd.c:874:21:HAL_SD_ReadBlocks_DMA	72	static
stm32l1xx_hal_sd.c:991:21:HAL_SD_WriteBlocks_DMA	72	static
stm32l1xx_hal_sd.c:1230:21:HAL_SD_Erase	56	static
stm32l1xx_hal_sd.c:1407:13:HAL_SD_XferCpltCallback	0	static
stm32l1xx_hal_sd.c:1422:13:HAL_SD_XferErrorCallback	0	static
stm32l1xx_hal_sd.c:1334:6:HAL_SD_IRQHandler	8	static
stm32l1xx_hal_sd.c:1438:13:HAL_SD_DMA_RxCpltCallback	0	static
stm32l1xx_hal_sd.c:2251:13:SD_DMA_RxCplt	8	static
stm32l1xx_hal_sd.c:1454:13:HAL_SD_DMA_RxErrorCallback	0	static
stm32l1xx_hal_sd.c:2276:13:SD_DMA_RxError	8	static
stm32l1xx_hal_sd.c:1470:13:HAL_SD_DMA_TxCpltCallback	0	static
stm32l1xx_hal_sd.c:2290:13:SD_DMA_TxCplt	8	static
stm32l1xx_hal_sd.c:1486:13:HAL_SD_DMA_TxErrorCallback	0	static
stm32l1xx_hal_sd.c:2315:13:SD_DMA_TxError	8	static
stm32l1xx_hal_sd.c:1522:21:HAL_SD_Get_CardInfo	28	static
stm32l1xx_hal_sd.c:344:21:HAL_SD_Init	104	static
stm32l1xx_hal_sd.c:1738:21:HAL_SD_WideBusOperation_Config	72	static
stm32l1xx_hal_sd.c:1801:21:HAL_SD_StopTransfer	40	static
stm32l1xx_hal_sd.c:472:21:HAL_SD_ReadBlocks	80	static
stm32l1xx_hal_sd.c:656:21:HAL_SD_WriteBlocks	88	static
stm32l1xx_hal_sd.c:1107:21:HAL_SD_CheckReadOperation	16	static
stm32l1xx_hal_sd.c:1828:21:HAL_SD_HighSpeed	152	static
stm32l1xx_hal_sd.c:1991:21:HAL_SD_SendSDStatus	80	static
stm32l1xx_hal_sd.c:2127:29:HAL_SD_GetStatus	40	static
stm32l1xx_hal_sd.c:1167:21:HAL_SD_CheckWriteOperation	16	static
stm32l1xx_hal_sd.c:2156:21:HAL_SD_GetCardStatus	72	static
