stm32l1xx_ll_sdmmc.c:214:19:SDIO_Init	8	static
stm32l1xx_ll_sdmmc.c:266:10:SDIO_ReadFIFO	0	static
stm32l1xx_ll_sdmmc.c:278:19:SDIO_WriteFIFO	0	static
stm32l1xx_ll_sdmmc.c:310:19:SDIO_PowerState_ON	0	static
stm32l1xx_ll_sdmmc.c:323:19:SDIO_PowerState_OFF	0	static
stm32l1xx_ll_sdmmc.c:340:10:SDIO_GetPowerState	0	static
stm32l1xx_ll_sdmmc.c:353:19:SDIO_SendCommand	8	static
stm32l1xx_ll_sdmmc.c:383:9:SDIO_GetCommandResponse	0	static
stm32l1xx_ll_sdmmc.c:399:10:SDIO_GetResponse	8	static
stm32l1xx_ll_sdmmc.c:420:19:SDIO_DataConfig	8	static
stm32l1xx_ll_sdmmc.c:455:10:SDIO_GetDataCounter	0	static
stm32l1xx_ll_sdmmc.c:465:10:SDIO_GetFIFOCount	0	static
stm32l1xx_ll_sdmmc.c:479:19:SDIO_SetSDIOReadWaitMode	0	static
