stm32l1xx_hal_adc.c:756:13:HAL_ADC_MspInit	0	static
stm32l1xx_hal_adc.c:385:19:HAL_ADC_Init	32	static
stm32l1xx_hal_adc.c:771:13:HAL_ADC_MspDeInit	0	static
stm32l1xx_hal_adc.c:936:19:HAL_ADC_PollForConversion	16	static
stm32l1xx_hal_adc.c:1029:19:HAL_ADC_PollForEvent	24	static
stm32l1xx_hal_adc.c:1389:10:HAL_ADC_GetValue	0	static
stm32l1xx_hal_adc.c:1549:13:HAL_ADC_ConvCpltCallback	0	static
stm32l1xx_hal_adc.c:1996:13:ADC_DMAConvCplt	8	static
stm32l1xx_hal_adc.c:1564:13:HAL_ADC_ConvHalfCpltCallback	0	static
stm32l1xx_hal_adc.c:2048:13:ADC_DMAHalfConvCplt	8	static
stm32l1xx_hal_adc.c:1579:13:HAL_ADC_LevelOutOfWindowCallback	0	static
stm32l1xx_hal_adc.c:1601:13:HAL_ADC_ErrorCallback	0	static
stm32l1xx_hal_adc.c:2062:13:ADC_DMAError	8	static
stm32l1xx_hal_adc.c:1406:6:HAL_ADC_IRQHandler	16	static
stm32l1xx_hal_adc.c:1650:19:HAL_ADC_ConfigChannel	24	static
stm32l1xx_hal_adc.c:1775:19:HAL_ADC_AnalogWDGConfig	12	static
stm32l1xx_hal_adc.c:1862:10:HAL_ADC_GetState	0	static
stm32l1xx_hal_adc.c:1873:10:HAL_ADC_GetError	0	static
stm32l1xx_hal_adc.c:1903:19:ADC_Enable	24	static
stm32l1xx_hal_adc.c:813:19:HAL_ADC_Start	8	static
stm32l1xx_hal_adc.c:1099:19:HAL_ADC_Start_IT	8	static
stm32l1xx_hal_adc.c:1221:19:HAL_ADC_Start_DMA	24	static
stm32l1xx_hal_adc.c:1958:19:ADC_ConversionStop_Disable	16	static
stm32l1xx_hal_adc.c:617:19:HAL_ADC_DeInit	16	static
stm32l1xx_hal_adc.c:888:19:HAL_ADC_Stop	8	static
stm32l1xx_hal_adc.c:1175:19:HAL_ADC_Stop_IT	8	static
stm32l1xx_hal_adc.c:1321:19:HAL_ADC_Stop_DMA	8	static
