stm32l1xx_hal.c:206:13:HAL_MspInit	0	static
stm32l1xx_hal.c:217:13:HAL_MspDeInit	0	static
stm32l1xx_hal.c:183:19:HAL_DeInit	8	static
stm32l1xx_hal.c:240:26:HAL_InitTick	8	static
stm32l1xx_hal.c:157:19:HAL_Init	8	static
stm32l1xx_hal.c:288:13:HAL_IncTick	0	static
stm32l1xx_hal.c:299:17:HAL_GetTick	0	static
stm32l1xx_hal.c:315:13:HAL_Delay	16	static
stm32l1xx_hal.c:334:13:HAL_SuspendTick	0	static
stm32l1xx_hal.c:350:13:HAL_ResumeTick	0	static
stm32l1xx_hal.c:360:10:HAL_GetHalVersion	0	static
stm32l1xx_hal.c:369:10:HAL_GetREVID	0	static
stm32l1xx_hal.c:378:10:HAL_GetDEVID	0	static
stm32l1xx_hal.c:387:6:HAL_DBGMCU_EnableDBGSleepMode	0	static
stm32l1xx_hal.c:396:6:HAL_DBGMCU_DisableDBGSleepMode	0	static
stm32l1xx_hal.c:405:6:HAL_DBGMCU_EnableDBGStopMode	0	static
stm32l1xx_hal.c:414:6:HAL_DBGMCU_DisableDBGStopMode	0	static
stm32l1xx_hal.c:423:6:HAL_DBGMCU_EnableDBGStandbyMode	0	static
stm32l1xx_hal.c:432:6:HAL_DBGMCU_DisableDBGStandbyMode	0	static
