stm32l1xx_hal_uart.c:1875:13:UART_SetConfig	32	static
stm32l1xx_hal_uart.c:1662:26:UART_WaitOnFlagUntilTimeout.constprop	24	static
stm32l1xx_hal_uart.c:538:14:HAL_UART_MspInit	0	static
stm32l1xx_hal_uart.c:250:19:HAL_UART_Init	8	static
stm32l1xx_hal_uart.c:312:19:HAL_HalfDuplex_Init	8	static
stm32l1xx_hal_uart.c:372:19:HAL_LIN_Init	16	static
stm32l1xx_hal_uart.c:438:19:HAL_MultiProcessor_Init	16	static
stm32l1xx_hal_uart.c:554:14:HAL_UART_MspDeInit	0	static
stm32l1xx_hal_uart.c:500:19:HAL_UART_DeInit	16	static
stm32l1xx_hal_uart.c:634:19:HAL_UART_Transmit	16	static
stm32l1xx_hal_uart.c:728:19:HAL_UART_Receive	16	static
stm32l1xx_hal_uart.c:827:19:HAL_UART_Transmit_IT	0	static
stm32l1xx_hal_uart.c:879:19:HAL_UART_Receive_IT	0	static
stm32l1xx_hal_uart.c:937:19:HAL_UART_Transmit_DMA	8	static
stm32l1xx_hal_uart.c:1009:19:HAL_UART_Receive_DMA	16	static
stm32l1xx_hal_uart.c:1073:19:HAL_UART_DMAPause	0	static
stm32l1xx_hal_uart.c:1113:19:HAL_UART_DMAResume	8	static
stm32l1xx_hal_uart.c:1157:19:HAL_UART_DMAStop	8	static
stm32l1xx_hal_uart.c:1266:14:HAL_UART_TxCpltCallback	0	static
stm32l1xx_hal_uart.c:1558:13:UART_DMATransmitCplt	8	static
stm32l1xx_hal_uart.c:1282:14:HAL_UART_TxHalfCpltCallback	0	static
stm32l1xx_hal_uart.c:1586:13:UART_DMATxHalfCplt	8	static
stm32l1xx_hal_uart.c:1298:13:HAL_UART_RxCpltCallback	0	static
stm32l1xx_hal_uart.c:1599:13:UART_DMAReceiveCplt	8	static
stm32l1xx_hal_uart.c:1314:13:HAL_UART_RxHalfCpltCallback	0	static
stm32l1xx_hal_uart.c:1630:13:UART_DMARxHalfCplt	8	static
stm32l1xx_hal_uart.c:1330:14:HAL_UART_ErrorCallback	0	static
stm32l1xx_hal_uart.c:1643:13:UART_DMAError	8	static
stm32l1xx_hal_uart.c:1190:6:HAL_UART_IRQHandler	16	static
stm32l1xx_hal_uart.c:1369:19:HAL_LIN_SendBreak	0	static
stm32l1xx_hal_uart.c:1396:19:HAL_MultiProcessor_EnterMuteMode	0	static
stm32l1xx_hal_uart.c:1423:19:HAL_MultiProcessor_ExitMuteMode	0	static
stm32l1xx_hal_uart.c:1450:19:HAL_HalfDuplex_EnableTransmitter	0	static
stm32l1xx_hal_uart.c:1476:19:HAL_HalfDuplex_EnableReceiver	0	static
stm32l1xx_hal_uart.c:1524:23:HAL_UART_GetState	0	static
stm32l1xx_hal_uart.c:1535:10:HAL_UART_GetError	0	static
