stm32l1xx_hal_adc_ex.c:130:19:HAL_ADCEx_InjectedStart	8	static
stm32l1xx_hal_adc_ex.c:202:19:HAL_ADCEx_InjectedStop	8	static
stm32l1xx_hal_adc_ex.c:255:19:HAL_ADCEx_InjectedPollForConversion	24	static
stm32l1xx_hal_adc_ex.c:390:19:HAL_ADCEx_InjectedStart_IT	8	static
stm32l1xx_hal_adc_ex.c:465:19:HAL_ADCEx_InjectedStop_IT	8	static
stm32l1xx_hal_adc_ex.c:543:10:HAL_ADCEx_InjectedGetValue	0	static
stm32l1xx_hal_adc_ex.c:578:13:HAL_ADCEx_InjectedConvCpltCallback	0	static
stm32l1xx_hal_adc_ex.c:620:19:HAL_ADCEx_InjectedConfigChannel	32	static
