bsp_driver_sd.c:61:9:BSP_SD_Init	16	static
bsp_driver_sd.c:90:9:BSP_SD_ITConfig	0	static
bsp_driver_sd.c:110:13:BSP_SD_DetectCallback	0	static
bsp_driver_sd.c:100:6:BSP_SD_DetectIT	8	static
bsp_driver_sd.c:126:9:BSP_SD_ReadBlocks	16	static
bsp_driver_sd.c:148:9:BSP_SD_WriteBlocks	16	static
bsp_driver_sd.c:170:9:BSP_SD_ReadBlocks_DMA	16	static
bsp_driver_sd.c:204:9:BSP_SD_WriteBlocks_DMA	16	static
bsp_driver_sd.c:236:9:BSP_SD_Erase	16	static
bsp_driver_sd.c:254:6:BSP_SD_IRQHandler	0	static
bsp_driver_sd.c:263:6:BSP_SD_DMA_Tx_IRQHandler	0	static
bsp_driver_sd.c:272:6:BSP_SD_DMA_Rx_IRQHandler	0	static
bsp_driver_sd.c:285:29:BSP_SD_GetStatus	0	static
bsp_driver_sd.c:294:6:BSP_SD_GetCardInfo	0	static
bsp_driver_sd.c:306:9:BSP_SD_IsDetected	8	static
