dwt_stm32_delay.h:25:22:DWT_Delay_us	24	static
stm32l1xx_hal_liquid_crystal.c:338:6:_lcd_init_pins	80	static
stm32l1xx_hal_liquid_crystal.c:376:6:_lcd_enable_pulse	8	static
stm32l1xx_hal_liquid_crystal.c:310:6:_lcd_send_command_4_bit	16	static
stm32l1xx_hal_liquid_crystal.c:290:6:_lcd_send_command	8	static
stm32l1xx_hal_liquid_crystal.c:217:6:LCD_Clear	8	static
stm32l1xx_hal_liquid_crystal.c:231:6:LCD_DisplayOn	0	static
stm32l1xx_hal_liquid_crystal.c:236:6:LCD_DisplayOff	0	static
stm32l1xx_hal_liquid_crystal.c:241:6:LCD_BlinkOn	0	static
stm32l1xx_hal_liquid_crystal.c:246:6:LCD_BlinkOff	0	static
stm32l1xx_hal_liquid_crystal.c:251:6:LCD_CursorOn	0	static
stm32l1xx_hal_liquid_crystal.c:256:6:LCD_CursorOff	0	static
stm32l1xx_hal_liquid_crystal.c:261:6:LCD_ScrollLeft	0	static
stm32l1xx_hal_liquid_crystal.c:265:6:LCD_ScrollRight	0	static
stm32l1xx_hal_liquid_crystal.c:320:6:_lcd_cursor_set	8	static
stm32l1xx_hal_liquid_crystal.c:43:6:LCD_Init	16	static
stm32l1xx_hal_liquid_crystal.c:300:6:_lcd_send_data	8	static
stm32l1xx_hal_liquid_crystal.c:100:6:LCD_PrintString	16	static
stm32l1xx_hal_liquid_crystal.c:199:6:LCD_PrintNumber	72	static
stm32l1xx_hal_liquid_crystal.c:211:6:LCD_PrintFloat	80	static
stm32l1xx_hal_liquid_crystal.c:222:6:LCD_ClearArea	24	static
stm32l1xx_hal_liquid_crystal.c:142:6:LCD_PrintStringWindow	48	static
stm32l1xx_hal_liquid_crystal.c:269:6:LCD_CreateChar	16	static
stm32l1xx_hal_liquid_crystal.c:280:6:LCD_PutCustom	8	static
